I20250803 14:36:29.193360 14686 sk_generator.cpp:552] ScanAndEncodeIndex: Finish scan and encode index on range#3 for table:test.add_skip_stage_before_fetch of ng#0 with pk items: 0
I20250803 14:36:29.194695 14686 sk_generator.cpp:292] ProcessTask: Finished generate index from range#3 for base table: test.add_skip_stage_before_fetch of ng#0 with result: NO_ERROR
I20250803 14:36:29.195000 14685 tx_index_operation.cpp:2240] Generate sk task successfully for this batch ranges. Base table: test.add_skip_stage_before_fetch
I20250803 14:36:29.195020 14685 tx_index_operation.cpp:2245] Generate sk batch task finished. Base table: test.add_skip_stage_before_fetch
I20250803 14:36:29.195261 14577 tx_index_operation.cpp:817] Alter Table Indedx no need to perform flush sk operation for this batch range task for base table: test.add_skip_stage_before_fetch. Txn: 4294967378
I20250803 14:36:29.195291 14577 tx_index_operation.cpp:1028] Alter Table Index transaction lock cluster config, txn: 4294967378
I20250803 14:36:29.195468 14577 tx_index_operation.cpp:222] Alter Table Index transaction post acquire all write lock, txn: 4294967378
I20250803 14:36:29.195600 14577 tx_index_operation.cpp:1170] Alter Table Index transaction write commit log, txn: 4294967378
I20250803 14:36:29.198940 14577 tx_index_operation.cpp:1302] Alter Table Index transaction commit dirty table schema, txn: 4294967378
I20250803 14:36:29.199431 14577 tx_index_operation.cpp:1533] Alter Table Index transaction write clean log, txn: 4294967378
I20250803 14:36:29.203905 14521 rocksdb_cloud_data_store.h:124] Compaction end, job_id: 68 ,thread: 14521 ,output_level: 6 ,input_files_size: 6 ,compaction_reason: 1
I20250803 14:36:32.710351 14517 log_state_rocksdb_cloud_impl.cpp:1418] Total memtables size: 0 MB
I20250803 14:36:32.710434 14517 log_state_rocksdb_cloud_impl.cpp:1419] Total SSTables size used in replay: 0 MB
I20250803 14:36:32.710448 14517 log_state_rocksdb_cloud_impl.cpp:1423] Total replay log size: 0 MB
I20250803 14:36:32.746152 14528 cc_request.h:2763] ccs 0 memory usage report, committed 57188224, allocated 56248920, frag ratio 1.6 , heap full: 0
I20250803 14:36:32.746208 14528 cc_request.h:2763] ccs 1 memory usage report, committed 58930352, allocated 57047736, frag ratio 3.2 , heap full: 0
I20250803 14:36:32.746233 14528 local_cc_shards.h:475] Table range memory report: allocated 13344, committed 40384, full: 0
I20250803 14:36:32.746404 14528 checkpointer.cpp:228] Begin checkpoint with timestamp: 1754231790729474. The memory usage of node is: 110641 KB.
I20250803 14:36:32.750031 14557 local_cc_shards.cpp:3668] No items need to be sync in this round data sync of range#608 for table: featureDocument. Finish this task directly.
I20250803 14:36:32.752437 14558 local_cc_shards.cpp:3668] No items need to be sync in this round data sync of range#2473 for table: test.add_skip_stage_before_fetch*$$a_1_b_1_c_1. Finish this task directly.
I20250803 14:36:32.752955 14557 local_cc_shards.cpp:3881] AllocateFlushDataMemQuota old_usage: 0 new_usage: 89 quota: 644245094 flight_tasks: 1 of range: 1128 for table: admin.system.version
I20250803 14:36:32.753114 14556 local_cc_shards.cpp:3668] No items need to be sync in this round data sync of range#3 for table: test.add_skip_stage_before_fetch. Finish this task directly.
I20250803 14:36:32.763104 14556 local_cc_shards.cpp:3668] No items need to be sync in this round data sync of range#2395 for table: test.multikey_index*$$a_1. Finish this task directly.
I20250803 14:36:32.767587 14558 local_cc_shards.cpp:3881] AllocateFlushDataMemQuota old_usage: 89 new_usage: 495 quota: 644245094 flight_tasks: 1 of range: 2205 for table: __sequence_table
I20250803 14:36:32.767822 14556 local_cc_shards.cpp:3668] No items need to be sync in this round data sync of range#2970 for table: test.multikey_index*$$b_1. Finish this task directly.
I20250803 14:36:32.770845 14557 local_cc_shards.cpp:3881] AllocateFlushDataMemQuota old_usage: 495 new_usage: 719 quota: 644245094 flight_tasks: 1 of range: 2068 for table: test.multikey_index
I20250803 14:36:32.773135 14557 data_sync_task.cpp:215] Flushing current flush buffer after all scan tasks are finished
I20250803 14:36:32.801425 14550 dead_lock_check.cpp:160] [Global dead lock detector]: gather lock dependancy information
I20250803 14:36:32.805645 14554 data_store_service_client.cpp:488] DataStoreHandler::PersistKV success.
I20250803 14:36:32.805646 14465 rocksdb_cloud_data_store.cpp:1170] FlushData successfully.
I20250803 14:36:32.817350 14554 local_cc_shards.cpp:5493] DelocateFlushDataMemQuota old_usage: 719 new_usage: 0 quota: 644245094
I20250803 14:36:32.819448 14554 data_sync_task.cpp:117] Checkpoint of node group #0 succeeded with timestamp: 1754231790729474
I20250803 14:36:32.822961 14458 rocksdb_cloud_data_store.cpp:1245] DeleteRange successfully.
I20250803 14:36:32.826285 14462 rocksdb_cloud_data_store.cpp:1245] DeleteRange successfully.
I20250803 14:36:32.827456 14450 rocksdb_cloud_data_store.cpp:1245] DeleteRange successfully.
I20250803 14:36:32.828516 14453 rocksdb_cloud_data_store.cpp:1245] DeleteRange successfully.
I20250803 14:36:32.829253 14459 rocksdb_cloud_data_store.cpp:1245] DeleteRange successfully.
I20250803 14:36:32.830202 14465 rocksdb_cloud_data_store.cpp:1245] DeleteRange successfully.
I20250803 14:36:40.597971 14577 tx_operation.cpp:2449] txn: 4294967423 process acquire_all_intent_op_
I20250803 14:36:40.598222 14577 tx_operation.cpp:2505] txn: 4294967423 process prepare_log_op_
I20250803 14:36:40.602864 14577 tx_operation.cpp:2585] txn: 4294967423 process post_all_intent_op_
I20250803 14:36:40.653932 14522 rocksdb_cloud_data_store.h:113] Compaction begin, job_id: 73 ,thread: 14522 ,output_level: 6 ,input_files_size: 8 ,compaction_reason: 1
I20250803 14:36:40.654007 14577 tx_operation.cpp:2829] txn: 4294967423 process update_sequence_table_op_
I20250803 14:36:40.655539 14577 tx_operation.cpp:2984] txn: 4294967423 process commit_log_op_
I20250803 14:36:40.660414 14577 tx_operation.cpp:3210] txn: 4294967423 process clean_log_op_
I20250803 14:36:40.672727 14577 tx_index_operation.cpp:198] Alter Table Index transaction lock cluster config , txn: 4294967427
I20250803 14:36:40.672963 14577 tx_index_operation.cpp:234] Alter Table Index transaction prepare acquire all write intent, txn: 4294967427
I20250803 14:36:40.673101 14577 tx_index_operation.cpp:271] Alter Table Index transaction prepare acquire all write lock, txn: 4294967427
I20250803 14:36:40.673174 14577 tx_index_operation.cpp:314] Alter Table Index transaction write prepare log, txn: 4294967427. The schema version: 1754231800640652
I20250803 14:36:40.675714 14522 rocksdb_cloud_data_store.h:124] Compaction end, job_id: 73 ,thread: 14522 ,output_level: 6 ,input_files_size: 8 ,compaction_reason: 1
I20250803 14:36:40.676653 14577 tx_index_operation.cpp:378] Alter Table Index transaction install dirty table schema, txn: 4294967427
I20250803 14:36:40.678023 14577 tx_index_operation.cpp:452] Alter Table Index transaction release cluster config lock, txn: 4294967427
I20250803 14:36:40.678094 14577 tx_index_operation.cpp:477] Alter Table Index transaction upsert data store info for base table: agg_hint.test, txn: 4294967427
I20250803 14:36:40.701894 14523 rocksdb_cloud_data_store.h:113] Compaction begin, job_id: 75 ,thread: 14523 ,output_level: 6 ,input_files_size: 1 ,compaction_reason: 1
I20250803 14:36:40.715744 14523 rocksdb_cloud_data_store.h:124] Compaction end, job_id: 75 ,thread: 14523 ,output_level: 6 ,input_files_size: 1 ,compaction_reason: 1
I20250803 14:36:40.728534 14524 rocksdb_cloud_data_store.h:113] Compaction begin, job_id: 77 ,thread: 14524 ,output_level: 6 ,input_files_size: 2 ,compaction_reason: 1
I20250803 14:36:40.728600 14577 tx_index_operation.cpp:547] Alter Table Index transaction init range id for table: agg_hint.test, txn: 4294967427
I20250803 14:36:40.729964 14577 tx_index_operation.cpp:626] Alter Table Index transaction start generate sk with the parallelism: 3 of each node group for table: agg_hint.test, txn: 4294967427
I20250803 14:36:40.731462 14694 tx_index_operation.cpp:2178] Process this batch task for table: agg_hint.test of range ids: 289,. Acquire range lock txn: 44
I20250803 14:36:40.731603 14695 sk_generator.cpp:167] ProcessTask: Generate index on range#289 for base table: agg_hint.test of ng#0
I20250803 14:36:40.733021 14695 sk_generator.cpp:552] ScanAndEncodeIndex: Finish scan and encode index on range#289 for table:agg_hint.test of ng#0 with pk items: 0
I20250803 14:36:40.734331 14695 sk_generator.cpp:292] ProcessTask: Finished generate index from range#289 for base table: agg_hint.test of ng#0 with result: NO_ERROR
I20250803 14:36:40.734642 14694 tx_index_operation.cpp:2240] Generate sk task successfully for this batch ranges. Base table: agg_hint.test
I20250803 14:36:40.734656 14694 tx_index_operation.cpp:2245] Generate sk batch task finished. Base table: agg_hint.test
I20250803 14:36:40.734877 14577 tx_index_operation.cpp:817] Alter Table Indedx no need to perform flush sk operation for this batch range task for base table: agg_hint.test. Txn: 4294967427
I20250803 14:36:40.734899 14577 tx_index_operation.cpp:1028] Alter Table Index transaction lock cluster config, txn: 4294967427
I20250803 14:36:40.735011 14577 tx_index_operation.cpp:222] Alter Table Index transaction post acquire all write lock, txn: 4294967427
I20250803 14:36:40.735103 14577 tx_index_operation.cpp:1170] Alter Table Index transaction write commit log, txn: 4294967427
I20250803 14:36:40.738241 14577 tx_index_operation.cpp:1302] Alter Table Index transaction commit dirty table schema, txn: 4294967427
I20250803 14:36:40.738653 14577 tx_index_operation.cpp:1533] Alter Table Index transaction write clean log, txn: 4294967427
I20250803 14:36:40.750553 14524 rocksdb_cloud_data_store.h:124] Compaction end, job_id: 77 ,thread: 14524 ,output_level: 6 ,input_files_size: 2 ,compaction_reason: 1
I20250803 14:36:40.827224 14577 tx_operation.cpp:2449] txn: 4294967437 process acquire_all_intent_op_
I20250803 14:36:40.827461 14577 tx_operation.cpp:2505] txn: 4294967437 process prepare_log_op_
I20250803 14:36:40.831367 14577 tx_operation.cpp:2585] txn: 4294967437 process post_all_intent_op_
I20250803 14:36:40.831557 14577 tx_operation.cpp:2624] txn: 4294967437 process acquire_all_lock_op_
I20250803 14:36:40.831657 14577 tx_operation.cpp:2984] txn: 4294967437 process commit_log_op_
I20250803 14:36:40.834674 14577 tx_operation.cpp:3055] txn: 4294967437 process upsert_kv_table_op_
I20250803 14:36:40.834743 14503 data_store_service_client.cpp:2698] DropTableWithRetry for table: ta37415ae-1c73-48d8-afc3-8a4666e5010f
I20250803 14:36:40.860359 14472 rocksdb_cloud_data_store.h:113] Compaction begin, job_id: 79 ,thread: 14472 ,output_level: 6 ,input_files_size: 1 ,compaction_reason: 1
I20250803 14:36:40.860450 14462 rocksdb_cloud_data_store.cpp:1544] DropTable successfully.
I20250803 14:36:40.860469 14503 data_store_service_client.cpp:2698] DropTableWithRetry for table: i7c5102da-a724-4480-b573-6e3d0c0c7d08
I20250803 14:36:40.875483 14472 rocksdb_cloud_data_store.h:124] Compaction end, job_id: 79 ,thread: 14472 ,output_level: 6 ,input_files_size: 1 ,compaction_reason: 1
I20250803 14:36:40.888199 14473 rocksdb_cloud_data_store.h:113] Compaction begin, job_id: 81 ,thread: 14473 ,output_level: 6 ,input_files_size: 2 ,compaction_reason: 1
I20250803 14:36:40.888264 14463 rocksdb_cloud_data_store.cpp:1544] DropTable successfully.
I20250803 14:36:40.889708 14465 rocksdb_cloud_data_store.cpp:1245] DeleteRange successfully.
I20250803 14:36:40.889802 14450 rocksdb_cloud_data_store.cpp:1245] DeleteRange successfully.
I20250803 14:36:40.889883 14464 rocksdb_cloud_data_store.cpp:1245] DeleteRange successfully.
I20250803 14:36:40.889954 14451 rocksdb_cloud_data_store.cpp:1245] DeleteRange successfully.
I20250803 14:36:40.889992 14452 rocksdb_cloud_data_store.cpp:1245] DeleteRange successfully.
I20250803 14:36:40.890080 14454 rocksdb_cloud_data_store.cpp:1245] DeleteRange successfully.
I20250803 14:36:40.912024 14473 rocksdb_cloud_data_store.h:124] Compaction end, job_id: 81 ,thread: 14473 ,output_level: 6 ,input_files_size: 2 ,compaction_reason: 1
I20250803 14:36:40.924988 14525 rocksdb_cloud_data_store.h:113] Compaction begin, job_id: 83 ,thread: 14525 ,output_level: 6 ,input_files_size: 8 ,compaction_reason: 1
I20250803 14:36:40.925067 14577 tx_operation.cpp:2829] txn: 4294967437 process update_sequence_table_op_
I20250803 14:36:40.926349 14577 tx_operation.cpp:2929] UpsertTableOp: Clean all ccmap on all node groups, txn: 4294967437
I20250803 14:36:40.926374 14577 tx_operation.cpp:2935] txn: 4294967437 process clean_ccm_op_
I20250803 14:36:40.926541 14577 tx_operation.cpp:3113] txn: 4294967437 process post_all_lock_op_
I20250803 14:36:40.926957 14577 tx_operation.cpp:3210] txn: 4294967437 process clean_log_op_
I20250803 14:36:40.936165 14577 tx_operation.cpp:2449] txn: 4294967439 process acquire_all_intent_op_
I20250803 14:36:40.936364 14577 tx_operation.cpp:2505] txn: 4294967439 process prepare_log_op_
I20250803 14:36:40.939607 14577 tx_operation.cpp:2585] txn: 4294967439 process post_all_intent_op_
I20250803 14:36:40.953253 14525 rocksdb_cloud_data_store.h:124] Compaction end, job_id: 83 ,thread: 14525 ,output_level: 6 ,input_files_size: 8 ,compaction_reason: 1
I20250803 14:36:40.990602 14577 tx_operation.cpp:2829] txn: 4294967439 process update_sequence_table_op_
I20250803 14:36:40.991938 14577 tx_operation.cpp:2984] txn: 4294967439 process commit_log_op_
I20250803 14:36:40.995780 14577 tx_operation.cpp:3210] txn: 4294967439 process clean_log_op_
I20250803 14:36:41.007598 14577 tx_index_operation.cpp:198] Alter Table Index transaction lock cluster config , txn: 4294967442
I20250803 14:36:41.007819 14577 tx_index_operation.cpp:234] Alter Table Index transaction prepare acquire all write intent, txn: 4294967442
I20250803 14:36:41.007951 14577 tx_index_operation.cpp:271] Alter Table Index transaction prepare acquire all write lock, txn: 4294967442
I20250803 14:36:41.008020 14577 tx_index_operation.cpp:314] Alter Table Index transaction write prepare log, txn: 4294967442. The schema version: 1754231800940864
I20250803 14:36:41.011152 14577 tx_index_operation.cpp:378] Alter Table Index transaction install dirty table schema, txn: 4294967442
I20250803 14:36:41.012337 14577 tx_index_operation.cpp:452] Alter Table Index transaction release cluster config lock, txn: 4294967442
I20250803 14:36:41.012424 14577 tx_index_operation.cpp:477] Alter Table Index transaction upsert data store info for base table: agg_hint.test, txn: 4294967442
I20250803 14:36:41.060226 14471 rocksdb_cloud_data_store.h:113] Compaction begin, job_id: 88 ,thread: 14471 ,output_level: 6 ,input_files_size: 2 ,compaction_reason: 1
I20250803 14:36:41.060271 14577 tx_index_operation.cpp:547] Alter Table Index transaction init range id for table: agg_hint.test, txn: 4294967442
I20250803 14:36:41.061087 14577 tx_index_operation.cpp:626] Alter Table Index transaction start generate sk with the parallelism: 3 of each node group for table: agg_hint.test, txn: 4294967442
I20250803 14:36:41.061512 14699 tx_index_operation.cpp:2178] Process this batch task for table: agg_hint.test of range ids: 289,. Acquire range lock txn: 47
I20250803 14:36:41.061631 14700 sk_generator.cpp:167] ProcessTask: Generate index on range#289 for base table: agg_hint.test of ng#0
I20250803 14:36:41.063602 14700 sk_generator.cpp:552] ScanAndEncodeIndex: Finish scan and encode index on range#289 for table:agg_hint.test of ng#0 with pk items: 0
I20250803 14:36:41.064903 14700 sk_generator.cpp:292] ProcessTask: Finished generate index from range#289 for base table: agg_hint.test of ng#0 with result: NO_ERROR
I20250803 14:36:41.065203 14699 tx_index_operation.cpp:2240] Generate sk task successfully for this batch ranges. Base table: agg_hint.test
I20250803 14:36:41.065222 14699 tx_index_operation.cpp:2245] Generate sk batch task finished. Base table: agg_hint.test
I20250803 14:36:41.065454 14577 tx_index_operation.cpp:817] Alter Table Indedx no need to perform flush sk operation for this batch range task for base table: agg_hint.test. Txn: 4294967442
I20250803 14:36:41.065485 14577 tx_index_operation.cpp:1028] Alter Table Index transaction lock cluster config, txn: 4294967442
I20250803 14:36:41.065594 14577 tx_index_operation.cpp:222] Alter Table Index transaction post acquire all write lock, txn: 4294967442
I20250803 14:36:41.065681 14577 tx_index_operation.cpp:1170] Alter Table Index transaction write commit log, txn: 4294967442
I20250803 14:36:41.068862 14577 tx_index_operation.cpp:1302] Alter Table Index transaction commit dirty table schema, txn: 4294967442
I20250803 14:36:41.069227 14577 tx_index_operation.cpp:1533] Alter Table Index transaction write clean log, txn: 4294967442
I20250803 14:36:41.073195 14471 rocksdb_cloud_data_store.h:124] Compaction end, job_id: 88 ,thread: 14471 ,output_level: 6 ,input_files_size: 2 ,compaction_reason: 1
I20250803 14:36:41.166702 14577 tx_operation.cpp:2449] txn: 4294967452 process acquire_all_intent_op_
I20250803 14:36:41.166949 14577 tx_operation.cpp:2505] txn: 4294967452 process prepare_log_op_
I20250803 14:36:41.170687 14577 tx_operation.cpp:2585] txn: 4294967452 process post_all_intent_op_
I20250803 14:36:41.170881 14577 tx_operation.cpp:2624] txn: 4294967452 process acquire_all_lock_op_
I20250803 14:36:41.170989 14577 tx_operation.cpp:2984] txn: 4294967452 process commit_log_op_
I20250803 14:36:41.173995 14577 tx_operation.cpp:3055] txn: 4294967452 process upsert_kv_table_op_
I20250803 14:36:41.174072 14503 data_store_service_client.cpp:2698] DropTableWithRetry for table: td6e564ce-bbfb-42ed-8a55-1568be88e0fb
I20250803 14:36:41.198904 14460 rocksdb_cloud_data_store.cpp:1544] DropTable successfully.
I20250803 14:36:41.198915 14503 data_store_service_client.cpp:2698] DropTableWithRetry for table: i23738ca1-30b8-4889-917e-742b09bddb0b
I20250803 14:36:41.222318 14520 rocksdb_cloud_data_store.h:113] Compaction begin, job_id: 91 ,thread: 14520 ,output_level: 6 ,input_files_size: 2 ,compaction_reason: 1
I20250803 14:36:41.222363 14461 rocksdb_cloud_data_store.cpp:1544] DropTable successfully.
I20250803 14:36:41.228156 14462 rocksdb_cloud_data_store.cpp:1245] DeleteRange successfully.
I20250803 14:36:41.228224 14463 rocksdb_cloud_data_store.cpp:1245] DeleteRange successfully.
I20250803 14:36:41.228283 14465 rocksdb_cloud_data_store.cpp:1245] DeleteRange successfully.
I20250803 14:36:41.228335 14450 rocksdb_cloud_data_store.cpp:1245] DeleteRange successfully.
I20250803 14:36:41.228430 14464 rocksdb_cloud_data_store.cpp:1245] DeleteRange successfully.
I20250803 14:36:41.228494 14451 rocksdb_cloud_data_store.cpp:1245] DeleteRange successfully.
I20250803 14:36:41.249742 14520 rocksdb_cloud_data_store.h:124] Compaction end, job_id: 91 ,thread: 14520 ,output_level: 6 ,input_files_size: 2 ,compaction_reason: 1
I20250803 14:36:41.262881 14521 rocksdb_cloud_data_store.h:113] Compaction begin, job_id: 93 ,thread: 14521 ,output_level: 6 ,input_files_size: 6 ,compaction_reason: 1
I20250803 14:36:41.262990 14577 tx_operation.cpp:2829] txn: 4294967452 process update_sequence_table_op_
I20250803 14:36:41.264228 14577 tx_operation.cpp:2929] UpsertTableOp: Clean all ccmap on all node groups, txn: 4294967452
I20250803 14:36:41.264251 14577 tx_operation.cpp:2935] txn: 4294967452 process clean_ccm_op_
I20250803 14:36:41.264358 14577 tx_operation.cpp:3113] txn: 4294967452 process post_all_lock_op_
I20250803 14:36:41.264765 14577 tx_operation.cpp:3210] txn: 4294967452 process clean_log_op_
I20250803 14:36:41.274174 14577 tx_operation.cpp:2449] txn: 4294967453 process acquire_all_intent_op_
I20250803 14:36:41.274397 14577 tx_operation.cpp:2505] txn: 4294967453 process prepare_log_op_
I20250803 14:36:41.277902 14577 tx_operation.cpp:2585] txn: 4294967453 process post_all_intent_op_
I20250803 14:36:41.291795 14521 rocksdb_cloud_data_store.h:124] Compaction end, job_id: 93 ,thread: 14521 ,output_level: 6 ,input_files_size: 6 ,compaction_reason: 1
I20250803 14:36:41.328945 14577 tx_operation.cpp:2829] txn: 4294967453 process update_sequence_table_op_
I20250803 14:36:41.330300 14577 tx_operation.cpp:2984] txn: 4294967453 process commit_log_op_
I20250803 14:36:41.334074 14577 tx_operation.cpp:3210] txn: 4294967453 process clean_log_op_
I20250803 14:36:41.346021 14577 tx_index_operation.cpp:198] Alter Table Index transaction lock cluster config , txn: 4294967457
I20250803 14:36:41.346243 14577 tx_index_operation.cpp:234] Alter Table Index transaction prepare acquire all write intent, txn: 4294967457
I20250803 14:36:41.346391 14577 tx_index_operation.cpp:271] Alter Table Index transaction prepare acquire all write lock, txn: 4294967457
I20250803 14:36:41.346484 14577 tx_index_operation.cpp:314] Alter Table Index transaction write prepare log, txn: 4294967457. The schema version: 1754231801341160
I20250803 14:36:41.349606 14577 tx_index_operation.cpp:378] Alter Table Index transaction install dirty table schema, txn: 4294967457
I20250803 14:36:41.350857 14577 tx_index_operation.cpp:452] Alter Table Index transaction release cluster config lock, txn: 4294967457
I20250803 14:36:41.350930 14577 tx_index_operation.cpp:477] Alter Table Index transaction upsert data store info for base table: agg_hint.test, txn: 4294967457
I20250803 14:36:41.375203 14522 rocksdb_cloud_data_store.h:113] Compaction begin, job_id: 97 ,thread: 14522 ,output_level: 6 ,input_files_size: 1 ,compaction_reason: 1
I20250803 14:36:41.389842 14522 rocksdb_cloud_data_store.h:124] Compaction end, job_id: 97 ,thread: 14522 ,output_level: 6 ,input_files_size: 1 ,compaction_reason: 1
I20250803 14:36:41.402871 14523 rocksdb_cloud_data_store.h:113] Compaction begin, job_id: 99 ,thread: 14523 ,output_level: 6 ,input_files_size: 2 ,compaction_reason: 1
I20250803 14:36:41.402928 14577 tx_index_operation.cpp:547] Alter Table Index transaction init range id for table: agg_hint.test, txn: 4294967457
I20250803 14:36:41.403817 14577 tx_index_operation.cpp:626] Alter Table Index transaction start generate sk with the parallelism: 3 of each node group for table: agg_hint.test, txn: 4294967457
I20250803 14:36:41.404230 14704 tx_index_operation.cpp:2178] Process this batch task for table: agg_hint.test of range ids: 289,. Acquire range lock txn: 4294967458
I20250803 14:36:41.404392 14705 sk_generator.cpp:167] ProcessTask: Generate index on range#289 for base table: agg_hint.test of ng#0
I20250803 14:36:41.406292 14705 sk_generator.cpp:552] ScanAndEncodeIndex: Finish scan and encode index on range#289 for table:agg_hint.test of ng#0 with pk items: 0
I20250803 14:36:41.407665 14705 sk_generator.cpp:292] ProcessTask: Finished generate index from range#289 for base table: agg_hint.test of ng#0 with result: NO_ERROR
I20250803 14:36:41.407969 14704 tx_index_operation.cpp:2240] Generate sk task successfully for this batch ranges. Base table: agg_hint.test
I20250803 14:36:41.407985 14704 tx_index_operation.cpp:2245] Generate sk batch task finished. Base table: agg_hint.test
I20250803 14:36:41.408210 14577 tx_index_operation.cpp:817] Alter Table Indedx no need to perform flush sk operation for this batch range task for base table: agg_hint.test. Txn: 4294967457
I20250803 14:36:41.408231 14577 tx_index_operation.cpp:1028] Alter Table Index transaction lock cluster config, txn: 4294967457
I20250803 14:36:41.408334 14577 tx_index_operation.cpp:222] Alter Table Index transaction post acquire all write lock, txn: 4294967457
I20250803 14:36:41.408442 14577 tx_index_operation.cpp:1170] Alter Table Index transaction write commit log, txn: 4294967457
I20250803 14:36:41.411655 14577 tx_index_operation.cpp:1302] Alter Table Index transaction commit dirty table schema, txn: 4294967457
I20250803 14:36:41.412035 14577 tx_index_operation.cpp:1533] Alter Table Index transaction write clean log, txn: 4294967457
I20250803 14:36:41.415759 14523 rocksdb_cloud_data_store.h:124] Compaction end, job_id: 99 ,thread: 14523 ,output_level: 6 ,input_files_size: 2 ,compaction_reason: 1
I20250803 14:36:41.434149 14577 tx_index_operation.cpp:198] Alter Table Index transaction lock cluster config , txn: 4294967462
I20250803 14:36:41.434296 14577 tx_index_operation.cpp:234] Alter Table Index transaction prepare acquire all write intent, txn: 4294967462
I20250803 14:36:41.434444 14577 tx_index_operation.cpp:271] Alter Table Index transaction prepare acquire all write lock, txn: 4294967462
I20250803 14:36:41.434525 14577 tx_index_operation.cpp:314] Alter Table Index transaction write prepare log, txn: 4294967462. The schema version: 1754231801341170
I20250803 14:36:41.437852 14577 tx_index_operation.cpp:378] Alter Table Index transaction install dirty table schema, txn: 4294967462
I20250803 14:36:41.439255 14577 tx_index_operation.cpp:452] Alter Table Index transaction release cluster config lock, txn: 4294967462
I20250803 14:36:41.439323 14577 tx_index_operation.cpp:477] Alter Table Index transaction upsert data store info for base table: agg_hint.test, txn: 4294967462
I20250803 14:36:41.488135 14524 rocksdb_cloud_data_store.h:113] Compaction begin, job_id: 102 ,thread: 14524 ,output_level: 6 ,input_files_size: 3 ,compaction_reason: 1
I20250803 14:36:41.488189 14577 tx_index_operation.cpp:547] Alter Table Index transaction init range id for table: agg_hint.test, txn: 4294967462
I20250803 14:36:41.489526 14577 tx_index_operation.cpp:626] Alter Table Index transaction start generate sk with the parallelism: 3 of each node group for table: agg_hint.test, txn: 4294967462
I20250803 14:36:41.490947 14707 tx_index_operation.cpp:2178] Process this batch task for table: agg_hint.test of range ids: 289,. Acquire range lock txn: 52
I20250803 14:36:41.491025 14708 sk_generator.cpp:167] ProcessTask: Generate index on range#289 for base table: agg_hint.test of ng#0
I20250803 14:36:41.492334 14708 sk_generator.cpp:552] ScanAndEncodeIndex: Finish scan and encode index on range#289 for table:agg_hint.test of ng#0 with pk items: 0
I20250803 14:36:41.493647 14708 sk_generator.cpp:292] ProcessTask: Finished generate index from range#289 for base table: agg_hint.test of ng#0 with result: NO_ERROR
I20250803 14:36:41.493942 14707 tx_index_operation.cpp:2240] Generate sk task successfully for this batch ranges. Base table: agg_hint.test
I20250803 14:36:41.493956 14707 tx_index_operation.cpp:2245] Generate sk batch task finished. Base table: agg_hint.test
I20250803 14:36:41.494179 14577 tx_index_operation.cpp:817] Alter Table Indedx no need to perform flush sk operation for this batch range task for base table: agg_hint.test. Txn: 4294967462
I20250803 14:36:41.494200 14577 tx_index_operation.cpp:1028] Alter Table Index transaction lock cluster config, txn: 4294967462
I20250803 14:36:41.494314 14577 tx_index_operation.cpp:222] Alter Table Index transaction post acquire all write lock, txn: 4294967462
I20250803 14:36:41.494421 14577 tx_index_operation.cpp:1170] Alter Table Index transaction write commit log, txn: 4294967462
I20250803 14:36:41.497608 14577 tx_index_operation.cpp:1302] Alter Table Index transaction commit dirty table schema, txn: 4294967462
I20250803 14:36:41.498054 14577 tx_index_operation.cpp:1533] Alter Table Index transaction write clean log, txn: 4294967462
I20250803 14:36:41.510187 14524 rocksdb_cloud_data_store.h:124] Compaction end, job_id: 102 ,thread: 14524 ,output_level: 6 ,input_files_size: 3 ,compaction_reason: 1
I20250803 14:36:41.602097 14577 tx_operation.cpp:2449] txn: 4294967474 process acquire_all_intent_op_
I20250803 14:36:41.602295 14577 tx_operation.cpp:2505] txn: 4294967474 process prepare_log_op_
I20250803 14:36:41.605893 14577 tx_operation.cpp:2585] txn: 4294967474 process post_all_intent_op_
I20250803 14:36:41.606062 14577 tx_operation.cpp:2624] txn: 4294967474 process acquire_all_lock_op_
I20250803 14:36:41.606160 14577 tx_operation.cpp:2984] txn: 4294967474 process commit_log_op_
I20250803 14:36:41.609180 14577 tx_operation.cpp:3055] txn: 4294967474 process upsert_kv_table_op_
I20250803 14:36:41.609242 14503 data_store_service_client.cpp:2698] DropTableWithRetry for table: t60b744ae-967a-4c42-8ea1-85d44c7c3d00
I20250803 14:36:41.633431 14472 rocksdb_cloud_data_store.h:113] Compaction begin, job_id: 104 ,thread: 14472 ,output_level: 6 ,input_files_size: 2 ,compaction_reason: 1
I20250803 14:36:41.633498 14462 rocksdb_cloud_data_store.cpp:1544] DropTable successfully.
I20250803 14:36:41.633513 14503 data_store_service_client.cpp:2698] DropTableWithRetry for table: i0ab759cd-c4c5-4496-a797-08af5087bae3
I20250803 14:36:41.656685 14472 rocksdb_cloud_data_store.h:124] Compaction end, job_id: 104 ,thread: 14472 ,output_level: 6 ,input_files_size: 2 ,compaction_reason: 1
I20250803 14:36:41.669656 14473 rocksdb_cloud_data_store.h:113] Compaction begin, job_id: 106 ,thread: 14473 ,output_level: 6 ,input_files_size: 2 ,compaction_reason: 1
I20250803 14:36:41.669706 14503 data_store_service_client.cpp:2698] DropTableWithRetry for table: ie478f757-e860-4a0a-a98a-aecf73505425
I20250803 14:36:41.669693 14463 rocksdb_cloud_data_store.cpp:1544] DropTable successfully.
I20250803 14:36:41.692747 14473 rocksdb_cloud_data_store.h:124] Compaction end, job_id: 106 ,thread: 14473 ,output_level: 6 ,input_files_size: 2 ,compaction_reason: 1
I20250803 14:36:41.705767 14525 rocksdb_cloud_data_store.h:113] Compaction begin, job_id: 108 ,thread: 14525 ,output_level: 6 ,input_files_size: 2 ,compaction_reason: 1
I20250803 14:36:41.705816 14465 rocksdb_cloud_data_store.cpp:1544] DropTable successfully.
I20250803 14:36:41.709524 14465 rocksdb_cloud_data_store.cpp:1245] DeleteRange successfully.
I20250803 14:36:41.709589 14464 rocksdb_cloud_data_store.cpp:1245] DeleteRange successfully.
I20250803 14:36:41.709668 14451 rocksdb_cloud_data_store.cpp:1245] DeleteRange successfully.
I20250803 14:36:41.709724 14452 rocksdb_cloud_data_store.cpp:1245] DeleteRange successfully.
I20250803 14:36:41.709810 14454 rocksdb_cloud_data_store.cpp:1245] DeleteRange successfully.
I20250803 14:36:41.709856 14453 rocksdb_cloud_data_store.cpp:1245] DeleteRange successfully.
I20250803 14:36:41.709929 14455 rocksdb_cloud_data_store.cpp:1245] DeleteRange successfully.
I20250803 14:36:41.710003 14456 rocksdb_cloud_data_store.cpp:1245] DeleteRange successfully.
I20250803 14:36:41.731065 14525 rocksdb_cloud_data_store.h:124] Compaction end, job_id: 108 ,thread: 14525 ,output_level: 6 ,input_files_size: 2 ,compaction_reason: 1
I20250803 14:36:41.744035 14471 rocksdb_cloud_data_store.h:113] Compaction begin, job_id: 110 ,thread: 14471 ,output_level: 6 ,input_files_size: 6 ,compaction_reason: 1
I20250803 14:36:41.744105 14577 tx_operation.cpp:2829] txn: 4294967474 process update_sequence_table_op_
I20250803 14:36:41.745239 14577 tx_operation.cpp:2929] UpsertTableOp: Clean all ccmap on all node groups, txn: 4294967474
I20250803 14:36:41.745262 14577 tx_operation.cpp:2935] txn: 4294967474 process clean_ccm_op_
I20250803 14:36:41.745424 14577 tx_operation.cpp:3113] txn: 4294967474 process post_all_lock_op_
I20250803 14:36:41.745867 14577 tx_operation.cpp:3210] txn: 4294967474 process clean_log_op_
I20250803 14:36:41.755192 14577 tx_operation.cpp:2449] txn: 4294967476 process acquire_all_intent_op_
I20250803 14:36:41.755398 14577 tx_operation.cpp:2505] txn: 4294967476 process prepare_log_op_
I20250803 14:36:41.758680 14577 tx_operation.cpp:2585] txn: 4294967476 process post_all_intent_op_
I20250803 14:36:41.772035 14471 rocksdb_cloud_data_store.h:124] Compaction end, job_id: 110 ,thread: 14471 ,output_level: 6 ,input_files_size: 6 ,compaction_reason: 1
I20250803 14:36:41.809118 14577 tx_operation.cpp:2829] txn: 4294967476 process update_sequence_table_op_
I20250803 14:36:41.810580 14577 tx_operation.cpp:2984] txn: 4294967476 process commit_log_op_
I20250803 14:36:41.814365 14577 tx_operation.cpp:3210] txn: 4294967476 process clean_log_op_
I20250803 14:36:41.826467 14577 tx_index_operation.cpp:198] Alter Table Index transaction lock cluster config , txn: 4294967480
I20250803 14:36:41.826704 14577 tx_index_operation.cpp:234] Alter Table Index transaction prepare acquire all write intent, txn: 4294967480
I20250803 14:36:41.826836 14577 tx_index_operation.cpp:271] Alter Table Index transaction prepare acquire all write lock, txn: 4294967480
I20250803 14:36:41.826908 14577 tx_index_operation.cpp:314] Alter Table Index transaction write prepare log, txn: 4294967480. The schema version: 1754231801741490
I20250803 14:36:41.830204 14577 tx_index_operation.cpp:378] Alter Table Index transaction install dirty table schema, txn: 4294967480
I20250803 14:36:41.831454 14577 tx_index_operation.cpp:452] Alter Table Index transaction release cluster config lock, txn: 4294967480
I20250803 14:36:41.831524 14577 tx_index_operation.cpp:477] Alter Table Index transaction upsert data store info for base table: agg_hint.test, txn: 4294967480
I20250803 14:36:41.879750 14520 rocksdb_cloud_data_store.h:113] Compaction begin, job_id: 115 ,thread: 14520 ,output_level: 6 ,input_files_size: 2 ,compaction_reason: 1
I20250803 14:36:41.879801 14577 tx_index_operation.cpp:547] Alter Table Index transaction init range id for table: agg_hint.test, txn: 4294967480
I20250803 14:36:41.880666 14577 tx_index_operation.cpp:626] Alter Table Index transaction start generate sk with the parallelism: 3 of each node group for table: agg_hint.test, txn: 4294967480
I20250803 14:36:41.881085 14712 tx_index_operation.cpp:2178] Process this batch task for table: agg_hint.test of range ids: 289,. Acquire range lock txn: 4294967482
I20250803 14:36:41.881237 14713 sk_generator.cpp:167] ProcessTask: Generate index on range#289 for base table: agg_hint.test of ng#0
I20250803 14:36:41.882637 14713 sk_generator.cpp:552] ScanAndEncodeIndex: Finish scan and encode index on range#289 for table:agg_hint.test of ng#0 with pk items: 0
I20250803 14:36:41.883949 14713 sk_generator.cpp:292] ProcessTask: Finished generate index from range#289 for base table: agg_hint.test of ng#0 with result: NO_ERROR
I20250803 14:36:41.884249 14712 tx_index_operation.cpp:2240] Generate sk task successfully for this batch ranges. Base table: agg_hint.test
I20250803 14:36:41.884271 14712 tx_index_operation.cpp:2245] Generate sk batch task finished. Base table: agg_hint.test
I20250803 14:36:41.884510 14577 tx_index_operation.cpp:817] Alter Table Indedx no need to perform flush sk operation for this batch range task for base table: agg_hint.test. Txn: 4294967480
I20250803 14:36:41.884534 14577 tx_index_operation.cpp:1028] Alter Table Index transaction lock cluster config, txn: 4294967480
I20250803 14:36:41.884654 14577 tx_index_operation.cpp:222] Alter Table Index transaction post acquire all write lock, txn: 4294967480
I20250803 14:36:41.884744 14577 tx_index_operation.cpp:1170] Alter Table Index transaction write commit log, txn: 4294967480
I20250803 14:36:41.887858 14577 tx_index_operation.cpp:1302] Alter Table Index transaction commit dirty table schema, txn: 4294967480
I20250803 14:36:41.888242 14577 tx_index_operation.cpp:1533] Alter Table Index transaction write clean log, txn: 4294967480
I20250803 14:36:41.892794 14520 rocksdb_cloud_data_store.h:124] Compaction end, job_id: 115 ,thread: 14520 ,output_level: 6 ,input_files_size: 2 ,compaction_reason: 1
I20250803 14:36:41.910611 14577 tx_index_operation.cpp:198] Alter Table Index transaction lock cluster config , txn: 4294967487
I20250803 14:36:41.910775 14577 tx_index_operation.cpp:234] Alter Table Index transaction prepare acquire all write intent, txn: 4294967487
I20250803 14:36:41.910905 14577 tx_index_operation.cpp:271] Alter Table Index transaction prepare acquire all write lock, txn: 4294967487
I20250803 14:36:41.910974 14577 tx_index_operation.cpp:314] Alter Table Index transaction write prepare log, txn: 4294967487. The schema version: 1754231801841567
I20250803 14:36:41.914206 14577 tx_index_operation.cpp:378] Alter Table Index transaction install dirty table schema, txn: 4294967487
I20250803 14:36:41.915642 14577 tx_index_operation.cpp:452] Alter Table Index transaction release cluster config lock, txn: 4294967487
I20250803 14:36:41.915717 14577 tx_index_operation.cpp:477] Alter Table Index transaction upsert data store info for base table: agg_hint.test, txn: 4294967487
I20250803 14:36:41.964524 14521 rocksdb_cloud_data_store.h:113] Compaction begin, job_id: 118 ,thread: 14521 ,output_level: 6 ,input_files_size: 3 ,compaction_reason: 1
I20250803 14:36:41.964593 14577 tx_index_operation.cpp:547] Alter Table Index transaction init range id for table: agg_hint.test, txn: 4294967487
I20250803 14:36:41.965902 14577 tx_index_operation.cpp:626] Alter Table Index transaction start generate sk with the parallelism: 3 of each node group for table: agg_hint.test, txn: 4294967487
I20250803 14:36:41.967306 14715 tx_index_operation.cpp:2178] Process this batch task for table: agg_hint.test of range ids: 289,. Acquire range lock txn: 4294967489
I20250803 14:36:41.967399 14716 sk_generator.cpp:167] ProcessTask: Generate index on range#289 for base table: agg_hint.test of ng#0
I20250803 14:36:41.968755 14716 sk_generator.cpp:552] ScanAndEncodeIndex: Finish scan and encode index on range#289 for table:agg_hint.test of ng#0 with pk items: 0
I20250803 14:36:41.970065 14716 sk_generator.cpp:292] ProcessTask: Finished generate index from range#289 for base table: agg_hint.test of ng#0 with result: NO_ERROR
I20250803 14:36:41.970355 14715 tx_index_operation.cpp:2240] Generate sk task successfully for this batch ranges. Base table: agg_hint.test
I20250803 14:36:41.970369 14715 tx_index_operation.cpp:2245] Generate sk batch task finished. Base table: agg_hint.test
I20250803 14:36:41.970602 14577 tx_index_operation.cpp:817] Alter Table Indedx no need to perform flush sk operation for this batch range task for base table: agg_hint.test. Txn: 4294967487
I20250803 14:36:41.970626 14577 tx_index_operation.cpp:1028] Alter Table Index transaction lock cluster config, txn: 4294967487
I20250803 14:36:41.970736 14577 tx_index_operation.cpp:222] Alter Table Index transaction post acquire all write lock, txn: 4294967487
I20250803 14:36:41.970824 14577 tx_index_operation.cpp:1170] Alter Table Index transaction write commit log, txn: 4294967487
I20250803 14:36:41.973933 14577 tx_index_operation.cpp:1302] Alter Table Index transaction commit dirty table schema, txn: 4294967487
I20250803 14:36:41.974396 14577 tx_index_operation.cpp:1533] Alter Table Index transaction write clean log, txn: 4294967487
I20250803 14:36:41.986467 14521 rocksdb_cloud_data_store.h:124] Compaction end, job_id: 118 ,thread: 14521 ,output_level: 6 ,input_files_size: 3 ,compaction_reason: 1
I20250803 14:36:42.080933 14577 tx_operation.cpp:2449] txn: 4294967499 process acquire_all_intent_op_
I20250803 14:36:42.081148 14577 tx_operation.cpp:2505] txn: 4294967499 process prepare_log_op_
I20250803 14:36:42.086521 14577 tx_operation.cpp:2585] txn: 4294967499 process post_all_intent_op_
I20250803 14:36:42.086684 14577 tx_operation.cpp:2624] txn: 4294967499 process acquire_all_lock_op_
I20250803 14:36:42.086781 14577 tx_operation.cpp:2984] txn: 4294967499 process commit_log_op_
I20250803 14:36:42.091069 14577 tx_operation.cpp:3055] txn: 4294967499 process upsert_kv_table_op_
I20250803 14:36:42.091136 14503 data_store_service_client.cpp:2698] DropTableWithRetry for table: t803bb392-b558-4785-83e3-a5f731d82435
I20250803 14:36:42.118476 14522 rocksdb_cloud_data_store.h:113] Compaction begin, job_id: 120 ,thread: 14522 ,output_level: 6 ,input_files_size: 1 ,compaction_reason: 1
I20250803 14:36:42.118531 14451 rocksdb_cloud_data_store.cpp:1544] DropTable successfully.
I20250803 14:36:42.118549 14503 data_store_service_client.cpp:2698] DropTableWithRetry for table: i7102561a-c4ea-4262-8b41-dd6aa8589bf7
I20250803 14:36:42.134621 14522 rocksdb_cloud_data_store.h:124] Compaction end, job_id: 120 ,thread: 14522 ,output_level: 6 ,input_files_size: 1 ,compaction_reason: 1
I20250803 14:36:42.148736 14523 rocksdb_cloud_data_store.h:113] Compaction begin, job_id: 122 ,thread: 14523 ,output_level: 6 ,input_files_size: 2 ,compaction_reason: 1
I20250803 14:36:42.148778 14452 rocksdb_cloud_data_store.cpp:1544] DropTable successfully.
I20250803 14:36:42.148792 14503 data_store_service_client.cpp:2698] DropTableWithRetry for table: i16d8a362-fc79-4c83-a353-62b178790d59
I20250803 14:36:42.176612 14454 rocksdb_cloud_data_store.cpp:1544] DropTable successfully.
I20250803 14:36:42.190678 14453 rocksdb_cloud_data_store.cpp:1245] DeleteRange successfully.
I20250803 14:36:42.190737 14453 rocksdb_cloud_data_store.cpp:1245] DeleteRange successfully.
I20250803 14:36:42.190825 14456 rocksdb_cloud_data_store.cpp:1245] DeleteRange successfully.
I20250803 14:36:42.190897 14457 rocksdb_cloud_data_store.cpp:1245] DeleteRange successfully.
I20250803 14:36:42.190954 14458 rocksdb_cloud_data_store.cpp:1245] DeleteRange successfully.
I20250803 14:36:42.191033 14459 rocksdb_cloud_data_store.cpp:1245] DeleteRange successfully.
I20250803 14:36:42.191102 14460 rocksdb_cloud_data_store.cpp:1245] DeleteRange successfully.
I20250803 14:36:42.191155 14461 rocksdb_cloud_data_store.cpp:1245] DeleteRange successfully.
I20250803 14:36:42.203241 14523 rocksdb_cloud_data_store.h:124] Compaction end, job_id: 122 ,thread: 14523 ,output_level: 6 ,input_files_size: 2 ,compaction_reason: 1
I20250803 14:36:42.203305 14473 rocksdb_cloud_data_store.h:113] Compaction begin, job_id: 127 ,thread: 14473 ,output_level: 6 ,input_files_size: 2 ,compaction_reason: 1
I20250803 14:36:42.220592 14577 tx_operation.cpp:2829] txn: 4294967499 process update_sequence_table_op_
I20250803 14:36:42.221755 14577 tx_operation.cpp:2929] UpsertTableOp: Clean all ccmap on all node groups, txn: 4294967499
I20250803 14:36:42.222947 14577 tx_operation.cpp:2935] txn: 4294967499 process clean_ccm_op_
I20250803 14:36:42.223102 14577 tx_operation.cpp:3113] txn: 4294967499 process post_all_lock_op_
I20250803 14:36:42.223548 14577 tx_operation.cpp:3210] txn: 4294967499 process clean_log_op_
I20250803 14:36:42.233800 14473 rocksdb_cloud_data_store.h:124] Compaction end, job_id: 127 ,thread: 14473 ,output_level: 6 ,input_files_size: 2 ,compaction_reason: 1
I20250803 14:36:42.233865 14471 rocksdb_cloud_data_store.h:113] Compaction begin, job_id: 129 ,thread: 14471 ,output_level: 6 ,input_files_size: 6 ,compaction_reason: 1
I20250803 14:36:42.238724 14577 tx_operation.cpp:2449] txn: 4294967502 process acquire_all_intent_op_
I20250803 14:36:42.238917 14577 tx_operation.cpp:2505] txn: 4294967502 process prepare_log_op_
I20250803 14:36:42.242224 14577 tx_operation.cpp:2585] txn: 4294967502 process post_all_intent_op_
I20250803 14:36:42.258888 14471 rocksdb_cloud_data_store.h:124] Compaction end, job_id: 129 ,thread: 14471 ,output_level: 6 ,input_files_size: 6 ,compaction_reason: 1
I20250803 14:36:42.296080 14577 tx_operation.cpp:2829] txn: 4294967502 process update_sequence_table_op_
I20250803 14:36:42.297286 14577 tx_operation.cpp:2984] txn: 4294967502 process commit_log_op_
I20250803 14:36:42.301056 14577 tx_operation.cpp:3210] txn: 4294967502 process clean_log_op_
I20250803 14:36:42.312891 14577 tx_index_operation.cpp:198] Alter Table Index transaction lock cluster config , txn: 4294967505
I20250803 14:36:42.313108 14577 tx_index_operation.cpp:234] Alter Table Index transaction prepare acquire all write intent, txn: 4294967505
I20250803 14:36:42.313239 14577 tx_index_operation.cpp:271] Alter Table Index transaction prepare acquire all write lock, txn: 4294967505
I20250803 14:36:42.313311 14577 tx_index_operation.cpp:314] Alter Table Index transaction write prepare log, txn: 4294967505. The schema version: 1754231802241848
I20250803 14:36:42.316461 14577 tx_index_operation.cpp:378] Alter Table Index transaction install dirty table schema, txn: 4294967505
I20250803 14:36:42.317574 14577 tx_index_operation.cpp:452] Alter Table Index transaction release cluster config lock, txn: 4294967505
I20250803 14:36:42.317644 14577 tx_index_operation.cpp:477] Alter Table Index transaction upsert data store info for base table: agg_hint.test, txn: 4294967505
I20250803 14:36:42.367345 14520 rocksdb_cloud_data_store.h:113] Compaction begin, job_id: 134 ,thread: 14520 ,output_level: 6 ,input_files_size: 2 ,compaction_reason: 1
I20250803 14:36:42.367424 14577 tx_index_operation.cpp:547] Alter Table Index transaction init range id for table: agg_hint.test, txn: 4294967505
I20250803 14:36:42.368501 14577 tx_index_operation.cpp:626] Alter Table Index transaction start generate sk with the parallelism: 3 of each node group for table: agg_hint.test, txn: 4294967505
I20250803 14:36:42.369853 14720 tx_index_operation.cpp:2178] Process this batch task for table: agg_hint.test of range ids: 289,. Acquire range lock txn: 56
I20250803 14:36:42.370086 14721 sk_generator.cpp:167] ProcessTask: Generate index on range#289 for base table: agg_hint.test of ng#0
I20250803 14:36:42.371534 14721 sk_generator.cpp:552] ScanAndEncodeIndex: Finish scan and encode index on range#289 for table:agg_hint.test of ng#0 with pk items: 0
I20250803 14:36:42.372835 14721 sk_generator.cpp:292] ProcessTask: Finished generate index from range#289 for base table: agg_hint.test of ng#0 with result: NO_ERROR
I20250803 14:36:42.373149 14720 tx_index_operation.cpp:2240] Generate sk task successfully for this batch ranges. Base table: agg_hint.test
I20250803 14:36:42.373170 14720 tx_index_operation.cpp:2245] Generate sk batch task finished. Base table: agg_hint.test
I20250803 14:36:42.373421 14577 tx_index_operation.cpp:817] Alter Table Indedx no need to perform flush sk operation for this batch range task for base table: agg_hint.test. Txn: 4294967505
I20250803 14:36:42.373445 14577 tx_index_operation.cpp:1028] Alter Table Index transaction lock cluster config, txn: 4294967505
I20250803 14:36:42.373565 14577 tx_index_operation.cpp:222] Alter Table Index transaction post acquire all write lock, txn: 4294967505
I20250803 14:36:42.373663 14577 tx_index_operation.cpp:1170] Alter Table Index transaction write commit log, txn: 4294967505
I20250803 14:36:42.376817 14577 tx_index_operation.cpp:1302] Alter Table Index transaction commit dirty table schema, txn: 4294967505
I20250803 14:36:42.377192 14577 tx_index_operation.cpp:1533] Alter Table Index transaction write clean log, txn: 4294967505
I20250803 14:36:42.380650 14520 rocksdb_cloud_data_store.h:124] Compaction end, job_id: 134 ,thread: 14520 ,output_level: 6 ,input_files_size: 2 ,compaction_reason: 1
I20250803 14:36:42.432987 14577 tx_operation.cpp:2449] txn: 4294967513 process acquire_all_intent_op_
I20250803 14:36:42.433197 14577 tx_operation.cpp:2505] txn: 4294967513 process prepare_log_op_
I20250803 14:36:42.436403 14577 tx_operation.cpp:2585] txn: 4294967513 process post_all_intent_op_
I20250803 14:36:42.487571 14521 rocksdb_cloud_data_store.h:113] Compaction begin, job_id: 137 ,thread: 14521 ,output_level: 6 ,input_files_size: 1 ,compaction_reason: 1
I20250803 14:36:42.487656 14577 tx_operation.cpp:2829] txn: 4294967513 process update_sequence_table_op_
I20250803 14:36:42.489346 14577 tx_operation.cpp:2984] txn: 4294967513 process commit_log_op_
I20250803 14:36:42.493253 14577 tx_operation.cpp:3210] txn: 4294967513 process clean_log_op_
I20250803 14:36:42.500463 14521 rocksdb_cloud_data_store.h:124] Compaction end, job_id: 137 ,thread: 14521 ,output_level: 6 ,input_files_size: 1 ,compaction_reason: 1
I20250803 14:36:42.548897 14577 tx_operation.cpp:2449] txn: 4294967518 process acquire_all_intent_op_
I20250803 14:36:42.549110 14577 tx_operation.cpp:2505] txn: 4294967518 process prepare_log_op_
I20250803 14:36:42.552845 14577 tx_operation.cpp:2585] txn: 4294967518 process post_all_intent_op_
I20250803 14:36:42.553026 14577 tx_operation.cpp:2624] txn: 4294967518 process acquire_all_lock_op_
I20250803 14:36:42.553133 14577 tx_operation.cpp:2984] txn: 4294967518 process commit_log_op_
I20250803 14:36:42.556550 14577 tx_operation.cpp:3055] txn: 4294967518 process upsert_kv_table_op_
I20250803 14:36:42.556615 14503 data_store_service_client.cpp:2698] DropTableWithRetry for table: td7012023-e308-40a2-92a6-b64f4dbf3a6f
I20250803 14:36:42.581902 14522 rocksdb_cloud_data_store.h:113] Compaction begin, job_id: 139 ,thread: 14522 ,output_level: 6 ,input_files_size: 4 ,compaction_reason: 1
I20250803 14:36:42.581947 14456 rocksdb_cloud_data_store.cpp:1544] DropTable successfully.
I20250803 14:36:42.581964 14503 data_store_service_client.cpp:2698] DropTableWithRetry for table: i66ece45c-1a14-436a-b7ce-3e69240ba412
I20250803 14:36:42.607589 14457 rocksdb_cloud_data_store.cpp:1544] DropTable successfully.
I20250803 14:36:42.617197 14457 rocksdb_cloud_data_store.cpp:1245] DeleteRange successfully.
I20250803 14:36:42.617272 14459 rocksdb_cloud_data_store.cpp:1245] DeleteRange successfully.
I20250803 14:36:42.617350 14460 rocksdb_cloud_data_store.cpp:1245] DeleteRange successfully.
I20250803 14:36:42.617431 14461 rocksdb_cloud_data_store.cpp:1245] DeleteRange successfully.
I20250803 14:36:42.617509 14462 rocksdb_cloud_data_store.cpp:1245] DeleteRange successfully.
I20250803 14:36:42.617551 14462 rocksdb_cloud_data_store.cpp:1245] DeleteRange successfully.
I20250803 14:36:42.629827 14522 rocksdb_cloud_data_store.h:124] Compaction end, job_id: 139 ,thread: 14522 ,output_level: 6 ,input_files_size: 4 ,compaction_reason: 1
I20250803 14:36:42.646754 14577 tx_operation.cpp:2829] txn: 4294967518 process update_sequence_table_op_
I20250803 14:36:42.647837 14577 tx_operation.cpp:2929] UpsertTableOp: Clean all ccmap on all node groups, txn: 4294967518
I20250803 14:36:42.647861 14577 tx_operation.cpp:2935] txn: 4294967518 process clean_ccm_op_
I20250803 14:36:42.648005 14577 tx_operation.cpp:3113] txn: 4294967518 process post_all_lock_op_
