I20250803 14:36:51.085326 14503 data_store_service_client.cpp:2698] DropTableWithRetry for table: t7c53c023-6f17-4bf9-bc4b-bc5145a1b62f
I20250803 14:36:51.111930 14451 rocksdb_cloud_data_store.cpp:1544] DropTable successfully.
I20250803 14:36:51.112277 14451 rocksdb_cloud_data_store.cpp:1245] DeleteRange successfully.
I20250803 14:36:51.112357 14455 rocksdb_cloud_data_store.cpp:1245] DeleteRange successfully.
I20250803 14:36:51.112452 14454 rocksdb_cloud_data_store.cpp:1245] DeleteRange successfully.
I20250803 14:36:51.112515 14453 rocksdb_cloud_data_store.cpp:1245] DeleteRange successfully.
I20250803 14:36:51.142024 14525 rocksdb_cloud_data_store.h:113] Compaction begin, job_id: 222 ,thread: 14525 ,output_level: 0 ,input_files_size: 4 ,compaction_reason: 1
I20250803 14:36:51.142208 14577 tx_operation.cpp:2829] txn: 4294967810 process update_sequence_table_op_
I20250803 14:36:51.143505 14577 tx_operation.cpp:2929] UpsertTableOp: Clean all ccmap on all node groups, txn: 4294967810
I20250803 14:36:51.143539 14577 tx_operation.cpp:2935] txn: 4294967810 process clean_ccm_op_
I20250803 14:36:51.143648 14577 tx_operation.cpp:3113] txn: 4294967810 process post_all_lock_op_
I20250803 14:36:51.144073 14577 tx_operation.cpp:3210] txn: 4294967810 process clean_log_op_
I20250803 14:36:51.158664 14577 tx_operation.cpp:2449] txn: 4294967812 process acquire_all_intent_op_
I20250803 14:36:51.158927 14577 tx_operation.cpp:2505] txn: 4294967812 process prepare_log_op_
I20250803 14:36:51.162361 14577 tx_operation.cpp:2585] txn: 4294967812 process post_all_intent_op_
I20250803 14:36:51.169689 14525 rocksdb_cloud_data_store.h:124] Compaction end, job_id: 222 ,thread: 14525 ,output_level: 0 ,input_files_size: 4 ,compaction_reason: 1
I20250803 14:36:51.218047 14577 tx_operation.cpp:2829] txn: 4294967812 process update_sequence_table_op_
I20250803 14:36:51.219769 14577 tx_operation.cpp:2984] txn: 4294967812 process commit_log_op_
I20250803 14:36:51.224181 14577 tx_operation.cpp:3210] txn: 4294967812 process clean_log_op_
I20250803 14:36:51.249051 14577 tx_operation.cpp:2449] txn: 4294967814 process acquire_all_intent_op_
I20250803 14:36:51.249292 14577 tx_operation.cpp:2505] txn: 4294967814 process prepare_log_op_
I20250803 14:36:51.253599 14577 tx_operation.cpp:2585] txn: 4294967814 process post_all_intent_op_
I20250803 14:36:51.253780 14577 tx_operation.cpp:2624] txn: 4294967814 process acquire_all_lock_op_
I20250803 14:36:51.253902 14577 tx_operation.cpp:2984] txn: 4294967814 process commit_log_op_
I20250803 14:36:51.257508 14577 tx_operation.cpp:3055] txn: 4294967814 process upsert_kv_table_op_
I20250803 14:36:51.257578 14503 data_store_service_client.cpp:2698] DropTableWithRetry for table: t6bc258e8-ed91-4340-a6ed-d239367114ec
I20250803 14:36:51.283600 14473 rocksdb_cloud_data_store.h:113] Compaction begin, job_id: 226 ,thread: 14473 ,output_level: 0 ,input_files_size: 4 ,compaction_reason: 1
I20250803 14:36:51.283675 14460 rocksdb_cloud_data_store.cpp:1544] DropTable successfully.
I20250803 14:36:51.284032 14461 rocksdb_cloud_data_store.cpp:1245] DeleteRange successfully.
I20250803 14:36:51.284109 14463 rocksdb_cloud_data_store.cpp:1245] DeleteRange successfully.
I20250803 14:36:51.284178 14456 rocksdb_cloud_data_store.cpp:1245] DeleteRange successfully.
I20250803 14:36:51.284238 14465 rocksdb_cloud_data_store.cpp:1245] DeleteRange successfully.
I20250803 14:36:51.309237 14473 rocksdb_cloud_data_store.h:124] Compaction end, job_id: 226 ,thread: 14473 ,output_level: 0 ,input_files_size: 4 ,compaction_reason: 1
I20250803 14:36:51.324465 14577 tx_operation.cpp:2829] txn: 4294967814 process update_sequence_table_op_
I20250803 14:36:51.325897 14577 tx_operation.cpp:2929] UpsertTableOp: Clean all ccmap on all node groups, txn: 4294967814
I20250803 14:36:51.325932 14577 tx_operation.cpp:2935] txn: 4294967814 process clean_ccm_op_
I20250803 14:36:51.326077 14577 tx_operation.cpp:3113] txn: 4294967814 process post_all_lock_op_
I20250803 14:36:51.326581 14577 tx_operation.cpp:3210] txn: 4294967814 process clean_log_op_
I20250803 14:36:51.339193 14577 tx_operation.cpp:2449] txn: 4294967815 process acquire_all_intent_op_
I20250803 14:36:51.339455 14577 tx_operation.cpp:2505] txn: 4294967815 process prepare_log_op_
I20250803 14:36:51.343406 14577 tx_operation.cpp:2585] txn: 4294967815 process post_all_intent_op_
I20250803 14:36:51.397630 14471 rocksdb_cloud_data_store.h:113] Compaction begin, job_id: 230 ,thread: 14471 ,output_level: 0 ,input_files_size: 4 ,compaction_reason: 1
I20250803 14:36:51.397732 14577 tx_operation.cpp:2829] txn: 4294967815 process update_sequence_table_op_
I20250803 14:36:51.399777 14577 tx_operation.cpp:2984] txn: 4294967815 process commit_log_op_
I20250803 14:36:51.404247 14577 tx_operation.cpp:3210] txn: 4294967815 process clean_log_op_
I20250803 14:36:51.426191 14471 rocksdb_cloud_data_store.h:124] Compaction end, job_id: 230 ,thread: 14471 ,output_level: 0 ,input_files_size: 4 ,compaction_reason: 1
I20250803 14:36:51.435532 14577 tx_operation.cpp:2449] txn: 4294967817 process acquire_all_intent_op_
I20250803 14:36:51.435768 14577 tx_operation.cpp:2505] txn: 4294967817 process prepare_log_op_
I20250803 14:36:51.439946 14577 tx_operation.cpp:2585] txn: 4294967817 process post_all_intent_op_
I20250803 14:36:51.440135 14577 tx_operation.cpp:2624] txn: 4294967817 process acquire_all_lock_op_
I20250803 14:36:51.440236 14577 tx_operation.cpp:2984] txn: 4294967817 process commit_log_op_
I20250803 14:36:51.443492 14577 tx_operation.cpp:3055] txn: 4294967817 process upsert_kv_table_op_
I20250803 14:36:51.443571 14503 data_store_service_client.cpp:2698] DropTableWithRetry for table: tff758d2c-2c06-4ca5-8d65-13d49de492e8
I20250803 14:36:51.471503 14452 rocksdb_cloud_data_store.cpp:1544] DropTable successfully.
I20250803 14:36:51.471849 14452 rocksdb_cloud_data_store.cpp:1245] DeleteRange successfully.
I20250803 14:36:51.471937 14455 rocksdb_cloud_data_store.cpp:1245] DeleteRange successfully.
I20250803 14:36:51.472020 14454 rocksdb_cloud_data_store.cpp:1245] DeleteRange successfully.
I20250803 14:36:51.472077 14453 rocksdb_cloud_data_store.cpp:1245] DeleteRange successfully.
I20250803 14:36:51.504724 14577 tx_operation.cpp:2829] txn: 4294967817 process update_sequence_table_op_
I20250803 14:36:51.506099 14577 tx_operation.cpp:2929] UpsertTableOp: Clean all ccmap on all node groups, txn: 4294967817
I20250803 14:36:51.506132 14577 tx_operation.cpp:2935] txn: 4294967817 process clean_ccm_op_
I20250803 14:36:51.506255 14577 tx_operation.cpp:3113] txn: 4294967817 process post_all_lock_op_
I20250803 14:36:51.507094 14577 tx_operation.cpp:3210] txn: 4294967817 process clean_log_op_
I20250803 14:36:51.521741 14577 tx_operation.cpp:2449] txn: 4294967823 process acquire_all_intent_op_
I20250803 14:36:51.522020 14577 tx_operation.cpp:2505] txn: 4294967823 process prepare_log_op_
I20250803 14:36:51.525826 14577 tx_operation.cpp:2585] txn: 4294967823 process post_all_intent_op_
I20250803 14:36:51.552891 14520 rocksdb_cloud_data_store.h:113] Compaction begin, job_id: 234 ,thread: 14520 ,output_level: 0 ,input_files_size: 4 ,compaction_reason: 1
I20250803 14:36:51.577628 14577 tx_operation.cpp:2829] txn: 4294967823 process update_sequence_table_op_
I20250803 14:36:51.579103 14577 tx_operation.cpp:2984] txn: 4294967823 process commit_log_op_
I20250803 14:36:51.583515 14577 tx_operation.cpp:3210] txn: 4294967823 process clean_log_op_
I20250803 14:36:51.591838 14520 rocksdb_cloud_data_store.h:124] Compaction end, job_id: 234 ,thread: 14520 ,output_level: 0 ,input_files_size: 4 ,compaction_reason: 1
I20250803 14:36:51.613783 14577 tx_operation.cpp:2449] txn: 4294967837 process acquire_all_intent_op_
I20250803 14:36:51.614020 14577 tx_operation.cpp:2505] txn: 4294967837 process prepare_log_op_
I20250803 14:36:51.617861 14577 tx_operation.cpp:2585] txn: 4294967837 process post_all_intent_op_
I20250803 14:36:51.618033 14577 tx_operation.cpp:2624] txn: 4294967837 process acquire_all_lock_op_
I20250803 14:36:51.618137 14577 tx_operation.cpp:2984] txn: 4294967837 process commit_log_op_
I20250803 14:36:51.621363 14577 tx_operation.cpp:3055] txn: 4294967837 process upsert_kv_table_op_
I20250803 14:36:51.621450 14503 data_store_service_client.cpp:2698] DropTableWithRetry for table: t1cf2c460-d78c-4ba0-b4e7-450aebd3368c
I20250803 14:36:51.648499 14460 rocksdb_cloud_data_store.cpp:1544] DropTable successfully.
I20250803 14:36:51.648820 14461 rocksdb_cloud_data_store.cpp:1245] DeleteRange successfully.
I20250803 14:36:51.648923 14463 rocksdb_cloud_data_store.cpp:1245] DeleteRange successfully.
I20250803 14:36:51.649024 14456 rocksdb_cloud_data_store.cpp:1245] DeleteRange successfully.
I20250803 14:36:51.649106 14465 rocksdb_cloud_data_store.cpp:1245] DeleteRange successfully.
I20250803 14:36:51.677768 14521 rocksdb_cloud_data_store.h:113] Compaction begin, job_id: 238 ,thread: 14521 ,output_level: 0 ,input_files_size: 4 ,compaction_reason: 1
I20250803 14:36:51.677886 14577 tx_operation.cpp:2829] txn: 4294967837 process update_sequence_table_op_
I20250803 14:36:51.679248 14577 tx_operation.cpp:2929] UpsertTableOp: Clean all ccmap on all node groups, txn: 4294967837
I20250803 14:36:51.679270 14577 tx_operation.cpp:2935] txn: 4294967837 process clean_ccm_op_
I20250803 14:36:51.679405 14577 tx_operation.cpp:3113] txn: 4294967837 process post_all_lock_op_
I20250803 14:36:51.679852 14577 tx_operation.cpp:3210] txn: 4294967837 process clean_log_op_
I20250803 14:36:51.694015 14577 tx_operation.cpp:2449] txn: 4294967838 process acquire_all_intent_op_
I20250803 14:36:51.694250 14577 tx_operation.cpp:2505] txn: 4294967838 process prepare_log_op_
I20250803 14:36:51.697634 14577 tx_operation.cpp:2585] txn: 4294967838 process post_all_intent_op_
I20250803 14:36:51.703763 14521 rocksdb_cloud_data_store.h:124] Compaction end, job_id: 238 ,thread: 14521 ,output_level: 0 ,input_files_size: 4 ,compaction_reason: 1
I20250803 14:36:51.753218 14577 tx_operation.cpp:2829] txn: 4294967838 process update_sequence_table_op_
I20250803 14:36:51.755026 14577 tx_operation.cpp:2984] txn: 4294967838 process commit_log_op_
I20250803 14:36:51.759081 14577 tx_operation.cpp:3210] txn: 4294967838 process clean_log_op_
I20250803 14:36:51.790410 14577 tx_operation.cpp:2449] txn: 4294967842 process acquire_all_intent_op_
I20250803 14:36:51.790642 14577 tx_operation.cpp:2505] txn: 4294967842 process prepare_log_op_
I20250803 14:36:51.794625 14577 tx_operation.cpp:2585] txn: 4294967842 process post_all_intent_op_
I20250803 14:36:51.794796 14577 tx_operation.cpp:2624] txn: 4294967842 process acquire_all_lock_op_
I20250803 14:36:51.794898 14577 tx_operation.cpp:2984] txn: 4294967842 process commit_log_op_
I20250803 14:36:51.797920 14577 tx_operation.cpp:3055] txn: 4294967842 process upsert_kv_table_op_
I20250803 14:36:51.797989 14503 data_store_service_client.cpp:2698] DropTableWithRetry for table: t9544af60-df92-40ec-b946-83f991117646
I20250803 14:36:51.824602 14522 rocksdb_cloud_data_store.h:113] Compaction begin, job_id: 242 ,thread: 14522 ,output_level: 0 ,input_files_size: 4 ,compaction_reason: 1
I20250803 14:36:51.824671 14451 rocksdb_cloud_data_store.cpp:1544] DropTable successfully.
I20250803 14:36:51.825038 14452 rocksdb_cloud_data_store.cpp:1245] DeleteRange successfully.
I20250803 14:36:51.825115 14455 rocksdb_cloud_data_store.cpp:1245] DeleteRange successfully.
I20250803 14:36:51.825207 14454 rocksdb_cloud_data_store.cpp:1245] DeleteRange successfully.
I20250803 14:36:51.825258 14453 rocksdb_cloud_data_store.cpp:1245] DeleteRange successfully.
I20250803 14:36:51.852653 14522 rocksdb_cloud_data_store.h:124] Compaction end, job_id: 242 ,thread: 14522 ,output_level: 0 ,input_files_size: 4 ,compaction_reason: 1
I20250803 14:36:51.868095 14577 tx_operation.cpp:2829] txn: 4294967842 process update_sequence_table_op_
I20250803 14:36:51.869406 14577 tx_operation.cpp:2929] UpsertTableOp: Clean all ccmap on all node groups, txn: 4294967842
I20250803 14:36:51.869428 14577 tx_operation.cpp:2935] txn: 4294967842 process clean_ccm_op_
I20250803 14:36:51.869549 14577 tx_operation.cpp:3113] txn: 4294967842 process post_all_lock_op_
I20250803 14:36:51.869953 14577 tx_operation.cpp:3210] txn: 4294967842 process clean_log_op_
I20250803 14:36:51.881982 14577 tx_operation.cpp:2449] txn: 4294967843 process acquire_all_intent_op_
I20250803 14:36:51.882210 14577 tx_operation.cpp:2505] txn: 4294967843 process prepare_log_op_
I20250803 14:36:51.885557 14577 tx_operation.cpp:2585] txn: 4294967843 process post_all_intent_op_
I20250803 14:36:51.940256 14524 rocksdb_cloud_data_store.h:113] Compaction begin, job_id: 246 ,thread: 14524 ,output_level: 0 ,input_files_size: 4 ,compaction_reason: 1
I20250803 14:36:51.940366 14577 tx_operation.cpp:2829] txn: 4294967843 process update_sequence_table_op_
I20250803 14:36:51.942063 14577 tx_operation.cpp:2984] txn: 4294967843 process commit_log_op_
I20250803 14:36:51.947036 14577 tx_operation.cpp:3210] txn: 4294967843 process clean_log_op_
I20250803 14:36:51.967971 14524 rocksdb_cloud_data_store.h:124] Compaction end, job_id: 246 ,thread: 14524 ,output_level: 0 ,input_files_size: 4 ,compaction_reason: 1
I20250803 14:36:51.976729 14577 tx_operation.cpp:2449] txn: 4294967847 process acquire_all_intent_op_
I20250803 14:36:51.976943 14577 tx_operation.cpp:2505] txn: 4294967847 process prepare_log_op_
I20250803 14:36:51.980587 14577 tx_operation.cpp:2585] txn: 4294967847 process post_all_intent_op_
I20250803 14:36:51.980732 14577 tx_operation.cpp:2624] txn: 4294967847 process acquire_all_lock_op_
I20250803 14:36:51.980834 14577 tx_operation.cpp:2984] txn: 4294967847 process commit_log_op_
I20250803 14:36:51.983886 14577 tx_operation.cpp:3055] txn: 4294967847 process upsert_kv_table_op_
I20250803 14:36:51.983958 14503 data_store_service_client.cpp:2698] DropTableWithRetry for table: t108cbd1f-3f10-4a1a-8d47-9034e7b1f2f8
I20250803 14:36:52.009536 14460 rocksdb_cloud_data_store.cpp:1544] DropTable successfully.
I20250803 14:36:52.009835 14461 rocksdb_cloud_data_store.cpp:1245] DeleteRange successfully.
I20250803 14:36:52.009924 14463 rocksdb_cloud_data_store.cpp:1245] DeleteRange successfully.
I20250803 14:36:52.009996 14456 rocksdb_cloud_data_store.cpp:1245] DeleteRange successfully.
I20250803 14:36:52.010043 14456 rocksdb_cloud_data_store.cpp:1245] DeleteRange successfully.
I20250803 14:36:52.041622 14577 tx_operation.cpp:2829] txn: 4294967847 process update_sequence_table_op_
I20250803 14:36:52.042877 14577 tx_operation.cpp:2929] UpsertTableOp: Clean all ccmap on all node groups, txn: 4294967847
I20250803 14:36:52.042907 14577 tx_operation.cpp:2935] txn: 4294967847 process clean_ccm_op_
I20250803 14:36:52.043000 14577 tx_operation.cpp:3113] txn: 4294967847 process post_all_lock_op_
I20250803 14:36:52.043399 14577 tx_operation.cpp:3210] txn: 4294967847 process clean_log_op_
I20250803 14:36:52.055197 14577 tx_operation.cpp:2449] txn: 4294967849 process acquire_all_intent_op_
I20250803 14:36:52.055454 14577 tx_operation.cpp:2505] txn: 4294967849 process prepare_log_op_
I20250803 14:36:52.058804 14577 tx_operation.cpp:2585] txn: 4294967849 process post_all_intent_op_
I20250803 14:36:52.085214 14472 rocksdb_cloud_data_store.h:113] Compaction begin, job_id: 250 ,thread: 14472 ,output_level: 0 ,input_files_size: 4 ,compaction_reason: 1
I20250803 14:36:52.110211 14577 tx_operation.cpp:2829] txn: 4294967849 process update_sequence_table_op_
I20250803 14:36:52.111701 14577 tx_operation.cpp:2984] txn: 4294967849 process commit_log_op_
I20250803 14:36:52.115872 14577 tx_operation.cpp:3210] txn: 4294967849 process clean_log_op_
I20250803 14:36:52.123703 14472 rocksdb_cloud_data_store.h:124] Compaction end, job_id: 250 ,thread: 14472 ,output_level: 0 ,input_files_size: 4 ,compaction_reason: 1
I20250803 14:36:52.710767 14517 log_state_rocksdb_cloud_impl.cpp:1418] Total memtables size: 0 MB
I20250803 14:36:52.710843 14517 log_state_rocksdb_cloud_impl.cpp:1419] Total SSTables size used in replay: 0 MB
I20250803 14:36:52.710855 14517 log_state_rocksdb_cloud_impl.cpp:1423] Total replay log size: 0 MB
I20250803 14:36:52.752452 14528 cc_request.h:2763] ccs 0 memory usage report, committed 60042736, allocated 58332760, frag ratio 2.8 , heap full: 0
I20250803 14:36:52.752503 14528 cc_request.h:2763] ccs 1 memory usage report, committed 60821120, allocated 59051504, frag ratio 2.9 , heap full: 0
I20250803 14:36:52.752518 14528 local_cc_shards.h:475] Table range memory report: allocated 46448, committed 84704, full: 0
I20250803 14:36:52.752550 14528 checkpointer.cpp:228] Begin checkpoint with timestamp: 1754231810752558. The memory usage of node is: 114633 KB.
I20250803 14:36:52.754690 14557 local_cc_shards.cpp:3881] AllocateFlushDataMemQuota old_usage: 0 new_usage: 761 quota: 644245094 flight_tasks: 1 of range: 3451 for table: test.jstests_all
I20250803 14:36:52.754760 14558 local_cc_shards.cpp:3881] AllocateFlushDataMemQuota old_usage: 761 new_usage: 849 quota: 644245094 flight_tasks: 1 of range: 3738 for table: test.jstests_all3
I20250803 14:36:52.754817 14556 local_cc_shards.cpp:3881] AllocateFlushDataMemQuota old_usage: 849 new_usage: 925 quota: 644245094 flight_tasks: 1 of range: 3246 for table: agg_hint.system.views
I20250803 14:36:52.758803 14557 local_cc_shards.cpp:3881] AllocateFlushDataMemQuota old_usage: 925 new_usage: 1359 quota: 644245094 flight_tasks: 1 of range: 3478 for table: test.jstests_all*$$a_1
I20250803 14:36:52.758833 14556 local_cc_shards.cpp:3881] AllocateFlushDataMemQuota old_usage: 1359 new_usage: 1641 quota: 644245094 flight_tasks: 1 of range: 829 for table: test.aggregation_getmore_batchsize
I20250803 14:36:52.759495 14558 local_cc_shards.cpp:3881] AllocateFlushDataMemQuota old_usage: 1641 new_usage: 1787 quota: 644245094 flight_tasks: 1 of range: 3663 for table: test.jstests_all4
I20250803 14:36:52.762495 14556 local_cc_shards.cpp:3881] AllocateFlushDataMemQuota old_usage: 1787 new_usage: 2022 quota: 644245094 flight_tasks: 1 of range: 289 for table: agg_hint.test
I20250803 14:36:52.763200 14557 local_cc_shards.cpp:3881] AllocateFlushDataMemQuota old_usage: 2022 new_usage: 2116 quota: 644245094 flight_tasks: 1 of range: 2339 for table: agg_hint.test*$$x_1
I20250803 14:36:52.763250 14558 local_cc_shards.cpp:3881] AllocateFlushDataMemQuota old_usage: 2116 new_usage: 2773 quota: 644245094 flight_tasks: 1 of range: 2205 for table: __sequence_table
I20250803 14:36:52.766204 14557 local_cc_shards.cpp:3668] No items need to be sync in this round data sync of range#3736 for table: test.jstests_all5. Finish this task directly.
I20250803 14:36:52.766217 14558 local_cc_shards.cpp:3668] No items need to be sync in this round data sync of range#2163 for table: test.all2*$$name_1. Finish this task directly.
I20250803 14:36:52.766956 14556 local_cc_shards.cpp:3881] AllocateFlushDataMemQuota old_usage: 2773 new_usage: 2856 quota: 644245094 flight_tasks: 1 of range: 1316 for table: test.all2
I20250803 14:36:52.768009 14556 data_sync_task.cpp:215] Flushing current flush buffer after all scan tasks are finished
I20250803 14:36:52.775084 14577 tx_operation.cpp:2449] txn: 4294967858 process acquire_all_intent_op_
I20250803 14:36:52.775310 14577 tx_operation.cpp:2505] txn: 4294967858 process prepare_log_op_
I20250803 14:36:52.778874 14577 tx_operation.cpp:2585] txn: 4294967858 process post_all_intent_op_
I20250803 14:36:52.796212 14465 rocksdb_cloud_data_store.cpp:1170] FlushData successfully.
I20250803 14:36:52.796217 14554 data_store_service_client.cpp:488] DataStoreHandler::PersistKV success.
I20250803 14:36:52.796996 14554 local_cc_shards.cpp:5493] DelocateFlushDataMemQuota old_usage: 2856 new_usage: 0 quota: 644245094
I20250803 14:36:52.798689 14554 data_sync_task.cpp:117] Checkpoint of node group #0 succeeded with timestamp: 1754231810752558
I20250803 14:36:52.821605 14523 rocksdb_cloud_data_store.h:113] Compaction begin, job_id: 254 ,thread: 14523 ,output_level: 0 ,input_files_size: 4 ,compaction_reason: 1
I20250803 14:36:52.840396 14458 rocksdb_cloud_data_store.cpp:1245] DeleteRange successfully.
I20250803 14:36:52.842489 14459 rocksdb_cloud_data_store.cpp:1245] DeleteRange successfully.
I20250803 14:36:52.843159 14462 rocksdb_cloud_data_store.cpp:1245] DeleteRange successfully.
I20250803 14:36:52.843966 14452 rocksdb_cloud_data_store.cpp:1245] DeleteRange successfully.
I20250803 14:36:52.844424 14453 rocksdb_cloud_data_store.cpp:1245] DeleteRange successfully.
I20250803 14:36:52.844856 14460 rocksdb_cloud_data_store.cpp:1245] DeleteRange successfully.
I20250803 14:36:52.845274 14465 rocksdb_cloud_data_store.cpp:1245] DeleteRange successfully.
I20250803 14:36:52.845796 14451 rocksdb_cloud_data_store.cpp:1245] DeleteRange successfully.
I20250803 14:36:52.847129 14577 tx_operation.cpp:2829] txn: 4294967858 process update_sequence_table_op_
I20250803 14:36:52.847899 14458 rocksdb_cloud_data_store.cpp:1245] DeleteRange successfully.
I20250803 14:36:52.848367 14459 rocksdb_cloud_data_store.cpp:1245] DeleteRange successfully.
I20250803 14:36:52.848922 14462 rocksdb_cloud_data_store.cpp:1245] DeleteRange successfully.
I20250803 14:36:52.848927 14577 tx_operation.cpp:2984] txn: 4294967858 process commit_log_op_
I20250803 14:36:52.853407 14577 tx_operation.cpp:3210] txn: 4294967858 process clean_log_op_
I20250803 14:36:52.861232 14523 rocksdb_cloud_data_store.h:124] Compaction end, job_id: 254 ,thread: 14523 ,output_level: 0 ,input_files_size: 4 ,compaction_reason: 1
I20250803 14:36:53.507287 14577 tx_index_operation.cpp:198] Alter Table Index transaction lock cluster config , txn: 4294967906
I20250803 14:36:53.507496 14577 tx_index_operation.cpp:234] Alter Table Index transaction prepare acquire all write intent, txn: 4294967906
I20250803 14:36:53.507668 14577 tx_index_operation.cpp:271] Alter Table Index transaction prepare acquire all write lock, txn: 4294967906
I20250803 14:36:53.507740 14577 tx_index_operation.cpp:314] Alter Table Index transaction write prepare log, txn: 4294967906. The schema version: 1754231813454667
I20250803 14:36:53.512430 14577 tx_index_operation.cpp:378] Alter Table Index transaction install dirty table schema, txn: 4294967906
I20250803 14:36:53.513770 14577 tx_index_operation.cpp:452] Alter Table Index transaction release cluster config lock, txn: 4294967906
I20250803 14:36:53.513852 14577 tx_index_operation.cpp:477] Alter Table Index transaction upsert data store info for base table: test.jstests_and, txn: 4294967906
I20250803 14:36:53.568540 14525 rocksdb_cloud_data_store.h:113] Compaction begin, job_id: 258 ,thread: 14525 ,output_level: 0 ,input_files_size: 4 ,compaction_reason: 1
I20250803 14:36:53.568631 14577 tx_index_operation.cpp:547] Alter Table Index transaction init range id for table: test.jstests_and, txn: 4294967906
I20250803 14:36:53.570539 14577 tx_index_operation.cpp:626] Alter Table Index transaction start generate sk with the parallelism: 3 of each node group for table: test.jstests_and, txn: 4294967906
I20250803 14:36:53.570967 14818 tx_index_operation.cpp:2178] Process this batch task for table: test.jstests_and of range ids: 2275,. Acquire range lock txn: 4294967907
I20250803 14:36:53.571161 14819 sk_generator.cpp:167] ProcessTask: Generate index on range#2275 for base table: test.jstests_and of ng#0
I20250803 14:36:53.572916 14819 sk_generator.cpp:552] ScanAndEncodeIndex: Finish scan and encode index on range#2275 for table:test.jstests_and of ng#0 with pk items: 2
I20250803 14:36:53.573324 14820 sk_generator.cpp:680] UploadEncodedIndex: Upload encoded indexes of ng#0 with txn: 149
I20250803 14:36:53.573575 14820 sk_generator.cpp:717] UploadEncodedIndex: Finished of ng#0 with result: NO_ERROR
I20250803 14:36:53.573606 14820 sk_generator.cpp:1179] Upload this batch sk records finished with result: NO_ERROR
I20250803 14:36:53.574254 14820 sk_generator.cpp:1200] Finish upload worker.
I20250803 14:36:53.574273 14821 sk_generator.cpp:1200] Finish upload worker.
I20250803 14:36:53.574494 14819 sk_generator.cpp:292] ProcessTask: Finished generate index from range#2275 for base table: test.jstests_and of ng#0 with result: NO_ERROR
I20250803 14:36:53.574824 14818 tx_index_operation.cpp:2240] Generate sk task successfully for this batch ranges. Base table: test.jstests_and
I20250803 14:36:53.574846 14818 tx_index_operation.cpp:2245] Generate sk batch task finished. Base table: test.jstests_and
I20250803 14:36:53.575078 14577 tx_index_operation.cpp:841] Alter Table Index transaction flush old sk record for base table: test.jstests_and. Already scanned 1 pk ranges. Txn: 4294967906, and commit ts: 1754231813454667
I20250803 14:36:53.577756 14557 local_cc_shards.cpp:3881] AllocateFlushDataMemQuota old_usage: 0 new_usage: 59 quota: 644245094 flight_tasks: 1 of range: 2988 for table: test.jstests_and*$$a_1
I20250803 14:36:53.578608 14557 data_sync_task.cpp:215] Flushing current flush buffer after all scan tasks are finished
I20250803 14:36:53.597066 14525 rocksdb_cloud_data_store.h:124] Compaction end, job_id: 258 ,thread: 14525 ,output_level: 0 ,input_files_size: 4 ,compaction_reason: 1
I20250803 14:36:53.611554 14454 rocksdb_cloud_data_store.cpp:1170] FlushData successfully.
I20250803 14:36:53.611558 14554 data_store_service_client.cpp:488] DataStoreHandler::PersistKV success.
I20250803 14:36:53.611833 14554 local_cc_shards.cpp:5493] DelocateFlushDataMemQuota old_usage: 59 new_usage: 0 quota: 644245094
I20250803 14:36:53.612294 14577 tx_index_operation.cpp:972] Alter Table Index transaction write prepare index log with last finished end key: . Base table: test.jstests_and. Txn: 4294967906
I20250803 14:36:53.617300 14577 tx_index_operation.cpp:1089] Alter Table Index transaction lock cluster config, txn: 4294967906
I20250803 14:36:53.617496 14577 tx_index_operation.cpp:222] Alter Table Index transaction post acquire all write lock, txn: 4294967906
I20250803 14:36:53.617620 14577 tx_index_operation.cpp:1170] Alter Table Index transaction write commit log, txn: 4294967906
I20250803 14:36:53.648022 14577 tx_index_operation.cpp:1441] Alter Table Index transaction commit dirty table schema, txn: 4294967906
I20250803 14:36:53.648725 14577 tx_index_operation.cpp:1533] Alter Table Index transaction write clean log, txn: 4294967906
I20250803 14:36:54.675827 14577 tx_operation.cpp:2449] txn: 4294967947 process acquire_all_intent_op_
I20250803 14:36:54.676373 14577 tx_operation.cpp:2505] txn: 4294967947 process prepare_log_op_
I20250803 14:36:54.681401 14577 tx_operation.cpp:2585] txn: 4294967947 process post_all_intent_op_
I20250803 14:36:54.709861 14473 rocksdb_cloud_data_store.h:113] Compaction begin, job_id: 262 ,thread: 14473 ,output_level: 0 ,input_files_size: 4 ,compaction_reason: 1
I20250803 14:36:54.736306 14577 tx_operation.cpp:2829] txn: 4294967947 process update_sequence_table_op_
I20250803 14:36:54.738744 14577 tx_operation.cpp:2984] txn: 4294967947 process commit_log_op_
I20250803 14:36:54.742954 14577 tx_operation.cpp:3210] txn: 4294967947 process clean_log_op_
I20250803 14:36:54.750631 14473 rocksdb_cloud_data_store.h:124] Compaction end, job_id: 262 ,thread: 14473 ,output_level: 0 ,input_files_size: 4 ,compaction_reason: 1
I20250803 14:36:54.795246 14577 tx_operation.cpp:2449] txn: 4294967950 process acquire_all_intent_op_
I20250803 14:36:54.795490 14577 tx_operation.cpp:2505] txn: 4294967950 process prepare_log_op_
I20250803 14:36:54.800168 14577 tx_operation.cpp:2585] txn: 4294967950 process post_all_intent_op_
I20250803 14:36:54.800343 14577 tx_operation.cpp:2624] txn: 4294967950 process acquire_all_lock_op_
I20250803 14:36:54.800479 14577 tx_operation.cpp:2984] txn: 4294967950 process commit_log_op_
I20250803 14:36:54.803890 14577 tx_operation.cpp:3055] txn: 4294967950 process upsert_kv_table_op_
I20250803 14:36:54.803965 14503 data_store_service_client.cpp:2698] DropTableWithRetry for table: t689efbb2-d562-44e4-9f5a-4aaad6694b4e
I20250803 14:36:54.830668 14459 rocksdb_cloud_data_store.cpp:1544] DropTable successfully.
I20250803 14:36:54.831039 14459 rocksdb_cloud_data_store.cpp:1245] DeleteRange successfully.
I20250803 14:36:54.831179 14450 rocksdb_cloud_data_store.cpp:1245] DeleteRange successfully.
I20250803 14:36:54.831269 14464 rocksdb_cloud_data_store.cpp:1245] DeleteRange successfully.
I20250803 14:36:54.831350 14451 rocksdb_cloud_data_store.cpp:1245] DeleteRange successfully.
I20250803 14:36:54.861825 14471 rocksdb_cloud_data_store.h:113] Compaction begin, job_id: 266 ,thread: 14471 ,output_level: 0 ,input_files_size: 4 ,compaction_reason: 1
I20250803 14:36:54.862010 14577 tx_operation.cpp:2829] txn: 4294967950 process update_sequence_table_op_
I20250803 14:36:54.863173 14577 tx_operation.cpp:2929] UpsertTableOp: Clean all ccmap on all node groups, txn: 4294967950
I20250803 14:36:54.863197 14577 tx_operation.cpp:2935] txn: 4294967950 process clean_ccm_op_
I20250803 14:36:54.863338 14577 tx_operation.cpp:3113] txn: 4294967950 process post_all_lock_op_
I20250803 14:36:54.863787 14577 tx_operation.cpp:3210] txn: 4294967950 process clean_log_op_
I20250803 14:36:54.878119 14577 tx_operation.cpp:2449] txn: 4294967952 process acquire_all_intent_op_
I20250803 14:36:54.878376 14577 tx_operation.cpp:2505] txn: 4294967952 process prepare_log_op_
I20250803 14:36:54.882041 14577 tx_operation.cpp:2585] txn: 4294967952 process post_all_intent_op_
I20250803 14:36:54.889804 14471 rocksdb_cloud_data_store.h:124] Compaction end, job_id: 266 ,thread: 14471 ,output_level: 0 ,input_files_size: 4 ,compaction_reason: 1
I20250803 14:36:54.936347 14577 tx_operation.cpp:2829] txn: 4294967952 process update_sequence_table_op_
I20250803 14:36:54.938325 14577 tx_operation.cpp:2984] txn: 4294967952 process commit_log_op_
I20250803 14:36:54.942816 14577 tx_operation.cpp:3210] txn: 4294967952 process clean_log_op_
I20250803 14:36:54.978341 14577 tx_operation.cpp:2449] txn: 4294967955 process acquire_all_intent_op_
I20250803 14:36:54.978574 14577 tx_operation.cpp:2505] txn: 4294967955 process prepare_log_op_
I20250803 14:36:54.982100 14577 tx_operation.cpp:2585] txn: 4294967955 process post_all_intent_op_
I20250803 14:36:54.982302 14577 tx_operation.cpp:2624] txn: 4294967955 process acquire_all_lock_op_
I20250803 14:36:54.982424 14577 tx_operation.cpp:2984] txn: 4294967955 process commit_log_op_
I20250803 14:36:54.985670 14577 tx_operation.cpp:3055] txn: 4294967955 process upsert_kv_table_op_
I20250803 14:36:54.985744 14503 data_store_service_client.cpp:2698] DropTableWithRetry for table: tdeaf7535-a5c4-481e-a2a4-bf6da2199fc2
I20250803 14:36:55.012826 14520 rocksdb_cloud_data_store.h:113] Compaction begin, job_id: 270 ,thread: 14520 ,output_level: 0 ,input_files_size: 4 ,compaction_reason: 1
I20250803 14:36:55.012872 14454 rocksdb_cloud_data_store.cpp:1544] DropTable successfully.
I20250803 14:36:55.013229 14458 rocksdb_cloud_data_store.cpp:1245] DeleteRange successfully.
I20250803 14:36:55.013293 14458 rocksdb_cloud_data_store.cpp:1245] DeleteRange successfully.
I20250803 14:36:55.013475 14457 rocksdb_cloud_data_store.cpp:1245] DeleteRange successfully.
I20250803 14:36:55.013559 14460 rocksdb_cloud_data_store.cpp:1245] DeleteRange successfully.
I20250803 14:36:55.042339 14520 rocksdb_cloud_data_store.h:124] Compaction end, job_id: 270 ,thread: 14520 ,output_level: 0 ,input_files_size: 4 ,compaction_reason: 1
I20250803 14:36:55.057343 14577 tx_operation.cpp:2829] txn: 4294967955 process update_sequence_table_op_
I20250803 14:36:55.058708 14577 tx_operation.cpp:2929] UpsertTableOp: Clean all ccmap on all node groups, txn: 4294967955
I20250803 14:36:55.058735 14577 tx_operation.cpp:2935] txn: 4294967955 process clean_ccm_op_
I20250803 14:36:55.058846 14577 tx_operation.cpp:3113] txn: 4294967955 process post_all_lock_op_
I20250803 14:36:55.059321 14577 tx_operation.cpp:3210] txn: 4294967955 process clean_log_op_
I20250803 14:36:55.073520 14577 tx_operation.cpp:2449] txn: 4294967956 process acquire_all_intent_op_
I20250803 14:36:55.073748 14577 tx_operation.cpp:2505] txn: 4294967956 process prepare_log_op_
I20250803 14:36:55.077075 14577 tx_operation.cpp:2585] txn: 4294967956 process post_all_intent_op_
I20250803 14:36:55.130949 14521 rocksdb_cloud_data_store.h:113] Compaction begin, job_id: 274 ,thread: 14521 ,output_level: 0 ,input_files_size: 4 ,compaction_reason: 1
I20250803 14:36:55.131055 14577 tx_operation.cpp:2829] txn: 4294967956 process update_sequence_table_op_
I20250803 14:36:55.132709 14577 tx_operation.cpp:2984] txn: 4294967956 process commit_log_op_
I20250803 14:36:55.136255 14577 tx_operation.cpp:3210] txn: 4294967956 process clean_log_op_
I20250803 14:36:55.158419 14521 rocksdb_cloud_data_store.h:124] Compaction end, job_id: 274 ,thread: 14521 ,output_level: 0 ,input_files_size: 4 ,compaction_reason: 1
I20250803 14:36:55.178251 14577 tx_operation.cpp:2449] txn: 4294967960 process acquire_all_intent_op_
I20250803 14:36:55.178493 14577 tx_operation.cpp:2505] txn: 4294967960 process prepare_log_op_
I20250803 14:36:55.182126 14577 tx_operation.cpp:2585] txn: 4294967960 process post_all_intent_op_
I20250803 14:36:55.182293 14577 tx_operation.cpp:2624] txn: 4294967960 process acquire_all_lock_op_
I20250803 14:36:55.182410 14577 tx_operation.cpp:2984] txn: 4294967960 process commit_log_op_
I20250803 14:36:55.185588 14577 tx_operation.cpp:3055] txn: 4294967960 process upsert_kv_table_op_
I20250803 14:36:55.185657 14503 data_store_service_client.cpp:2698] DropTableWithRetry for table: t486a084d-045b-4c2e-a5d6-b498e6434006
I20250803 14:36:55.212163 14459 rocksdb_cloud_data_store.cpp:1544] DropTable successfully.
I20250803 14:36:55.212572 14450 rocksdb_cloud_data_store.cpp:1245] DeleteRange successfully.
I20250803 14:36:55.212692 14464 rocksdb_cloud_data_store.cpp:1245] DeleteRange successfully.
I20250803 14:36:55.212836 14451 rocksdb_cloud_data_store.cpp:1245] DeleteRange successfully.
I20250803 14:36:55.212955 14462 rocksdb_cloud_data_store.cpp:1245] DeleteRange successfully.
I20250803 14:36:55.242720 14577 tx_operation.cpp:2829] txn: 4294967960 process update_sequence_table_op_
I20250803 14:36:55.244189 14577 tx_operation.cpp:2929] UpsertTableOp: Clean all ccmap on all node groups, txn: 4294967960
I20250803 14:36:55.244216 14577 tx_operation.cpp:2935] txn: 4294967960 process clean_ccm_op_
I20250803 14:36:55.244319 14577 tx_operation.cpp:3113] txn: 4294967960 process post_all_lock_op_
I20250803 14:36:55.244741 14577 tx_operation.cpp:3210] txn: 4294967960 process clean_log_op_
I20250803 14:36:55.257130 14577 tx_operation.cpp:2449] txn: 4294967961 process acquire_all_intent_op_
I20250803 14:36:55.257416 14577 tx_operation.cpp:2505] txn: 4294967961 process prepare_log_op_
I20250803 14:36:55.260769 14577 tx_operation.cpp:2585] txn: 4294967961 process post_all_intent_op_
I20250803 14:36:55.288244 14522 rocksdb_cloud_data_store.h:113] Compaction begin, job_id: 278 ,thread: 14522 ,output_level: 0 ,input_files_size: 4 ,compaction_reason: 1
I20250803 14:36:55.314365 14577 tx_operation.cpp:2829] txn: 4294967961 process update_sequence_table_op_
I20250803 14:36:55.315903 14577 tx_operation.cpp:2984] txn: 4294967961 process commit_log_op_
I20250803 14:36:55.320230 14577 tx_operation.cpp:3210] txn: 4294967961 process clean_log_op_
I20250803 14:36:55.327932 14522 rocksdb_cloud_data_store.h:124] Compaction end, job_id: 278 ,thread: 14522 ,output_level: 0 ,input_files_size: 4 ,compaction_reason: 1
I20250803 14:36:56.078522 14577 tx_operation.cpp:2449] txn: 4294967985 process acquire_all_intent_op_
I20250803 14:36:56.078838 14577 tx_operation.cpp:2505] txn: 4294967985 process prepare_log_op_
I20250803 14:36:56.084702 14577 tx_operation.cpp:2585] txn: 4294967985 process post_all_intent_op_
I20250803 14:36:56.141161 14524 rocksdb_cloud_data_store.h:113] Compaction begin, job_id: 282 ,thread: 14524 ,output_level: 0 ,input_files_size: 4 ,compaction_reason: 1
I20250803 14:36:56.142489 14577 tx_operation.cpp:2829] txn: 4294967985 process update_sequence_table_op_
I20250803 14:36:56.144627 14577 tx_operation.cpp:2984] txn: 4294967985 process commit_log_op_
I20250803 14:36:56.150096 14577 tx_operation.cpp:3210] txn: 4294967985 process clean_log_op_
I20250803 14:36:56.167742 14524 rocksdb_cloud_data_store.h:124] Compaction end, job_id: 282 ,thread: 14524 ,output_level: 0 ,input_files_size: 4 ,compaction_reason: 1
I20250803 14:36:56.188515 14577 tx_index_operation.cpp:198] Alter Table Index transaction lock cluster config , txn: 4294967989
I20250803 14:36:56.188700 14577 tx_index_operation.cpp:234] Alter Table Index transaction prepare acquire all write intent, txn: 4294967989
I20250803 14:36:56.188845 14577 tx_index_operation.cpp:271] Alter Table Index transaction prepare acquire all write lock, txn: 4294967989
I20250803 14:36:56.188956 14577 tx_index_operation.cpp:314] Alter Table Index transaction write prepare log, txn: 4294967989. The schema version: 1754231816156762
I20250803 14:36:56.192947 14577 tx_index_operation.cpp:378] Alter Table Index transaction install dirty table schema, txn: 4294967989
I20250803 14:36:56.194542 14577 tx_index_operation.cpp:452] Alter Table Index transaction release cluster config lock, txn: 4294967989
I20250803 14:36:56.194633 14577 tx_index_operation.cpp:477] Alter Table Index transaction upsert data store info for base table: test.jstests_and3, txn: 4294967989
I20250803 14:36:56.248651 14577 tx_index_operation.cpp:547] Alter Table Index transaction init range id for table: test.jstests_and3, txn: 4294967989
I20250803 14:36:56.250401 14577 tx_index_operation.cpp:626] Alter Table Index transaction start generate sk with the parallelism: 3 of each node group for table: test.jstests_and3, txn: 4294967989
I20250803 14:36:56.250784 14841 tx_index_operation.cpp:2178] Process this batch task for table: test.jstests_and3 of range ids: 2045,. Acquire range lock txn: 4294967991
I20250803 14:36:56.250983 14842 sk_generator.cpp:167] ProcessTask: Generate index on range#2045 for base table: test.jstests_and3 of ng#0
I20250803 14:36:56.252527 14842 sk_generator.cpp:552] ScanAndEncodeIndex: Finish scan and encode index on range#2045 for table:test.jstests_and3 of ng#0 with pk items: 2
I20250803 14:36:56.252745 14843 sk_generator.cpp:680] UploadEncodedIndex: Upload encoded indexes of ng#0 with txn: 174
I20250803 14:36:56.252996 14843 sk_generator.cpp:717] UploadEncodedIndex: Finished of ng#0 with result: NO_ERROR
I20250803 14:36:56.253021 14843 sk_generator.cpp:1179] Upload this batch sk records finished with result: NO_ERROR
I20250803 14:36:56.253913 14843 sk_generator.cpp:1200] Finish upload worker.
I20250803 14:36:56.253945 14844 sk_generator.cpp:1200] Finish upload worker.
I20250803 14:36:56.254156 14842 sk_generator.cpp:292] ProcessTask: Finished generate index from range#2045 for base table: test.jstests_and3 of ng#0 with result: NO_ERROR
I20250803 14:36:56.254446 14841 tx_index_operation.cpp:2240] Generate sk task successfully for this batch ranges. Base table: test.jstests_and3
I20250803 14:36:56.254479 14841 tx_index_operation.cpp:2245] Generate sk batch task finished. Base table: test.jstests_and3
I20250803 14:36:56.254720 14577 tx_index_operation.cpp:841] Alter Table Index transaction flush old sk record for base table: test.jstests_and3. Already scanned 1 pk ranges. Txn: 4294967989, and commit ts: 1754231816156762
I20250803 14:36:56.255965 14558 local_cc_shards.cpp:3881] AllocateFlushDataMemQuota old_usage: 0 new_usage: 40 quota: 644245094 flight_tasks: 1 of range: 454 for table: test.jstests_and3*$$a_1
I20250803 14:36:56.257239 14558 data_sync_task.cpp:215] Flushing current flush buffer after all scan tasks are finished
I20250803 14:36:56.283766 14472 rocksdb_cloud_data_store.h:113] Compaction begin, job_id: 286 ,thread: 14472 ,output_level: 0 ,input_files_size: 4 ,compaction_reason: 1
I20250803 14:36:56.283826 14554 data_store_service_client.cpp:488] DataStoreHandler::PersistKV success.
I20250803 14:36:56.283826 14450 rocksdb_cloud_data_store.cpp:1170] FlushData successfully.
I20250803 14:36:56.284096 14554 local_cc_shards.cpp:5493] DelocateFlushDataMemQuota old_usage: 40 new_usage: 0 quota: 644245094
I20250803 14:36:56.284536 14577 tx_index_operation.cpp:972] Alter Table Index transaction write prepare index log with last finished end key: . Base table: test.jstests_and3. Txn: 4294967989
I20250803 14:36:56.288173 14577 tx_index_operation.cpp:1028] Alter Table Index transaction lock cluster config, txn: 4294967989
I20250803 14:36:56.288429 14577 tx_index_operation.cpp:222] Alter Table Index transaction post acquire all write lock, txn: 4294967989
I20250803 14:36:56.288599 14577 tx_index_operation.cpp:1170] Alter Table Index transaction write commit log, txn: 4294967989
I20250803 14:36:56.293038 14577 tx_index_operation.cpp:1302] Alter Table Index transaction commit dirty table schema, txn: 4294967989
I20250803 14:36:56.293709 14577 tx_index_operation.cpp:1533] Alter Table Index transaction write clean log, txn: 4294967989
I20250803 14:36:56.314587 14472 rocksdb_cloud_data_store.h:124] Compaction end, job_id: 286 ,thread: 14472 ,output_level: 0 ,input_files_size: 4 ,compaction_reason: 1
I20250803 14:36:58.173892 14577 tx_operation.cpp:2449] txn: 4294968030 process acquire_all_intent_op_
I20250803 14:36:58.174201 14577 tx_operation.cpp:2505] txn: 4294968030 process prepare_log_op_
I20250803 14:36:58.183458 14577 tx_operation.cpp:2585] txn: 4294968030 process post_all_intent_op_
I20250803 14:36:58.253212 14577 tx_operation.cpp:2829] txn: 4294968030 process update_sequence_table_op_
I20250803 14:36:58.257125 14577 tx_operation.cpp:2984] txn: 4294968030 process commit_log_op_
I20250803 14:36:58.263582 14577 tx_operation.cpp:3210] txn: 4294968030 process clean_log_op_
I20250803 14:36:58.606885 14577 tx_index_operation.cpp:198] Alter Table Index transaction lock cluster config , txn: 4294968054
I20250803 14:36:58.607141 14577 tx_index_operation.cpp:234] Alter Table Index transaction prepare acquire all write intent, txn: 4294968054
I20250803 14:36:58.607362 14577 tx_index_operation.cpp:271] Alter Table Index transaction prepare acquire all write lock, txn: 4294968054
I20250803 14:36:58.607513 14577 tx_index_operation.cpp:314] Alter Table Index transaction write prepare log, txn: 4294968054. The schema version: 1754231818562412
I20250803 14:36:58.612690 14577 tx_index_operation.cpp:378] Alter Table Index transaction install dirty table schema, txn: 4294968054
I20250803 14:36:58.614912 14577 tx_index_operation.cpp:452] Alter Table Index transaction release cluster config lock, txn: 4294968054
I20250803 14:36:58.615034 14577 tx_index_operation.cpp:477] Alter Table Index transaction upsert data store info for base table: test.jstests_andor, txn: 4294968054
I20250803 14:36:58.643163 14523 rocksdb_cloud_data_store.h:113] Compaction begin, job_id: 290 ,thread: 14523 ,output_level: 0 ,input_files_size: 4 ,compaction_reason: 1
I20250803 14:36:58.673333 14523 rocksdb_cloud_data_store.h:124] Compaction end, job_id: 290 ,thread: 14523 ,output_level: 0 ,input_files_size: 4 ,compaction_reason: 1
I20250803 14:36:58.690313 14577 tx_index_operation.cpp:547] Alter Table Index transaction init range id for table: test.jstests_andor, txn: 4294968054
I20250803 14:36:58.693071 14577 tx_index_operation.cpp:626] Alter Table Index transaction start generate sk with the parallelism: 3 of each node group for table: test.jstests_andor, txn: 4294968054
I20250803 14:36:58.696203 14856 tx_index_operation.cpp:2178] Process this batch task for table: test.jstests_andor of range ids: 1349,. Acquire range lock txn: 176
I20250803 14:36:58.696373 14857 sk_generator.cpp:167] ProcessTask: Generate index on range#1349 for base table: test.jstests_andor of ng#0
I20250803 14:36:58.698815 14857 sk_generator.cpp:552] ScanAndEncodeIndex: Finish scan and encode index on range#1349 for table:test.jstests_andor of ng#0 with pk items: 1
I20250803 14:36:58.699177 14858 sk_generator.cpp:680] UploadEncodedIndex: Upload encoded indexes of ng#0 with txn: 4294968057
I20250803 14:36:58.699453 14858 sk_generator.cpp:717] UploadEncodedIndex: Finished of ng#0 with result: NO_ERROR
I20250803 14:36:58.699501 14858 sk_generator.cpp:1179] Upload this batch sk records finished with result: NO_ERROR
I20250803 14:36:58.701138 14858 sk_generator.cpp:1200] Finish upload worker.
I20250803 14:36:58.704399 14859 sk_generator.cpp:1200] Finish upload worker.
I20250803 14:36:58.704622 14857 sk_generator.cpp:292] ProcessTask: Finished generate index from range#1349 for base table: test.jstests_andor of ng#0 with result: NO_ERROR
I20250803 14:36:58.705417 14856 tx_index_operation.cpp:2240] Generate sk task successfully for this batch ranges. Base table: test.jstests_andor
I20250803 14:36:58.705454 14856 tx_index_operation.cpp:2245] Generate sk batch task finished. Base table: test.jstests_andor
I20250803 14:36:58.706048 14577 tx_index_operation.cpp:841] Alter Table Index transaction flush old sk record for base table: test.jstests_andor. Already scanned 1 pk ranges. Txn: 4294968054, and commit ts: 1754231818562412
I20250803 14:36:58.710896 14557 local_cc_shards.cpp:3881] AllocateFlushDataMemQuota old_usage: 0 new_usage: 19 quota: 644245094 flight_tasks: 1 of range: 1903 for table: test.jstests_andor*$$a_1
I20250803 14:36:58.712445 14557 data_sync_task.cpp:215] Flushing current flush buffer after all scan tasks are finished
I20250803 14:36:58.745820 14461 rocksdb_cloud_data_store.cpp:1170] FlushData successfully.
I20250803 14:36:58.745818 14554 data_store_service_client.cpp:488] DataStoreHandler::PersistKV success.
I20250803 14:36:58.749487 14554 local_cc_shards.cpp:5493] DelocateFlushDataMemQuota old_usage: 19 new_usage: 0 quota: 644245094
I20250803 14:36:58.749982 14577 tx_index_operation.cpp:972] Alter Table Index transaction write prepare index log with last finished end key: . Base table: test.jstests_andor. Txn: 4294968054
I20250803 14:36:58.753858 14577 tx_index_operation.cpp:1028] Alter Table Index transaction lock cluster config, txn: 4294968054
I20250803 14:36:58.754208 14577 tx_index_operation.cpp:222] Alter Table Index transaction post acquire all write lock, txn: 4294968054
I20250803 14:36:58.754426 14577 tx_index_operation.cpp:1170] Alter Table Index transaction write commit log, txn: 4294968054
I20250803 14:36:58.758694 14577 tx_index_operation.cpp:1302] Alter Table Index transaction commit dirty table schema, txn: 4294968054
I20250803 14:36:58.761076 14577 tx_index_operation.cpp:1533] Alter Table Index transaction write clean log, txn: 4294968054
I20250803 14:36:59.190953 14577 tx_operation.cpp:2449] txn: 4294968080 process acquire_all_intent_op_
I20250803 14:36:59.191205 14577 tx_operation.cpp:2505] txn: 4294968080 process prepare_log_op_
I20250803 14:36:59.196731 14577 tx_operation.cpp:2585] txn: 4294968080 process post_all_intent_op_
I20250803 14:36:59.196921 14577 tx_operation.cpp:2624] txn: 4294968080 process acquire_all_lock_op_
I20250803 14:36:59.197052 14577 tx_operation.cpp:2984] txn: 4294968080 process commit_log_op_
I20250803 14:36:59.200502 14577 tx_operation.cpp:3055] txn: 4294968080 process upsert_kv_table_op_
I20250803 14:36:59.201103 14503 data_store_service_client.cpp:2698] DropTableWithRetry for table: t65bf02e3-f1a3-41bb-a393-b91c3e317d43
I20250803 14:36:59.239666 14459 rocksdb_cloud_data_store.cpp:1544] DropTable successfully.
I20250803 14:36:59.239689 14503 data_store_service_client.cpp:2698] DropTableWithRetry for table: i9137b775-6712-4963-9cee-247775fa31f2
I20250803 14:36:59.239872 14525 rocksdb_cloud_data_store.h:113] Compaction begin, job_id: 294 ,thread: 14525 ,output_level: 0 ,input_files_size: 4 ,compaction_reason: 1
I20250803 14:36:59.267679 14450 rocksdb_cloud_data_store.cpp:1544] DropTable successfully.
I20250803 14:36:59.268115 14464 rocksdb_cloud_data_store.cpp:1245] DeleteRange successfully.
I20250803 14:36:59.268206 14451 rocksdb_cloud_data_store.cpp:1245] DeleteRange successfully.
I20250803 14:36:59.268373 14462 rocksdb_cloud_data_store.cpp:1245] DeleteRange successfully.
I20250803 14:36:59.268460 14455 rocksdb_cloud_data_store.cpp:1245] DeleteRange successfully.
I20250803 14:36:59.268570 14452 rocksdb_cloud_data_store.cpp:1245] DeleteRange successfully.
I20250803 14:36:59.268925 14456 rocksdb_cloud_data_store.cpp:1245] DeleteRange successfully.
I20250803 14:36:59.289516 14525 rocksdb_cloud_data_store.h:124] Compaction end, job_id: 294 ,thread: 14525 ,output_level: 0 ,input_files_size: 4 ,compaction_reason: 1
I20250803 14:36:59.309895 14577 tx_operation.cpp:2829] txn: 4294968080 process update_sequence_table_op_
I20250803 14:36:59.311561 14577 tx_operation.cpp:2929] UpsertTableOp: Clean all ccmap on all node groups, txn: 4294968080
I20250803 14:36:59.311597 14577 tx_operation.cpp:2935] txn: 4294968080 process clean_ccm_op_
I20250803 14:36:59.311755 14577 tx_operation.cpp:3113] txn: 4294968080 process post_all_lock_op_
I20250803 14:36:59.312196 14577 tx_operation.cpp:3210] txn: 4294968080 process clean_log_op_
I20250803 14:36:59.331799 14577 tx_operation.cpp:2449] txn: 4294968082 process acquire_all_intent_op_
I20250803 14:36:59.332031 14577 tx_operation.cpp:2505] txn: 4294968082 process prepare_log_op_
I20250803 14:36:59.336527 14577 tx_operation.cpp:2585] txn: 4294968082 process post_all_intent_op_
I20250803 14:36:59.368001 14473 rocksdb_cloud_data_store.h:113] Compaction begin, job_id: 298 ,thread: 14473 ,output_level: 0 ,input_files_size: 4 ,compaction_reason: 1
I20250803 14:36:59.399665 14577 tx_operation.cpp:2829] txn: 4294968082 process update_sequence_table_op_
I20250803 14:36:59.401814 14577 tx_operation.cpp:2984] txn: 4294968082 process commit_log_op_
I20250803 14:36:59.407068 14577 tx_operation.cpp:3210] txn: 4294968082 process clean_log_op_
I20250803 14:36:59.414651 14473 rocksdb_cloud_data_store.h:124] Compaction end, job_id: 298 ,thread: 14473 ,output_level: 0 ,input_files_size: 4 ,compaction_reason: 1
