I20250803 14:37:13.410319 14577 tx_index_operation.cpp:314] Alter Table Index transaction write prepare log, txn: 4294968586. The schema version: 1754231833377616
I20250803 14:37:13.414642 14577 tx_index_operation.cpp:378] Alter Table Index transaction install dirty table schema, txn: 4294968586
I20250803 14:37:13.416198 14577 tx_index_operation.cpp:452] Alter Table Index transaction release cluster config lock, txn: 4294968586
I20250803 14:37:13.416276 14577 tx_index_operation.cpp:477] Alter Table Index transaction upsert data store info for base table: test.array_match1, txn: 4294968586
I20250803 14:37:13.450263 14524 rocksdb_cloud_data_store.h:113] Compaction begin, job_id: 426 ,thread: 14524 ,output_level: 0 ,input_files_size: 4 ,compaction_reason: 1
I20250803 14:37:13.486565 14577 tx_index_operation.cpp:547] Alter Table Index transaction init range id for table: test.array_match1, txn: 4294968586
I20250803 14:37:13.487778 14577 tx_index_operation.cpp:626] Alter Table Index transaction start generate sk with the parallelism: 3 of each node group for table: test.array_match1, txn: 4294968586
I20250803 14:37:13.489246 15002 tx_index_operation.cpp:2178] Process this batch task for table: test.array_match1 of range ids: 1478,. Acquire range lock txn: 4294968588
I20250803 14:37:13.489442 15003 sk_generator.cpp:167] ProcessTask: Generate index on range#1478 for base table: test.array_match1 of ng#0
I20250803 14:37:13.491266 15003 sk_generator.cpp:552] ScanAndEncodeIndex: Finish scan and encode index on range#1478 for table:test.array_match1 of ng#0 with pk items: 3
I20250803 14:37:13.491499 15004 sk_generator.cpp:680] UploadEncodedIndex: Upload encoded indexes of ng#0 with txn: 4294968589
I20250803 14:37:13.491739 15004 sk_generator.cpp:717] UploadEncodedIndex: Finished of ng#0 with result: NO_ERROR
I20250803 14:37:13.491765 15004 sk_generator.cpp:1179] Upload this batch sk records finished with result: NO_ERROR
I20250803 14:37:13.492655 15004 sk_generator.cpp:1200] Finish upload worker.
I20250803 14:37:13.492684 15005 sk_generator.cpp:1200] Finish upload worker.
I20250803 14:37:13.492856 15003 sk_generator.cpp:292] ProcessTask: Finished generate index from range#1478 for base table: test.array_match1 of ng#0 with result: NO_ERROR
I20250803 14:37:13.493166 15002 tx_index_operation.cpp:2240] Generate sk task successfully for this batch ranges. Base table: test.array_match1
I20250803 14:37:13.493184 15002 tx_index_operation.cpp:2245] Generate sk batch task finished. Base table: test.array_match1
I20250803 14:37:13.493431 14577 tx_index_operation.cpp:841] Alter Table Index transaction flush old sk record for base table: test.array_match1. Already scanned 1 pk ranges. Txn: 4294968586, and commit ts: 1754231833377616
I20250803 14:37:13.494738 14558 local_cc_shards.cpp:3881] AllocateFlushDataMemQuota old_usage: 0 new_usage: 51 quota: 644245094 flight_tasks: 1 of range: 3209 for table: test.array_match1*$$a_1
I20250803 14:37:13.496172 14558 data_sync_task.cpp:215] Flushing current flush buffer after all scan tasks are finished
I20250803 14:37:13.503886 14524 rocksdb_cloud_data_store.h:124] Compaction end, job_id: 426 ,thread: 14524 ,output_level: 0 ,input_files_size: 4 ,compaction_reason: 1
I20250803 14:37:13.529078 14454 rocksdb_cloud_data_store.cpp:1170] FlushData successfully.
I20250803 14:37:13.529078 14554 data_store_service_client.cpp:488] DataStoreHandler::PersistKV success.
I20250803 14:37:13.529300 14554 local_cc_shards.cpp:5493] DelocateFlushDataMemQuota old_usage: 51 new_usage: 0 quota: 644245094
I20250803 14:37:13.529688 14577 tx_index_operation.cpp:972] Alter Table Index transaction write prepare index log with last finished end key: . Base table: test.array_match1. Txn: 4294968586
I20250803 14:37:13.533584 14577 tx_index_operation.cpp:1028] Alter Table Index transaction lock cluster config, txn: 4294968586
I20250803 14:37:13.533776 14577 tx_index_operation.cpp:222] Alter Table Index transaction post acquire all write lock, txn: 4294968586
I20250803 14:37:13.533891 14577 tx_index_operation.cpp:1170] Alter Table Index transaction write commit log, txn: 4294968586
I20250803 14:37:13.536957 14577 tx_index_operation.cpp:1302] Alter Table Index transaction commit dirty table schema, txn: 4294968586
I20250803 14:37:13.537417 14577 tx_index_operation.cpp:1533] Alter Table Index transaction write clean log, txn: 4294968586
I20250803 14:37:14.217901 14577 tx_operation.cpp:2449] txn: 4294968594 process acquire_all_intent_op_
I20250803 14:37:14.218158 14577 tx_operation.cpp:2505] txn: 4294968594 process prepare_log_op_
I20250803 14:37:14.222321 14577 tx_operation.cpp:2585] txn: 4294968594 process post_all_intent_op_
I20250803 14:37:14.252890 14472 rocksdb_cloud_data_store.h:113] Compaction begin, job_id: 430 ,thread: 14472 ,output_level: 0 ,input_files_size: 4 ,compaction_reason: 1
I20250803 14:37:14.281128 14577 tx_operation.cpp:2829] txn: 4294968594 process update_sequence_table_op_
I20250803 14:37:14.283098 14577 tx_operation.cpp:2984] txn: 4294968594 process commit_log_op_
I20250803 14:37:14.287370 14577 tx_operation.cpp:3210] txn: 4294968594 process clean_log_op_
I20250803 14:37:14.297578 14472 rocksdb_cloud_data_store.h:124] Compaction end, job_id: 430 ,thread: 14472 ,output_level: 0 ,input_files_size: 4 ,compaction_reason: 1
I20250803 14:37:15.007319 14577 tx_operation.cpp:2449] txn: 4294968607 process acquire_all_intent_op_
I20250803 14:37:15.007596 14577 tx_operation.cpp:2505] txn: 4294968607 process prepare_log_op_
I20250803 14:37:15.011783 14577 tx_operation.cpp:2585] txn: 4294968607 process post_all_intent_op_
I20250803 14:37:15.065688 14523 rocksdb_cloud_data_store.h:113] Compaction begin, job_id: 434 ,thread: 14523 ,output_level: 0 ,input_files_size: 4 ,compaction_reason: 1
I20250803 14:37:15.065768 14577 tx_operation.cpp:2829] txn: 4294968607 process update_sequence_table_op_
I20250803 14:37:15.067490 14577 tx_operation.cpp:2984] txn: 4294968607 process commit_log_op_
I20250803 14:37:15.070884 14577 tx_operation.cpp:3210] txn: 4294968607 process clean_log_op_
I20250803 14:37:15.102341 14523 rocksdb_cloud_data_store.h:124] Compaction end, job_id: 434 ,thread: 14523 ,output_level: 0 ,input_files_size: 4 ,compaction_reason: 1
I20250803 14:37:15.112310 14577 tx_index_operation.cpp:198] Alter Table Index transaction lock cluster config , txn: 4294968612
I20250803 14:37:15.112489 14577 tx_index_operation.cpp:234] Alter Table Index transaction prepare acquire all write intent, txn: 4294968612
I20250803 14:37:15.112628 14577 tx_index_operation.cpp:271] Alter Table Index transaction prepare acquire all write lock, txn: 4294968612
I20250803 14:37:15.112706 14577 tx_index_operation.cpp:314] Alter Table Index transaction write prepare log, txn: 4294968612. The schema version: 1754231835078961
I20250803 14:37:15.116425 14577 tx_index_operation.cpp:378] Alter Table Index transaction install dirty table schema, txn: 4294968612
I20250803 14:37:15.117781 14577 tx_index_operation.cpp:452] Alter Table Index transaction release cluster config lock, txn: 4294968612
I20250803 14:37:15.117853 14577 tx_index_operation.cpp:477] Alter Table Index transaction upsert data store info for base table: test.jstests_array_match3, txn: 4294968612
I20250803 14:37:15.180334 14577 tx_index_operation.cpp:547] Alter Table Index transaction init range id for table: test.jstests_array_match3, txn: 4294968612
I20250803 14:37:15.181931 14577 tx_index_operation.cpp:626] Alter Table Index transaction start generate sk with the parallelism: 3 of each node group for table: test.jstests_array_match3, txn: 4294968612
I20250803 14:37:15.182394 15019 tx_index_operation.cpp:2178] Process this batch task for table: test.jstests_array_match3 of range ids: 1450,. Acquire range lock txn: 400
I20250803 14:37:15.182484 15020 sk_generator.cpp:167] ProcessTask: Generate index on range#1450 for base table: test.jstests_array_match3 of ng#0
I20250803 14:37:15.184161 15020 sk_generator.cpp:552] ScanAndEncodeIndex: Finish scan and encode index on range#1450 for table:test.jstests_array_match3 of ng#0 with pk items: 2
I20250803 14:37:15.184340 15021 sk_generator.cpp:680] UploadEncodedIndex: Upload encoded indexes of ng#0 with txn: 4294968615
I20250803 14:37:15.184556 15021 sk_generator.cpp:717] UploadEncodedIndex: Finished of ng#0 with result: NO_ERROR
I20250803 14:37:15.184583 15021 sk_generator.cpp:1179] Upload this batch sk records finished with result: NO_ERROR
I20250803 14:37:15.185509 15022 sk_generator.cpp:1200] Finish upload worker.
I20250803 14:37:15.185570 15021 sk_generator.cpp:1200] Finish upload worker.
I20250803 14:37:15.185822 15020 sk_generator.cpp:292] ProcessTask: Finished generate index from range#1450 for base table: test.jstests_array_match3 of ng#0 with result: NO_ERROR
I20250803 14:37:15.186116 15019 tx_index_operation.cpp:2240] Generate sk task successfully for this batch ranges. Base table: test.jstests_array_match3
I20250803 14:37:15.186132 15019 tx_index_operation.cpp:2245] Generate sk batch task finished. Base table: test.jstests_array_match3
I20250803 14:37:15.186393 14577 tx_index_operation.cpp:841] Alter Table Index transaction flush old sk record for base table: test.jstests_array_match3. Already scanned 1 pk ranges. Txn: 4294968612, and commit ts: 1754231835078961
I20250803 14:37:15.187636 14557 local_cc_shards.cpp:3881] AllocateFlushDataMemQuota old_usage: 0 new_usage: 38 quota: 644245094 flight_tasks: 1 of range: 2515 for table: test.jstests_array_match3*$$a.0_1
I20250803 14:37:15.188443 14557 data_sync_task.cpp:215] Flushing current flush buffer after all scan tasks are finished
I20250803 14:37:15.221356 14525 rocksdb_cloud_data_store.h:113] Compaction begin, job_id: 438 ,thread: 14525 ,output_level: 0 ,input_files_size: 4 ,compaction_reason: 1
I20250803 14:37:15.221418 14454 rocksdb_cloud_data_store.cpp:1170] FlushData successfully.
I20250803 14:37:15.221426 14554 data_store_service_client.cpp:488] DataStoreHandler::PersistKV success.
I20250803 14:37:15.221673 14554 local_cc_shards.cpp:5493] DelocateFlushDataMemQuota old_usage: 38 new_usage: 0 quota: 644245094
I20250803 14:37:15.222028 14577 tx_index_operation.cpp:972] Alter Table Index transaction write prepare index log with last finished end key: . Base table: test.jstests_array_match3. Txn: 4294968612
I20250803 14:37:15.225270 14577 tx_index_operation.cpp:1028] Alter Table Index transaction lock cluster config, txn: 4294968612
I20250803 14:37:15.225456 14577 tx_index_operation.cpp:222] Alter Table Index transaction post acquire all write lock, txn: 4294968612
I20250803 14:37:15.225600 14577 tx_index_operation.cpp:1170] Alter Table Index transaction write commit log, txn: 4294968612
I20250803 14:37:15.228937 14577 tx_index_operation.cpp:1302] Alter Table Index transaction commit dirty table schema, txn: 4294968612
I20250803 14:37:15.229348 14577 tx_index_operation.cpp:1533] Alter Table Index transaction write clean log, txn: 4294968612
I20250803 14:37:15.255134 14525 rocksdb_cloud_data_store.h:124] Compaction end, job_id: 438 ,thread: 14525 ,output_level: 0 ,input_files_size: 4 ,compaction_reason: 1
I20250803 14:37:15.892820 14577 tx_operation.cpp:2449] txn: 4294968619 process acquire_all_intent_op_
I20250803 14:37:15.893090 14577 tx_operation.cpp:2505] txn: 4294968619 process prepare_log_op_
I20250803 14:37:15.897305 14577 tx_operation.cpp:2585] txn: 4294968619 process post_all_intent_op_
I20250803 14:37:15.955809 14577 tx_operation.cpp:2829] txn: 4294968619 process update_sequence_table_op_
I20250803 14:37:15.958340 14577 tx_operation.cpp:2984] txn: 4294968619 process commit_log_op_
I20250803 14:37:15.962798 14577 tx_operation.cpp:3210] txn: 4294968619 process clean_log_op_
I20250803 14:37:16.019791 14577 tx_index_operation.cpp:198] Alter Table Index transaction lock cluster config , txn: 4294968671
I20250803 14:37:16.020049 14577 tx_index_operation.cpp:234] Alter Table Index transaction prepare acquire all write intent, txn: 4294968671
I20250803 14:37:16.020234 14577 tx_index_operation.cpp:271] Alter Table Index transaction prepare acquire all write lock, txn: 4294968671
I20250803 14:37:16.020328 14577 tx_index_operation.cpp:314] Alter Table Index transaction write prepare log, txn: 4294968671. The schema version: 1754231835979622
I20250803 14:37:16.025643 14577 tx_index_operation.cpp:378] Alter Table Index transaction install dirty table schema, txn: 4294968671
I20250803 14:37:16.027423 14577 tx_index_operation.cpp:452] Alter Table Index transaction release cluster config lock, txn: 4294968671
I20250803 14:37:16.027522 14577 tx_index_operation.cpp:477] Alter Table Index transaction upsert data store info for base table: test.array_match4, txn: 4294968671
I20250803 14:37:16.057840 14473 rocksdb_cloud_data_store.h:113] Compaction begin, job_id: 442 ,thread: 14473 ,output_level: 0 ,input_files_size: 4 ,compaction_reason: 1
I20250803 14:37:16.088757 14577 tx_index_operation.cpp:547] Alter Table Index transaction init range id for table: test.array_match4, txn: 4294968671
I20250803 14:37:16.090822 14577 tx_index_operation.cpp:626] Alter Table Index transaction start generate sk with the parallelism: 3 of each node group for table: test.array_match4, txn: 4294968671
I20250803 14:37:16.092288 15030 tx_index_operation.cpp:2178] Process this batch task for table: test.array_match4 of range ids: 278,. Acquire range lock txn: 4294968673
I20250803 14:37:16.092412 15031 sk_generator.cpp:167] ProcessTask: Generate index on range#278 for base table: test.array_match4 of ng#0
I20250803 14:37:16.094480 15031 sk_generator.cpp:552] ScanAndEncodeIndex: Finish scan and encode index on range#278 for table:test.array_match4 of ng#0 with pk items: 1
I20250803 14:37:16.094720 15032 sk_generator.cpp:680] UploadEncodedIndex: Upload encoded indexes of ng#0 with txn: 4294968675
I20250803 14:37:16.094970 15032 sk_generator.cpp:717] UploadEncodedIndex: Finished of ng#0 with result: NO_ERROR
I20250803 14:37:16.095003 15032 sk_generator.cpp:1179] Upload this batch sk records finished with result: NO_ERROR
I20250803 14:37:16.096886 15033 sk_generator.cpp:1200] Finish upload worker.
I20250803 14:37:16.096976 15032 sk_generator.cpp:1200] Finish upload worker.
I20250803 14:37:16.097323 15031 sk_generator.cpp:292] ProcessTask: Finished generate index from range#278 for base table: test.array_match4 of ng#0 with result: NO_ERROR
I20250803 14:37:16.097769 15030 tx_index_operation.cpp:2240] Generate sk task successfully for this batch ranges. Base table: test.array_match4
I20250803 14:37:16.097795 15030 tx_index_operation.cpp:2245] Generate sk batch task finished. Base table: test.array_match4
I20250803 14:37:16.098157 14577 tx_index_operation.cpp:841] Alter Table Index transaction flush old sk record for base table: test.array_match4. Already scanned 1 pk ranges. Txn: 4294968671, and commit ts: 1754231835979622
I20250803 14:37:16.101187 14558 local_cc_shards.cpp:3881] AllocateFlushDataMemQuota old_usage: 0 new_usage: 38 quota: 644245094 flight_tasks: 1 of range: 3625 for table: test.array_match4*$$a_1
I20250803 14:37:16.102718 14558 data_sync_task.cpp:215] Flushing current flush buffer after all scan tasks are finished
I20250803 14:37:16.109175 14473 rocksdb_cloud_data_store.h:124] Compaction end, job_id: 442 ,thread: 14473 ,output_level: 0 ,input_files_size: 4 ,compaction_reason: 1
I20250803 14:37:16.136695 14451 rocksdb_cloud_data_store.cpp:1170] FlushData successfully.
I20250803 14:37:16.136698 14554 data_store_service_client.cpp:488] DataStoreHandler::PersistKV success.
I20250803 14:37:16.137039 14554 local_cc_shards.cpp:5493] DelocateFlushDataMemQuota old_usage: 38 new_usage: 0 quota: 644245094
I20250803 14:37:16.137655 14577 tx_index_operation.cpp:972] Alter Table Index transaction write prepare index log with last finished end key: . Base table: test.array_match4. Txn: 4294968671
I20250803 14:37:16.145532 14577 tx_index_operation.cpp:1089] Alter Table Index transaction lock cluster config, txn: 4294968671
I20250803 14:37:16.145756 14577 tx_index_operation.cpp:222] Alter Table Index transaction post acquire all write lock, txn: 4294968671
I20250803 14:37:16.145892 14577 tx_index_operation.cpp:1170] Alter Table Index transaction write commit log, txn: 4294968671
I20250803 14:37:16.177572 14471 rocksdb_cloud_data_store.h:113] Compaction begin, job_id: 446 ,thread: 14471 ,output_level: 0 ,input_files_size: 4 ,compaction_reason: 1
I20250803 14:37:16.177663 14577 tx_index_operation.cpp:1441] Alter Table Index transaction commit dirty table schema, txn: 4294968671
I20250803 14:37:16.178448 14577 tx_index_operation.cpp:1533] Alter Table Index transaction write clean log, txn: 4294968671
I20250803 14:37:16.213837 14471 rocksdb_cloud_data_store.h:124] Compaction end, job_id: 446 ,thread: 14471 ,output_level: 0 ,input_files_size: 4 ,compaction_reason: 1
I20250803 14:37:17.062844 14577 tx_operation.cpp:2449] txn: 4294968682 process acquire_all_intent_op_
I20250803 14:37:17.063154 14577 tx_operation.cpp:2505] txn: 4294968682 process prepare_log_op_
I20250803 14:37:17.067831 14577 tx_operation.cpp:2585] txn: 4294968682 process post_all_intent_op_
I20250803 14:37:17.132617 14577 tx_operation.cpp:2829] txn: 4294968682 process update_sequence_table_op_
I20250803 14:37:17.135109 14577 tx_operation.cpp:2984] txn: 4294968682 process commit_log_op_
I20250803 14:37:17.139355 14577 tx_operation.cpp:3210] txn: 4294968682 process clean_log_op_
I20250803 14:37:17.335672 14577 tx_index_operation.cpp:198] Alter Table Index transaction lock cluster config , txn: 4294968701
I20250803 14:37:17.335881 14577 tx_index_operation.cpp:234] Alter Table Index transaction prepare acquire all write intent, txn: 4294968701
I20250803 14:37:17.336040 14577 tx_index_operation.cpp:271] Alter Table Index transaction prepare acquire all write lock, txn: 4294968701
I20250803 14:37:17.336119 14577 tx_index_operation.cpp:314] Alter Table Index transaction write prepare log, txn: 4294968701. The schema version: 1754231837280652
I20250803 14:37:17.340519 14577 tx_index_operation.cpp:378] Alter Table Index transaction install dirty table schema, txn: 4294968701
I20250803 14:37:17.344332 14577 tx_index_operation.cpp:452] Alter Table Index transaction release cluster config lock, txn: 4294968701
I20250803 14:37:17.344460 14577 tx_index_operation.cpp:477] Alter Table Index transaction upsert data store info for base table: test.arrayfind1, txn: 4294968701
I20250803 14:37:17.380179 14520 rocksdb_cloud_data_store.h:113] Compaction begin, job_id: 450 ,thread: 14520 ,output_level: 0 ,input_files_size: 4 ,compaction_reason: 1
I20250803 14:37:17.409083 14577 tx_index_operation.cpp:547] Alter Table Index transaction init range id for table: test.arrayfind1, txn: 4294968701
I20250803 14:37:17.410959 14577 tx_index_operation.cpp:626] Alter Table Index transaction start generate sk with the parallelism: 3 of each node group for table: test.arrayfind1, txn: 4294968701
I20250803 14:37:17.411612 15041 tx_index_operation.cpp:2178] Process this batch task for table: test.arrayfind1 of range ids: 707,. Acquire range lock txn: 449
I20250803 14:37:17.411816 15042 sk_generator.cpp:167] ProcessTask: Generate index on range#707 for base table: test.arrayfind1 of ng#0
I20250803 14:37:17.414070 15042 sk_generator.cpp:552] ScanAndEncodeIndex: Finish scan and encode index on range#707 for table:test.arrayfind1 of ng#0 with pk items: 6
I20250803 14:37:17.414302 15043 sk_generator.cpp:680] UploadEncodedIndex: Upload encoded indexes of ng#0 with txn: 451
I20250803 14:37:17.414810 15043 sk_generator.cpp:717] UploadEncodedIndex: Finished of ng#0 with result: NO_ERROR
I20250803 14:37:17.414857 15043 sk_generator.cpp:1179] Upload this batch sk records finished with result: NO_ERROR
I20250803 14:37:17.416198 15044 sk_generator.cpp:1200] Finish upload worker.
I20250803 14:37:17.416338 15043 sk_generator.cpp:1200] Finish upload worker.
I20250803 14:37:17.416715 15042 sk_generator.cpp:292] ProcessTask: Finished generate index from range#707 for base table: test.arrayfind1 of ng#0 with result: NO_ERROR
I20250803 14:37:17.417155 15041 tx_index_operation.cpp:2240] Generate sk task successfully for this batch ranges. Base table: test.arrayfind1
I20250803 14:37:17.417187 15041 tx_index_operation.cpp:2245] Generate sk batch task finished. Base table: test.arrayfind1
I20250803 14:37:17.417583 14577 tx_index_operation.cpp:841] Alter Table Index transaction flush old sk record for base table: test.arrayfind1. Already scanned 1 pk ranges. Txn: 4294968701, and commit ts: 1754231837280652
I20250803 14:37:17.420884 14557 local_cc_shards.cpp:3881] AllocateFlushDataMemQuota old_usage: 0 new_usage: 114 quota: 644245094 flight_tasks: 1 of range: 3874 for table: test.arrayfind1*$$a.x_1
I20250803 14:37:17.422313 14557 data_sync_task.cpp:215] Flushing current flush buffer after all scan tasks are finished
I20250803 14:37:17.426121 14520 rocksdb_cloud_data_store.h:124] Compaction end, job_id: 450 ,thread: 14520 ,output_level: 0 ,input_files_size: 4 ,compaction_reason: 1
I20250803 14:37:17.457954 14464 rocksdb_cloud_data_store.cpp:1170] FlushData successfully.
I20250803 14:37:17.458060 14554 data_store_service_client.cpp:488] DataStoreHandler::PersistKV success.
I20250803 14:37:17.458549 14554 local_cc_shards.cpp:5493] DelocateFlushDataMemQuota old_usage: 114 new_usage: 0 quota: 644245094
I20250803 14:37:17.459091 14577 tx_index_operation.cpp:972] Alter Table Index transaction write prepare index log with last finished end key: . Base table: test.arrayfind1. Txn: 4294968701
I20250803 14:37:17.464826 14577 tx_index_operation.cpp:1089] Alter Table Index transaction lock cluster config, txn: 4294968701
I20250803 14:37:17.465034 14577 tx_index_operation.cpp:222] Alter Table Index transaction post acquire all write lock, txn: 4294968701
I20250803 14:37:17.465166 14577 tx_index_operation.cpp:1170] Alter Table Index transaction write commit log, txn: 4294968701
I20250803 14:37:17.497840 14521 rocksdb_cloud_data_store.h:113] Compaction begin, job_id: 454 ,thread: 14521 ,output_level: 0 ,input_files_size: 4 ,compaction_reason: 1
I20250803 14:37:17.497936 14577 tx_index_operation.cpp:1441] Alter Table Index transaction commit dirty table schema, txn: 4294968701
I20250803 14:37:17.498724 14577 tx_index_operation.cpp:1533] Alter Table Index transaction write clean log, txn: 4294968701
I20250803 14:37:17.531423 14521 rocksdb_cloud_data_store.h:124] Compaction end, job_id: 454 ,thread: 14521 ,output_level: 0 ,input_files_size: 4 ,compaction_reason: 1
I20250803 14:37:18.461225 14577 tx_operation.cpp:2449] txn: 4294968710 process acquire_all_intent_op_
I20250803 14:37:18.461509 14577 tx_operation.cpp:2505] txn: 4294968710 process prepare_log_op_
I20250803 14:37:18.466209 14577 tx_operation.cpp:2585] txn: 4294968710 process post_all_intent_op_
I20250803 14:37:18.525600 14577 tx_operation.cpp:2829] txn: 4294968710 process update_sequence_table_op_
I20250803 14:37:18.527706 14577 tx_operation.cpp:2984] txn: 4294968710 process commit_log_op_
I20250803 14:37:18.532351 14577 tx_operation.cpp:3210] txn: 4294968710 process clean_log_op_
I20250803 14:37:18.644605 14577 tx_index_operation.cpp:198] Alter Table Index transaction lock cluster config , txn: 4294968722
I20250803 14:37:18.644819 14577 tx_index_operation.cpp:234] Alter Table Index transaction prepare acquire all write intent, txn: 4294968722
I20250803 14:37:18.644973 14577 tx_index_operation.cpp:271] Alter Table Index transaction prepare acquire all write lock, txn: 4294968722
I20250803 14:37:18.645063 14577 tx_index_operation.cpp:314] Alter Table Index transaction write prepare log, txn: 4294968722. The schema version: 1754231838582923
I20250803 14:37:18.649912 14577 tx_index_operation.cpp:378] Alter Table Index transaction install dirty table schema, txn: 4294968722
I20250803 14:37:18.652122 14577 tx_index_operation.cpp:452] Alter Table Index transaction release cluster config lock, txn: 4294968722
I20250803 14:37:18.652215 14577 tx_index_operation.cpp:477] Alter Table Index transaction upsert data store info for base table: test.arrayfind2, txn: 4294968722
I20250803 14:37:18.680892 14522 rocksdb_cloud_data_store.h:113] Compaction begin, job_id: 458 ,thread: 14522 ,output_level: 0 ,input_files_size: 4 ,compaction_reason: 1
I20250803 14:37:18.711050 14577 tx_index_operation.cpp:547] Alter Table Index transaction init range id for table: test.arrayfind2, txn: 4294968722
I20250803 14:37:18.713158 14577 tx_index_operation.cpp:626] Alter Table Index transaction start generate sk with the parallelism: 3 of each node group for table: test.arrayfind2, txn: 4294968722
I20250803 14:37:18.714134 15052 tx_index_operation.cpp:2178] Process this batch task for table: test.arrayfind2 of range ids: 2842,. Acquire range lock txn: 4294968724
I20250803 14:37:18.714305 15053 sk_generator.cpp:167] ProcessTask: Generate index on range#2842 for base table: test.arrayfind2 of ng#0
I20250803 14:37:18.716202 15053 sk_generator.cpp:552] ScanAndEncodeIndex: Finish scan and encode index on range#2842 for table:test.arrayfind2 of ng#0 with pk items: 3
I20250803 14:37:18.716550 15054 sk_generator.cpp:680] UploadEncodedIndex: Upload encoded indexes of ng#0 with txn: 452
I20250803 14:37:18.717073 15054 sk_generator.cpp:717] UploadEncodedIndex: Finished of ng#0 with result: NO_ERROR
I20250803 14:37:18.717118 15054 sk_generator.cpp:1179] Upload this batch sk records finished with result: NO_ERROR
I20250803 14:37:18.718233 15055 sk_generator.cpp:1200] Finish upload worker.
I20250803 14:37:18.718324 15054 sk_generator.cpp:1200] Finish upload worker.
I20250803 14:37:18.718655 15053 sk_generator.cpp:292] ProcessTask: Finished generate index from range#2842 for base table: test.arrayfind2 of ng#0 with result: NO_ERROR
I20250803 14:37:18.718964 15052 tx_index_operation.cpp:2240] Generate sk task successfully for this batch ranges. Base table: test.arrayfind2
I20250803 14:37:18.718981 15052 tx_index_operation.cpp:2245] Generate sk batch task finished. Base table: test.arrayfind2
I20250803 14:37:18.719225 14577 tx_index_operation.cpp:841] Alter Table Index transaction flush old sk record for base table: test.arrayfind2. Already scanned 1 pk ranges. Txn: 4294968722, and commit ts: 1754231838582923
I20250803 14:37:18.722214 14558 local_cc_shards.cpp:3881] AllocateFlushDataMemQuota old_usage: 0 new_usage: 144 quota: 644245094 flight_tasks: 1 of range: 1616 for table: test.arrayfind2*$$a_1
I20250803 14:37:18.723716 14558 data_sync_task.cpp:215] Flushing current flush buffer after all scan tasks are finished
I20250803 14:37:18.728093 14522 rocksdb_cloud_data_store.h:124] Compaction end, job_id: 458 ,thread: 14522 ,output_level: 0 ,input_files_size: 4 ,compaction_reason: 1
I20250803 14:37:18.753504 14460 rocksdb_cloud_data_store.cpp:1170] FlushData successfully.
I20250803 14:37:18.753563 14554 data_store_service_client.cpp:488] DataStoreHandler::PersistKV success.
I20250803 14:37:18.753885 14554 local_cc_shards.cpp:5493] DelocateFlushDataMemQuota old_usage: 144 new_usage: 0 quota: 644245094
I20250803 14:37:18.754331 14577 tx_index_operation.cpp:972] Alter Table Index transaction write prepare index log with last finished end key: . Base table: test.arrayfind2. Txn: 4294968722
I20250803 14:37:18.760250 14577 tx_index_operation.cpp:1089] Alter Table Index transaction lock cluster config, txn: 4294968722
I20250803 14:37:18.760491 14577 tx_index_operation.cpp:222] Alter Table Index transaction post acquire all write lock, txn: 4294968722
I20250803 14:37:18.760622 14577 tx_index_operation.cpp:1170] Alter Table Index transaction write commit log, txn: 4294968722
I20250803 14:37:18.797844 14524 rocksdb_cloud_data_store.h:113] Compaction begin, job_id: 462 ,thread: 14524 ,output_level: 0 ,input_files_size: 4 ,compaction_reason: 1
I20250803 14:37:18.797977 14577 tx_index_operation.cpp:1441] Alter Table Index transaction commit dirty table schema, txn: 4294968722
I20250803 14:37:18.798856 14577 tx_index_operation.cpp:1533] Alter Table Index transaction write clean log, txn: 4294968722
I20250803 14:37:18.831753 14524 rocksdb_cloud_data_store.h:124] Compaction end, job_id: 462 ,thread: 14524 ,output_level: 0 ,input_files_size: 4 ,compaction_reason: 1
I20250803 14:37:19.818032 14577 tx_operation.cpp:2449] txn: 4294968734 process acquire_all_intent_op_
I20250803 14:37:19.818372 14577 tx_operation.cpp:2505] txn: 4294968734 process prepare_log_op_
I20250803 14:37:19.827157 14577 tx_operation.cpp:2585] txn: 4294968734 process post_all_intent_op_
I20250803 14:37:19.892532 14577 tx_operation.cpp:2829] txn: 4294968734 process update_sequence_table_op_
I20250803 14:37:19.896039 14577 tx_operation.cpp:2984] txn: 4294968734 process commit_log_op_
I20250803 14:37:19.902643 14577 tx_operation.cpp:3210] txn: 4294968734 process clean_log_op_
I20250803 14:37:20.007422 14577 tx_index_operation.cpp:198] Alter Table Index transaction lock cluster config , txn: 4294968741
I20250803 14:37:20.008193 14577 tx_index_operation.cpp:234] Alter Table Index transaction prepare acquire all write intent, txn: 4294968741
I20250803 14:37:20.008414 14577 tx_index_operation.cpp:271] Alter Table Index transaction prepare acquire all write lock, txn: 4294968741
I20250803 14:37:20.014410 14577 tx_index_operation.cpp:314] Alter Table Index transaction write prepare log, txn: 4294968741. The schema version: 1754231839985910
I20250803 14:37:20.019536 14577 tx_index_operation.cpp:378] Alter Table Index transaction install dirty table schema, txn: 4294968741
I20250803 14:37:20.022063 14577 tx_index_operation.cpp:452] Alter Table Index transaction release cluster config lock, txn: 4294968741
I20250803 14:37:20.022158 14577 tx_index_operation.cpp:477] Alter Table Index transaction upsert data store info for base table: test.arrayfind3, txn: 4294968741
I20250803 14:37:20.053351 14472 rocksdb_cloud_data_store.h:113] Compaction begin, job_id: 466 ,thread: 14472 ,output_level: 0 ,input_files_size: 4 ,compaction_reason: 1
I20250803 14:37:20.084451 14577 tx_index_operation.cpp:547] Alter Table Index transaction init range id for table: test.arrayfind3, txn: 4294968741
I20250803 14:37:20.087037 14577 tx_index_operation.cpp:626] Alter Table Index transaction start generate sk with the parallelism: 3 of each node group for table: test.arrayfind3, txn: 4294968741
I20250803 14:37:20.088270 15063 tx_index_operation.cpp:2178] Process this batch task for table: test.arrayfind3 of range ids: 1749,. Acquire range lock txn: 4294968764
I20250803 14:37:20.088897 15064 sk_generator.cpp:167] ProcessTask: Generate index on range#1749 for base table: test.arrayfind3 of ng#0
I20250803 14:37:20.091681 15064 sk_generator.cpp:552] ScanAndEncodeIndex: Finish scan and encode index on range#1749 for table:test.arrayfind3 of ng#0 with pk items: 3
I20250803 14:37:20.091929 15065 sk_generator.cpp:680] UploadEncodedIndex: Upload encoded indexes of ng#0 with txn: 4294968767
I20250803 14:37:20.093408 15065 sk_generator.cpp:717] UploadEncodedIndex: Finished of ng#0 with result: NO_ERROR
I20250803 14:37:20.093453 15065 sk_generator.cpp:1179] Upload this batch sk records finished with result: NO_ERROR
I20250803 14:37:20.094019 15066 sk_generator.cpp:1200] Finish upload worker.
I20250803 14:37:20.094080 15065 sk_generator.cpp:1200] Finish upload worker.
I20250803 14:37:20.096412 15064 sk_generator.cpp:292] ProcessTask: Finished generate index from range#1749 for base table: test.arrayfind3 of ng#0 with result: NO_ERROR
I20250803 14:37:20.096818 15063 tx_index_operation.cpp:2240] Generate sk task successfully for this batch ranges. Base table: test.arrayfind3
I20250803 14:37:20.096850 15063 tx_index_operation.cpp:2245] Generate sk batch task finished. Base table: test.arrayfind3
I20250803 14:37:20.097189 14577 tx_index_operation.cpp:841] Alter Table Index transaction flush old sk record for base table: test.arrayfind3. Already scanned 1 pk ranges. Txn: 4294968741, and commit ts: 1754231839985910
I20250803 14:37:20.102027 14557 local_cc_shards.cpp:3881] AllocateFlushDataMemQuota old_usage: 0 new_usage: 152 quota: 644245094 flight_tasks: 1 of range: 1836 for table: test.arrayfind3*$$a_1
I20250803 14:37:20.102758 14472 rocksdb_cloud_data_store.h:124] Compaction end, job_id: 466 ,thread: 14472 ,output_level: 0 ,input_files_size: 4 ,compaction_reason: 1
I20250803 14:37:20.104074 14557 data_sync_task.cpp:215] Flushing current flush buffer after all scan tasks are finished
I20250803 14:37:20.141268 14461 rocksdb_cloud_data_store.cpp:1170] FlushData successfully.
I20250803 14:37:20.141269 14554 data_store_service_client.cpp:488] DataStoreHandler::PersistKV success.
I20250803 14:37:20.141702 14554 local_cc_shards.cpp:5493] DelocateFlushDataMemQuota old_usage: 152 new_usage: 0 quota: 644245094
I20250803 14:37:20.142153 14577 tx_index_operation.cpp:972] Alter Table Index transaction write prepare index log with last finished end key: . Base table: test.arrayfind3. Txn: 4294968741
I20250803 14:37:20.147266 14577 tx_index_operation.cpp:1089] Alter Table Index transaction lock cluster config, txn: 4294968741
I20250803 14:37:20.147430 14577 tx_index_operation.cpp:222] Alter Table Index transaction post acquire all write lock, txn: 4294968741
I20250803 14:37:20.147557 14577 tx_index_operation.cpp:1170] Alter Table Index transaction write commit log, txn: 4294968741
I20250803 14:37:20.180970 14577 tx_index_operation.cpp:1441] Alter Table Index transaction commit dirty table schema, txn: 4294968741
I20250803 14:37:20.181756 14577 tx_index_operation.cpp:1533] Alter Table Index transaction write clean log, txn: 4294968741
I20250803 14:37:20.182489 14523 rocksdb_cloud_data_store.h:113] Compaction begin, job_id: 470 ,thread: 14523 ,output_level: 0 ,input_files_size: 4 ,compaction_reason: 1
I20250803 14:37:20.218730 14523 rocksdb_cloud_data_store.h:124] Compaction end, job_id: 470 ,thread: 14523 ,output_level: 0 ,input_files_size: 4 ,compaction_reason: 1
I20250803 14:37:21.119937 14577 tx_operation.cpp:2449] txn: 4294968801 process acquire_all_intent_op_
I20250803 14:37:21.120204 14577 tx_operation.cpp:2505] txn: 4294968801 process prepare_log_op_
I20250803 14:37:21.124687 14577 tx_operation.cpp:2585] txn: 4294968801 process post_all_intent_op_
I20250803 14:37:21.183835 14577 tx_operation.cpp:2829] txn: 4294968801 process update_sequence_table_op_
I20250803 14:37:21.186489 14577 tx_operation.cpp:2984] txn: 4294968801 process commit_log_op_
I20250803 14:37:21.190824 14577 tx_operation.cpp:3210] txn: 4294968801 process clean_log_op_
I20250803 14:37:21.220969 14577 tx_index_operation.cpp:198] Alter Table Index transaction lock cluster config , txn: 4294968804
I20250803 14:37:21.221195 14577 tx_index_operation.cpp:234] Alter Table Index transaction prepare acquire all write intent, txn: 4294968804
I20250803 14:37:21.221400 14577 tx_index_operation.cpp:271] Alter Table Index transaction prepare acquire all write lock, txn: 4294968804
I20250803 14:37:21.221544 14577 tx_index_operation.cpp:314] Alter Table Index transaction write prepare log, txn: 4294968804. The schema version: 1754231841187058
I20250803 14:37:21.226118 14577 tx_index_operation.cpp:378] Alter Table Index transaction install dirty table schema, txn: 4294968804
I20250803 14:37:21.230010 14577 tx_index_operation.cpp:452] Alter Table Index transaction release cluster config lock, txn: 4294968804
I20250803 14:37:21.230113 14577 tx_index_operation.cpp:477] Alter Table Index transaction upsert data store info for base table: test.jstests_arrayfind4, txn: 4294968804
I20250803 14:37:21.268436 14525 rocksdb_cloud_data_store.h:113] Compaction begin, job_id: 474 ,thread: 14525 ,output_level: 0 ,input_files_size: 4 ,compaction_reason: 1
I20250803 14:37:21.296816 14577 tx_index_operation.cpp:547] Alter Table Index transaction init range id for table: test.jstests_arrayfind4, txn: 4294968804
I20250803 14:37:21.298568 14577 tx_index_operation.cpp:626] Alter Table Index transaction start generate sk with the parallelism: 3 of each node group for table: test.jstests_arrayfind4, txn: 4294968804
I20250803 14:37:21.299252 15074 tx_index_operation.cpp:2178] Process this batch task for table: test.jstests_arrayfind4 of range ids: 794,. Acquire range lock txn: 510
I20250803 14:37:21.299453 15075 sk_generator.cpp:167] ProcessTask: Generate index on range#794 for base table: test.jstests_arrayfind4 of ng#0
I20250803 14:37:21.301575 15075 sk_generator.cpp:552] ScanAndEncodeIndex: Finish scan and encode index on range#794 for table:test.jstests_arrayfind4 of ng#0 with pk items: 1
I20250803 14:37:21.301779 15076 sk_generator.cpp:680] UploadEncodedIndex: Upload encoded indexes of ng#0 with txn: 4294968807
I20250803 14:37:21.301981 15076 sk_generator.cpp:717] UploadEncodedIndex: Finished of ng#0 with result: NO_ERROR
I20250803 14:37:21.302006 15076 sk_generator.cpp:1179] Upload this batch sk records finished with result: NO_ERROR
I20250803 14:37:21.303938 15077 sk_generator.cpp:1200] Finish upload worker.
I20250803 14:37:21.304035 15076 sk_generator.cpp:1200] Finish upload worker.
I20250803 14:37:21.304330 15075 sk_generator.cpp:292] ProcessTask: Finished generate index from range#794 for base table: test.jstests_arrayfind4 of ng#0 with result: NO_ERROR
I20250803 14:37:21.304739 15074 tx_index_operation.cpp:2240] Generate sk task successfully for this batch ranges. Base table: test.jstests_arrayfind4
I20250803 14:37:21.304773 15074 tx_index_operation.cpp:2245] Generate sk batch task finished. Base table: test.jstests_arrayfind4
I20250803 14:37:21.305063 14577 tx_index_operation.cpp:841] Alter Table Index transaction flush old sk record for base table: test.jstests_arrayfind4. Already scanned 1 pk ranges. Txn: 4294968804, and commit ts: 1754231841187058
I20250803 14:37:21.307698 14558 local_cc_shards.cpp:3881] AllocateFlushDataMemQuota old_usage: 0 new_usage: 17 quota: 644245094 flight_tasks: 1 of range: 3575 for table: test.jstests_arrayfind4*$$a_1
I20250803 14:37:21.309137 14558 data_sync_task.cpp:215] Flushing current flush buffer after all scan tasks are finished
I20250803 14:37:21.312971 14525 rocksdb_cloud_data_store.h:124] Compaction end, job_id: 474 ,thread: 14525 ,output_level: 0 ,input_files_size: 4 ,compaction_reason: 1
I20250803 14:37:21.340920 14454 rocksdb_cloud_data_store.cpp:1170] FlushData successfully.
I20250803 14:37:21.340922 14554 data_store_service_client.cpp:488] DataStoreHandler::PersistKV success.
I20250803 14:37:21.341215 14554 local_cc_shards.cpp:5493] DelocateFlushDataMemQuota old_usage: 17 new_usage: 0 quota: 644245094
I20250803 14:37:21.341718 14577 tx_index_operation.cpp:972] Alter Table Index transaction write prepare index log with last finished end key: . Base table: test.jstests_arrayfind4. Txn: 4294968804
I20250803 14:37:21.346872 14577 tx_index_operation.cpp:1089] Alter Table Index transaction lock cluster config, txn: 4294968804
I20250803 14:37:21.347031 14577 tx_index_operation.cpp:222] Alter Table Index transaction post acquire all write lock, txn: 4294968804
I20250803 14:37:21.347132 14577 tx_index_operation.cpp:1170] Alter Table Index transaction write commit log, txn: 4294968804
I20250803 14:37:21.381108 14473 rocksdb_cloud_data_store.h:113] Compaction begin, job_id: 478 ,thread: 14473 ,output_level: 0 ,input_files_size: 4 ,compaction_reason: 1
I20250803 14:37:21.381201 14577 tx_index_operation.cpp:1441] Alter Table Index transaction commit dirty table schema, txn: 4294968804
I20250803 14:37:21.381897 14577 tx_index_operation.cpp:1533] Alter Table Index transaction write clean log, txn: 4294968804
I20250803 14:37:21.416405 14473 rocksdb_cloud_data_store.h:124] Compaction end, job_id: 478 ,thread: 14473 ,output_level: 0 ,input_files_size: 4 ,compaction_reason: 1
I20250803 14:37:22.231561 14577 tx_operation.cpp:2449] txn: 4294968821 process acquire_all_intent_op_
I20250803 14:37:22.231881 14577 tx_operation.cpp:2505] txn: 4294968821 process prepare_log_op_
I20250803 14:37:22.237715 14577 tx_operation.cpp:2585] txn: 4294968821 process post_all_intent_op_
I20250803 14:37:22.305842 14577 tx_operation.cpp:2829] txn: 4294968821 process update_sequence_table_op_
I20250803 14:37:22.308315 14577 tx_operation.cpp:2984] txn: 4294968821 process commit_log_op_
I20250803 14:37:22.312451 14577 tx_operation.cpp:3210] txn: 4294968821 process clean_log_op_
I20250803 14:37:22.385193 14577 tx_index_operation.cpp:198] Alter Table Index transaction lock cluster config , txn: 4294968829
I20250803 14:37:22.385404 14577 tx_index_operation.cpp:234] Alter Table Index transaction prepare acquire all write intent, txn: 4294968829
I20250803 14:37:22.385566 14577 tx_index_operation.cpp:271] Alter Table Index transaction prepare acquire all write lock, txn: 4294968829
I20250803 14:37:22.385648 14577 tx_index_operation.cpp:314] Alter Table Index transaction write prepare log, txn: 4294968829. The schema version: 1754231842287903
I20250803 14:37:22.390241 14577 tx_index_operation.cpp:378] Alter Table Index transaction install dirty table schema, txn: 4294968829
I20250803 14:37:22.391741 14577 tx_index_operation.cpp:452] Alter Table Index transaction release cluster config lock, txn: 4294968829
I20250803 14:37:22.391821 14577 tx_index_operation.cpp:477] Alter Table Index transaction upsert data store info for base table: test.jstests_arrayfind5, txn: 4294968829
I20250803 14:37:22.424026 14471 rocksdb_cloud_data_store.h:113] Compaction begin, job_id: 482 ,thread: 14471 ,output_level: 0 ,input_files_size: 4 ,compaction_reason: 1
I20250803 14:37:22.454550 14577 tx_index_operation.cpp:547] Alter Table Index transaction init range id for table: test.jstests_arrayfind5, txn: 4294968829
I20250803 14:37:22.456264 14577 tx_index_operation.cpp:626] Alter Table Index transaction start generate sk with the parallelism: 3 of each node group for table: test.jstests_arrayfind5, txn: 4294968829
I20250803 14:37:22.456956 15085 tx_index_operation.cpp:2178] Process this batch task for table: test.jstests_arrayfind5 of range ids: 2745,. Acquire range lock txn: 4294968830
I20250803 14:37:22.457110 15086 sk_generator.cpp:167] ProcessTask: Generate index on range#2745 for base table: test.jstests_arrayfind5 of ng#0
I20250803 14:37:22.458895 15086 sk_generator.cpp:552] ScanAndEncodeIndex: Finish scan and encode index on range#2745 for table:test.jstests_arrayfind5 of ng#0 with pk items: 1
I20250803 14:37:22.459125 15087 sk_generator.cpp:680] UploadEncodedIndex: Upload encoded indexes of ng#0 with txn: 4294968831
I20250803 14:37:22.459372 15087 sk_generator.cpp:717] UploadEncodedIndex: Finished of ng#0 with result: NO_ERROR
I20250803 14:37:22.459424 15087 sk_generator.cpp:1179] Upload this batch sk records finished with result: NO_ERROR
I20250803 14:37:22.460217 15088 sk_generator.cpp:1200] Finish upload worker.
I20250803 14:37:22.460256 15087 sk_generator.cpp:1200] Finish upload worker.
I20250803 14:37:22.460523 15086 sk_generator.cpp:292] ProcessTask: Finished generate index from range#2745 for base table: test.jstests_arrayfind5 of ng#0 with result: NO_ERROR
I20250803 14:37:22.460863 15085 tx_index_operation.cpp:2240] Generate sk task successfully for this batch ranges. Base table: test.jstests_arrayfind5
I20250803 14:37:22.460880 15085 tx_index_operation.cpp:2245] Generate sk batch task finished. Base table: test.jstests_arrayfind5
I20250803 14:37:22.461118 14577 tx_index_operation.cpp:841] Alter Table Index transaction flush old sk record for base table: test.jstests_arrayfind5. Already scanned 1 pk ranges. Txn: 4294968829, and commit ts: 1754231842287903
I20250803 14:37:22.463686 14556 local_cc_shards.cpp:3881] AllocateFlushDataMemQuota old_usage: 0 new_usage: 36 quota: 644245094 flight_tasks: 1 of range: 2641 for table: test.jstests_arrayfind5*$$a.b_1
I20250803 14:37:22.464798 14556 data_sync_task.cpp:215] Flushing current flush buffer after all scan tasks are finished
I20250803 14:37:22.471438 14471 rocksdb_cloud_data_store.h:124] Compaction end, job_id: 482 ,thread: 14471 ,output_level: 0 ,input_files_size: 4 ,compaction_reason: 1
I20250803 14:37:22.497875 14455 rocksdb_cloud_data_store.cpp:1170] FlushData successfully.
I20250803 14:37:22.497874 14554 data_store_service_client.cpp:488] DataStoreHandler::PersistKV success.
I20250803 14:37:22.498212 14554 local_cc_shards.cpp:5493] DelocateFlushDataMemQuota old_usage: 36 new_usage: 0 quota: 644245094
I20250803 14:37:22.498612 14577 tx_index_operation.cpp:972] Alter Table Index transaction write prepare index log with last finished end key: . Base table: test.jstests_arrayfind5. Txn: 4294968829
I20250803 14:37:22.504729 14577 tx_index_operation.cpp:1089] Alter Table Index transaction lock cluster config, txn: 4294968829
I20250803 14:37:22.504901 14577 tx_index_operation.cpp:222] Alter Table Index transaction post acquire all write lock, txn: 4294968829
I20250803 14:37:22.505007 14577 tx_index_operation.cpp:1170] Alter Table Index transaction write commit log, txn: 4294968829
I20250803 14:37:22.539129 14520 rocksdb_cloud_data_store.h:113] Compaction begin, job_id: 486 ,thread: 14520 ,output_level: 0 ,input_files_size: 4 ,compaction_reason: 1
I20250803 14:37:22.539213 14577 tx_index_operation.cpp:1441] Alter Table Index transaction commit dirty table schema, txn: 4294968829
I20250803 14:37:22.539783 14577 tx_index_operation.cpp:1533] Alter Table Index transaction write clean log, txn: 4294968829
I20250803 14:37:22.574852 14520 rocksdb_cloud_data_store.h:124] Compaction end, job_id: 486 ,thread: 14520 ,output_level: 0 ,input_files_size: 4 ,compaction_reason: 1
I20250803 14:37:22.604848 14577 tx_operation.cpp:2449] txn: 4294968837 process acquire_all_intent_op_
I20250803 14:37:22.605084 14577 tx_operation.cpp:2505] txn: 4294968837 process prepare_log_op_
I20250803 14:37:22.610764 14577 tx_operation.cpp:2585] txn: 4294968837 process post_all_intent_op_
I20250803 14:37:22.610950 14577 tx_operation.cpp:2624] txn: 4294968837 process acquire_all_lock_op_
I20250803 14:37:22.611058 14577 tx_operation.cpp:2984] txn: 4294968837 process commit_log_op_
I20250803 14:37:22.614151 14577 tx_operation.cpp:3055] txn: 4294968837 process upsert_kv_table_op_
I20250803 14:37:22.614233 14503 data_store_service_client.cpp:2698] DropTableWithRetry for table: t3825bf82-a868-4812-a36e-356142b177d0
I20250803 14:37:22.644912 14453 rocksdb_cloud_data_store.cpp:1544] DropTable successfully.
I20250803 14:37:22.644934 14503 data_store_service_client.cpp:2698] DropTableWithRetry for table: i19c93a75-0bea-4ba1-af53-dad764eeb1e7
I20250803 14:37:22.674068 14458 rocksdb_cloud_data_store.cpp:1544] DropTable successfully.
I20250803 14:37:22.675238 14461 rocksdb_cloud_data_store.cpp:1245] DeleteRange successfully.
I20250803 14:37:22.675356 14463 rocksdb_cloud_data_store.cpp:1245] DeleteRange successfully.
I20250803 14:37:22.675484 14452 rocksdb_cloud_data_store.cpp:1245] DeleteRange successfully.
I20250803 14:37:22.675583 14460 rocksdb_cloud_data_store.cpp:1245] DeleteRange successfully.
I20250803 14:37:22.675683 14465 rocksdb_cloud_data_store.cpp:1245] DeleteRange successfully.
I20250803 14:37:22.675750 14459 rocksdb_cloud_data_store.cpp:1245] DeleteRange successfully.
I20250803 14:37:22.711350 14517 log_state_rocksdb_cloud_impl.cpp:1418] Total memtables size: 0 MB
I20250803 14:37:22.711408 14517 log_state_rocksdb_cloud_impl.cpp:1419] Total SSTables size used in replay: 0 MB
I20250803 14:37:22.711419 14517 log_state_rocksdb_cloud_impl.cpp:1423] Total replay log size: 0 MB
I20250803 14:37:22.713806 14521 rocksdb_cloud_data_store.h:113] Compaction begin, job_id: 490 ,thread: 14521 ,output_level: 0 ,input_files_size: 4 ,compaction_reason: 1
I20250803 14:37:22.713944 14577 tx_operation.cpp:2829] txn: 4294968837 process update_sequence_table_op_
I20250803 14:37:22.715775 14577 tx_operation.cpp:2929] UpsertTableOp: Clean all ccmap on all node groups, txn: 4294968837
I20250803 14:37:22.715807 14577 tx_operation.cpp:2935] txn: 4294968837 process clean_ccm_op_
I20250803 14:37:22.715960 14577 tx_operation.cpp:3113] txn: 4294968837 process post_all_lock_op_
I20250803 14:37:22.716455 14577 tx_operation.cpp:3210] txn: 4294968837 process clean_log_op_
I20250803 14:37:22.728964 14577 tx_operation.cpp:2449] txn: 4294968839 process acquire_all_intent_op_
I20250803 14:37:22.729204 14577 tx_operation.cpp:2505] txn: 4294968839 process prepare_log_op_
I20250803 14:37:22.733119 14577 tx_operation.cpp:2585] txn: 4294968839 process post_all_intent_op_
I20250803 14:37:22.751559 14521 rocksdb_cloud_data_store.h:124] Compaction end, job_id: 490 ,thread: 14521 ,output_level: 0 ,input_files_size: 4 ,compaction_reason: 1
I20250803 14:37:22.762059 14528 cc_request.h:2763] ccs 0 memory usage report, committed 60103600, allocated 58880584, frag ratio 2 , heap full: 0
I20250803 14:37:22.762127 14528 cc_request.h:2763] ccs 1 memory usage report, committed 61008528, allocated 59339664, frag ratio 2.7 , heap full: 0
I20250803 14:37:22.762146 14528 local_cc_shards.h:475] Table range memory report: allocated 120400, committed 160880, full: 0
I20250803 14:37:22.762184 14528 checkpointer.cpp:228] Begin checkpoint with timestamp: 1754231840786731. The memory usage of node is: 115449 KB.
I20250803 14:37:22.764242 14557 local_cc_shards.cpp:3668] No items need to be sync in this round data sync of range#794 for table: test.jstests_arrayfind4. Finish this task directly.
I20250803 14:37:22.764638 14558 local_cc_shards.cpp:3881] AllocateFlushDataMemQuota old_usage: 0 new_usage: 732 quota: 644245094 flight_tasks: 1 of range: 2205 for table: __sequence_table
I20250803 14:37:22.764784 14557 local_cc_shards.cpp:3668] No items need to be sync in this round data sync of range#2515 for table: test.jstests_array_match3*$$a.0_1. Finish this task directly.
I20250803 14:37:22.765532 14556 local_cc_shards.cpp:3881] AllocateFlushDataMemQuota old_usage: 732 new_usage: 978 quota: 644245094 flight_tasks: 1 of range: 2842 for table: test.arrayfind2
