I20250803 14:37:07.225080 14577 tx_index_operation.cpp:1170] Alter Table Index transaction write commit log, txn: 4294968372
I20250803 14:37:07.228267 14577 tx_index_operation.cpp:1302] Alter Table Index transaction commit dirty table schema, txn: 4294968372
I20250803 14:37:07.228740 14577 tx_index_operation.cpp:1533] Alter Table Index transaction write clean log, txn: 4294968372
I20250803 14:37:07.234704 14525 rocksdb_cloud_data_store.h:124] Compaction end, job_id: 366 ,thread: 14525 ,output_level: 0 ,input_files_size: 4 ,compaction_reason: 1
I20250803 14:37:07.281829 14577 tx_index_operation.cpp:198] Alter Table Index transaction lock cluster config , txn: 4294968377
I20250803 14:37:07.282073 14577 tx_index_operation.cpp:234] Alter Table Index transaction prepare acquire all write intent, txn: 4294968377
I20250803 14:37:07.282248 14577 tx_index_operation.cpp:271] Alter Table Index transaction prepare acquire all write lock, txn: 4294968377
I20250803 14:37:07.282330 14577 tx_index_operation.cpp:314] Alter Table Index transaction write prepare log, txn: 4294968377. The schema version: 1754231827273156
I20250803 14:37:07.287051 14577 tx_index_operation.cpp:378] Alter Table Index transaction install dirty table schema, txn: 4294968377
I20250803 14:37:07.288866 14577 tx_index_operation.cpp:452] Alter Table Index transaction release cluster config lock, txn: 4294968377
I20250803 14:37:07.288939 14577 tx_index_operation.cpp:477] Alter Table Index transaction upsert data store info for base table: test.apply_ops_index_collation, txn: 4294968377
I20250803 14:37:07.349730 14473 rocksdb_cloud_data_store.h:113] Compaction begin, job_id: 370 ,thread: 14473 ,output_level: 0 ,input_files_size: 4 ,compaction_reason: 1
I20250803 14:37:07.349804 14577 tx_index_operation.cpp:547] Alter Table Index transaction init range id for table: test.apply_ops_index_collation, txn: 4294968377
I20250803 14:37:07.351424 14577 tx_index_operation.cpp:626] Alter Table Index transaction start generate sk with the parallelism: 3 of each node group for table: test.apply_ops_index_collation, txn: 4294968377
I20250803 14:37:07.351852 14932 tx_index_operation.cpp:2178] Process this batch task for table: test.apply_ops_index_collation of range ids: 434,. Acquire range lock txn: 274
I20250803 14:37:07.351964 14933 sk_generator.cpp:167] ProcessTask: Generate index on range#434 for base table: test.apply_ops_index_collation of ng#0
I20250803 14:37:07.353353 14933 sk_generator.cpp:552] ScanAndEncodeIndex: Finish scan and encode index on range#434 for table:test.apply_ops_index_collation of ng#0 with pk items: 0
I20250803 14:37:07.354691 14933 sk_generator.cpp:292] ProcessTask: Finished generate index from range#434 for base table: test.apply_ops_index_collation of ng#0 with result: NO_ERROR
I20250803 14:37:07.354996 14932 tx_index_operation.cpp:2240] Generate sk task successfully for this batch ranges. Base table: test.apply_ops_index_collation
I20250803 14:37:07.355019 14932 tx_index_operation.cpp:2245] Generate sk batch task finished. Base table: test.apply_ops_index_collation
I20250803 14:37:07.355278 14577 tx_index_operation.cpp:817] Alter Table Indedx no need to perform flush sk operation for this batch range task for base table: test.apply_ops_index_collation. Txn: 4294968377
I20250803 14:37:07.355300 14577 tx_index_operation.cpp:1028] Alter Table Index transaction lock cluster config, txn: 4294968377
I20250803 14:37:07.355461 14577 tx_index_operation.cpp:222] Alter Table Index transaction post acquire all write lock, txn: 4294968377
I20250803 14:37:07.355567 14577 tx_index_operation.cpp:1170] Alter Table Index transaction write commit log, txn: 4294968377
I20250803 14:37:07.358860 14577 tx_index_operation.cpp:1302] Alter Table Index transaction commit dirty table schema, txn: 4294968377
I20250803 14:37:07.359314 14577 tx_index_operation.cpp:1533] Alter Table Index transaction write clean log, txn: 4294968377
I20250803 14:37:07.383787 14473 rocksdb_cloud_data_store.h:124] Compaction end, job_id: 370 ,thread: 14473 ,output_level: 0 ,input_files_size: 4 ,compaction_reason: 1
I20250803 14:37:07.412147 14577 tx_index_operation.cpp:198] Alter Table Index transaction lock cluster config , txn: 4294968383
I20250803 14:37:07.412374 14577 tx_index_operation.cpp:234] Alter Table Index transaction prepare acquire all write intent, txn: 4294968383
I20250803 14:37:07.412561 14577 tx_index_operation.cpp:271] Alter Table Index transaction prepare acquire all write lock, txn: 4294968383
I20250803 14:37:07.412643 14577 tx_index_operation.cpp:314] Alter Table Index transaction write prepare log, txn: 4294968383. The schema version: 1754231827373227
I20250803 14:37:07.416865 14577 tx_index_operation.cpp:378] Alter Table Index transaction install dirty table schema, txn: 4294968383
I20250803 14:37:07.418831 14577 tx_index_operation.cpp:452] Alter Table Index transaction release cluster config lock, txn: 4294968383
I20250803 14:37:07.418906 14577 tx_index_operation.cpp:477] Alter Table Index transaction upsert data store info for base table: test.apply_ops_index_collation, txn: 4294968383
I20250803 14:37:07.482867 14577 tx_index_operation.cpp:547] Alter Table Index transaction init range id for table: test.apply_ops_index_collation, txn: 4294968383
I20250803 14:37:07.484334 14577 tx_index_operation.cpp:626] Alter Table Index transaction start generate sk with the parallelism: 3 of each node group for table: test.apply_ops_index_collation, txn: 4294968383
I20250803 14:37:07.484710 14935 tx_index_operation.cpp:2178] Process this batch task for table: test.apply_ops_index_collation of range ids: 434,. Acquire range lock txn: 4294968385
I20250803 14:37:07.484795 14936 sk_generator.cpp:167] ProcessTask: Generate index on range#434 for base table: test.apply_ops_index_collation of ng#0
I20250803 14:37:07.486136 14936 sk_generator.cpp:552] ScanAndEncodeIndex: Finish scan and encode index on range#434 for table:test.apply_ops_index_collation of ng#0 with pk items: 0
I20250803 14:37:07.487444 14936 sk_generator.cpp:292] ProcessTask: Finished generate index from range#434 for base table: test.apply_ops_index_collation of ng#0 with result: NO_ERROR
I20250803 14:37:07.487736 14935 tx_index_operation.cpp:2240] Generate sk task successfully for this batch ranges. Base table: test.apply_ops_index_collation
I20250803 14:37:07.487761 14935 tx_index_operation.cpp:2245] Generate sk batch task finished. Base table: test.apply_ops_index_collation
I20250803 14:37:07.488049 14577 tx_index_operation.cpp:817] Alter Table Indedx no need to perform flush sk operation for this batch range task for base table: test.apply_ops_index_collation. Txn: 4294968383
I20250803 14:37:07.488070 14577 tx_index_operation.cpp:1028] Alter Table Index transaction lock cluster config, txn: 4294968383
I20250803 14:37:07.488207 14577 tx_index_operation.cpp:222] Alter Table Index transaction post acquire all write lock, txn: 4294968383
I20250803 14:37:07.488303 14577 tx_index_operation.cpp:1170] Alter Table Index transaction write commit log, txn: 4294968383
I20250803 14:37:07.491601 14577 tx_index_operation.cpp:1302] Alter Table Index transaction commit dirty table schema, txn: 4294968383
I20250803 14:37:07.492092 14577 tx_index_operation.cpp:1533] Alter Table Index transaction write clean log, txn: 4294968383
I20250803 14:37:07.564201 14577 tx_index_operation.cpp:198] Alter Table Index transaction lock cluster config , txn: 4294968391
I20250803 14:37:07.564474 14577 tx_index_operation.cpp:234] Alter Table Index transaction prepare acquire all write intent, txn: 4294968391
I20250803 14:37:07.564646 14577 tx_index_operation.cpp:271] Alter Table Index transaction prepare acquire all write lock, txn: 4294968391
I20250803 14:37:07.564724 14577 tx_index_operation.cpp:314] Alter Table Index transaction write prepare log, txn: 4294968391. The schema version: 1754231827473304
I20250803 14:37:07.568142 14577 tx_index_operation.cpp:378] Alter Table Index transaction install dirty table schema, txn: 4294968391
I20250803 14:37:07.570143 14577 tx_index_operation.cpp:452] Alter Table Index transaction release cluster config lock, txn: 4294968391
I20250803 14:37:07.570214 14577 tx_index_operation.cpp:477] Alter Table Index transaction upsert data store info for base table: test.apply_ops_index_collation, txn: 4294968391
I20250803 14:37:07.601243 14471 rocksdb_cloud_data_store.h:113] Compaction begin, job_id: 374 ,thread: 14471 ,output_level: 0 ,input_files_size: 4 ,compaction_reason: 1
I20250803 14:37:07.638963 14577 tx_index_operation.cpp:547] Alter Table Index transaction init range id for table: test.apply_ops_index_collation, txn: 4294968391
I20250803 14:37:07.640537 14577 tx_index_operation.cpp:626] Alter Table Index transaction start generate sk with the parallelism: 3 of each node group for table: test.apply_ops_index_collation, txn: 4294968391
I20250803 14:37:07.641191 14938 tx_index_operation.cpp:2178] Process this batch task for table: test.apply_ops_index_collation of range ids: 434,. Acquire range lock txn: 275
I20250803 14:37:07.641278 14939 sk_generator.cpp:167] ProcessTask: Generate index on range#434 for base table: test.apply_ops_index_collation of ng#0
I20250803 14:37:07.642920 14939 sk_generator.cpp:552] ScanAndEncodeIndex: Finish scan and encode index on range#434 for table:test.apply_ops_index_collation of ng#0 with pk items: 0
I20250803 14:37:07.644287 14939 sk_generator.cpp:292] ProcessTask: Finished generate index from range#434 for base table: test.apply_ops_index_collation of ng#0 with result: NO_ERROR
I20250803 14:37:07.644616 14938 tx_index_operation.cpp:2240] Generate sk task successfully for this batch ranges. Base table: test.apply_ops_index_collation
I20250803 14:37:07.644637 14938 tx_index_operation.cpp:2245] Generate sk batch task finished. Base table: test.apply_ops_index_collation
I20250803 14:37:07.644897 14577 tx_index_operation.cpp:817] Alter Table Indedx no need to perform flush sk operation for this batch range task for base table: test.apply_ops_index_collation. Txn: 4294968391
I20250803 14:37:07.644918 14577 tx_index_operation.cpp:1028] Alter Table Index transaction lock cluster config, txn: 4294968391
I20250803 14:37:07.645030 14577 tx_index_operation.cpp:222] Alter Table Index transaction post acquire all write lock, txn: 4294968391
I20250803 14:37:07.645125 14577 tx_index_operation.cpp:1170] Alter Table Index transaction write commit log, txn: 4294968391
I20250803 14:37:07.648371 14577 tx_index_operation.cpp:1302] Alter Table Index transaction commit dirty table schema, txn: 4294968391
I20250803 14:37:07.648924 14577 tx_index_operation.cpp:1533] Alter Table Index transaction write clean log, txn: 4294968391
I20250803 14:37:07.655581 14471 rocksdb_cloud_data_store.h:124] Compaction end, job_id: 374 ,thread: 14471 ,output_level: 0 ,input_files_size: 4 ,compaction_reason: 1
I20250803 14:37:07.728057 14577 tx_index_operation.cpp:198] Alter Table Index transaction lock cluster config , txn: 4294968399
I20250803 14:37:07.728262 14577 tx_index_operation.cpp:234] Alter Table Index transaction prepare acquire all write intent, txn: 4294968399
I20250803 14:37:07.728443 14577 tx_index_operation.cpp:271] Alter Table Index transaction prepare acquire all write lock, txn: 4294968399
I20250803 14:37:07.728541 14577 tx_index_operation.cpp:314] Alter Table Index transaction write prepare log, txn: 4294968399. The schema version: 1754231827673404
I20250803 14:37:07.732374 14577 tx_index_operation.cpp:378] Alter Table Index transaction install dirty table schema, txn: 4294968399
I20250803 14:37:07.735375 14577 tx_index_operation.cpp:452] Alter Table Index transaction release cluster config lock, txn: 4294968399
I20250803 14:37:07.735477 14577 tx_index_operation.cpp:477] Alter Table Index transaction upsert data store info for base table: test.apply_ops_index_collation, txn: 4294968399
I20250803 14:37:07.797974 14520 rocksdb_cloud_data_store.h:113] Compaction begin, job_id: 378 ,thread: 14520 ,output_level: 0 ,input_files_size: 4 ,compaction_reason: 1
I20250803 14:37:07.798040 14577 tx_index_operation.cpp:547] Alter Table Index transaction init range id for table: test.apply_ops_index_collation, txn: 4294968399
I20250803 14:37:07.799779 14577 tx_index_operation.cpp:626] Alter Table Index transaction start generate sk with the parallelism: 3 of each node group for table: test.apply_ops_index_collation, txn: 4294968399
I20250803 14:37:07.800122 14941 tx_index_operation.cpp:2178] Process this batch task for table: test.apply_ops_index_collation of range ids: 434,. Acquire range lock txn: 295
I20250803 14:37:07.800204 14942 sk_generator.cpp:167] ProcessTask: Generate index on range#434 for base table: test.apply_ops_index_collation of ng#0
I20250803 14:37:07.801481 14942 sk_generator.cpp:552] ScanAndEncodeIndex: Finish scan and encode index on range#434 for table:test.apply_ops_index_collation of ng#0 with pk items: 0
I20250803 14:37:07.803529 14942 sk_generator.cpp:292] ProcessTask: Finished generate index from range#434 for base table: test.apply_ops_index_collation of ng#0 with result: NO_ERROR
I20250803 14:37:07.803821 14941 tx_index_operation.cpp:2240] Generate sk task successfully for this batch ranges. Base table: test.apply_ops_index_collation
I20250803 14:37:07.803851 14941 tx_index_operation.cpp:2245] Generate sk batch task finished. Base table: test.apply_ops_index_collation
I20250803 14:37:07.804107 14577 tx_index_operation.cpp:817] Alter Table Indedx no need to perform flush sk operation for this batch range task for base table: test.apply_ops_index_collation. Txn: 4294968399
I20250803 14:37:07.804129 14577 tx_index_operation.cpp:1028] Alter Table Index transaction lock cluster config, txn: 4294968399
I20250803 14:37:07.804234 14577 tx_index_operation.cpp:222] Alter Table Index transaction post acquire all write lock, txn: 4294968399
I20250803 14:37:07.804337 14577 tx_index_operation.cpp:1170] Alter Table Index transaction write commit log, txn: 4294968399
I20250803 14:37:07.807588 14577 tx_index_operation.cpp:1302] Alter Table Index transaction commit dirty table schema, txn: 4294968399
I20250803 14:37:07.808230 14577 tx_index_operation.cpp:1533] Alter Table Index transaction write clean log, txn: 4294968399
I20250803 14:37:07.828701 14520 rocksdb_cloud_data_store.h:124] Compaction end, job_id: 378 ,thread: 14520 ,output_level: 0 ,input_files_size: 4 ,compaction_reason: 1
I20250803 14:37:07.894196 14577 tx_index_operation.cpp:198] Alter Table Index transaction lock cluster config , txn: 4294968440
I20250803 14:37:07.894425 14577 tx_index_operation.cpp:234] Alter Table Index transaction prepare acquire all write intent, txn: 4294968440
I20250803 14:37:07.894594 14577 tx_index_operation.cpp:271] Alter Table Index transaction prepare acquire all write lock, txn: 4294968440
I20250803 14:37:07.894668 14577 tx_index_operation.cpp:314] Alter Table Index transaction write prepare log, txn: 4294968440. The schema version: 1754231827873553
I20250803 14:37:07.898524 14577 tx_index_operation.cpp:378] Alter Table Index transaction install dirty table schema, txn: 4294968440
I20250803 14:37:07.900913 14577 tx_index_operation.cpp:452] Alter Table Index transaction release cluster config lock, txn: 4294968440
I20250803 14:37:07.900983 14577 tx_index_operation.cpp:477] Alter Table Index transaction upsert data store info for base table: test.apply_ops_index_collation, txn: 4294968440
I20250803 14:37:07.961311 14577 tx_index_operation.cpp:547] Alter Table Index transaction init range id for table: test.apply_ops_index_collation, txn: 4294968440
I20250803 14:37:07.962916 14577 tx_index_operation.cpp:626] Alter Table Index transaction start generate sk with the parallelism: 3 of each node group for table: test.apply_ops_index_collation, txn: 4294968440
I20250803 14:37:07.963294 14944 tx_index_operation.cpp:2178] Process this batch task for table: test.apply_ops_index_collation of range ids: 434,. Acquire range lock txn: 314
I20250803 14:37:07.963399 14945 sk_generator.cpp:167] ProcessTask: Generate index on range#434 for base table: test.apply_ops_index_collation of ng#0
I20250803 14:37:07.964749 14945 sk_generator.cpp:552] ScanAndEncodeIndex: Finish scan and encode index on range#434 for table:test.apply_ops_index_collation of ng#0 with pk items: 0
I20250803 14:37:07.966082 14945 sk_generator.cpp:292] ProcessTask: Finished generate index from range#434 for base table: test.apply_ops_index_collation of ng#0 with result: NO_ERROR
I20250803 14:37:07.966409 14944 tx_index_operation.cpp:2240] Generate sk task successfully for this batch ranges. Base table: test.apply_ops_index_collation
I20250803 14:37:07.966437 14944 tx_index_operation.cpp:2245] Generate sk batch task finished. Base table: test.apply_ops_index_collation
I20250803 14:37:07.966697 14577 tx_index_operation.cpp:817] Alter Table Indedx no need to perform flush sk operation for this batch range task for base table: test.apply_ops_index_collation. Txn: 4294968440
I20250803 14:37:07.966717 14577 tx_index_operation.cpp:1028] Alter Table Index transaction lock cluster config, txn: 4294968440
I20250803 14:37:07.966828 14577 tx_index_operation.cpp:222] Alter Table Index transaction post acquire all write lock, txn: 4294968440
I20250803 14:37:07.966928 14577 tx_index_operation.cpp:1170] Alter Table Index transaction write commit log, txn: 4294968440
I20250803 14:37:07.970155 14577 tx_index_operation.cpp:1302] Alter Table Index transaction commit dirty table schema, txn: 4294968440
I20250803 14:37:07.970827 14577 tx_index_operation.cpp:1533] Alter Table Index transaction write clean log, txn: 4294968440
I20250803 14:37:08.669060 14577 tx_operation.cpp:2449] txn: 4294968444 process acquire_all_intent_op_
I20250803 14:37:08.669312 14577 tx_operation.cpp:2505] txn: 4294968444 process prepare_log_op_
I20250803 14:37:08.673631 14577 tx_operation.cpp:2585] txn: 4294968444 process post_all_intent_op_
I20250803 14:37:08.715032 14521 rocksdb_cloud_data_store.h:113] Compaction begin, job_id: 382 ,thread: 14521 ,output_level: 0 ,input_files_size: 4 ,compaction_reason: 1
I20250803 14:37:08.748567 14577 tx_operation.cpp:2829] txn: 4294968444 process update_sequence_table_op_
I20250803 14:37:08.750427 14577 tx_operation.cpp:2984] txn: 4294968444 process commit_log_op_
I20250803 14:37:08.754171 14577 tx_operation.cpp:3210] txn: 4294968444 process clean_log_op_
I20250803 14:37:08.766233 14521 rocksdb_cloud_data_store.h:124] Compaction end, job_id: 382 ,thread: 14521 ,output_level: 0 ,input_files_size: 4 ,compaction_reason: 1
I20250803 14:37:08.801731 14577 tx_index_operation.cpp:198] Alter Table Index transaction lock cluster config , txn: 4294968449
I20250803 14:37:08.801940 14577 tx_index_operation.cpp:234] Alter Table Index transaction prepare acquire all write intent, txn: 4294968449
I20250803 14:37:08.802088 14577 tx_index_operation.cpp:271] Alter Table Index transaction prepare acquire all write lock, txn: 4294968449
I20250803 14:37:08.802165 14577 tx_index_operation.cpp:314] Alter Table Index transaction write prepare log, txn: 4294968449. The schema version: 1754231828774208
I20250803 14:37:08.806161 14577 tx_index_operation.cpp:378] Alter Table Index transaction install dirty table schema, txn: 4294968449
I20250803 14:37:08.807487 14577 tx_index_operation.cpp:452] Alter Table Index transaction release cluster config lock, txn: 4294968449
I20250803 14:37:08.807559 14577 tx_index_operation.cpp:477] Alter Table Index transaction upsert data store info for base table: test.apply_ops_invalid_index_spec, txn: 4294968449
I20250803 14:37:08.873716 14522 rocksdb_cloud_data_store.h:113] Compaction begin, job_id: 386 ,thread: 14522 ,output_level: 0 ,input_files_size: 4 ,compaction_reason: 1
I20250803 14:37:08.873796 14577 tx_index_operation.cpp:547] Alter Table Index transaction init range id for table: test.apply_ops_invalid_index_spec, txn: 4294968449
I20250803 14:37:08.875221 14577 tx_index_operation.cpp:626] Alter Table Index transaction start generate sk with the parallelism: 3 of each node group for table: test.apply_ops_invalid_index_spec, txn: 4294968449
I20250803 14:37:08.875597 14953 tx_index_operation.cpp:2178] Process this batch task for table: test.apply_ops_invalid_index_spec of range ids: 1423,. Acquire range lock txn: 4294968451
I20250803 14:37:08.875680 14954 sk_generator.cpp:167] ProcessTask: Generate index on range#1423 for base table: test.apply_ops_invalid_index_spec of ng#0
I20250803 14:37:08.877157 14954 sk_generator.cpp:552] ScanAndEncodeIndex: Finish scan and encode index on range#1423 for table:test.apply_ops_invalid_index_spec of ng#0 with pk items: 1
I20250803 14:37:08.877368 14955 sk_generator.cpp:680] UploadEncodedIndex: Upload encoded indexes of ng#0 with txn: 317
I20250803 14:37:08.878108 14955 sk_generator.cpp:717] UploadEncodedIndex: Finished of ng#0 with result: NO_ERROR
I20250803 14:37:08.878134 14955 sk_generator.cpp:1179] Upload this batch sk records finished with result: NO_ERROR
I20250803 14:37:08.879238 14955 sk_generator.cpp:1200] Finish upload worker.
I20250803 14:37:08.879259 14956 sk_generator.cpp:1200] Finish upload worker.
I20250803 14:37:08.879458 14954 sk_generator.cpp:292] ProcessTask: Finished generate index from range#1423 for base table: test.apply_ops_invalid_index_spec of ng#0 with result: NO_ERROR
I20250803 14:37:08.879735 14953 tx_index_operation.cpp:2240] Generate sk task successfully for this batch ranges. Base table: test.apply_ops_invalid_index_spec
I20250803 14:37:08.879751 14953 tx_index_operation.cpp:2245] Generate sk batch task finished. Base table: test.apply_ops_invalid_index_spec
I20250803 14:37:08.880020 14577 tx_index_operation.cpp:841] Alter Table Index transaction flush old sk record for base table: test.apply_ops_invalid_index_spec. Already scanned 1 pk ranges. Txn: 4294968449, and commit ts: 1754231828774208
I20250803 14:37:08.881227 14557 local_cc_shards.cpp:3881] AllocateFlushDataMemQuota old_usage: 0 new_usage: 8 quota: 644245094 flight_tasks: 1 of range: 1440 for table: test.apply_ops_invalid_index_spec*$$a_1_create_v1
I20250803 14:37:08.882261 14557 data_sync_task.cpp:215] Flushing current flush buffer after all scan tasks are finished
I20250803 14:37:08.909591 14522 rocksdb_cloud_data_store.h:124] Compaction end, job_id: 386 ,thread: 14522 ,output_level: 0 ,input_files_size: 4 ,compaction_reason: 1
I20250803 14:37:08.927143 14452 rocksdb_cloud_data_store.cpp:1170] FlushData successfully.
I20250803 14:37:08.927151 14554 data_store_service_client.cpp:488] DataStoreHandler::PersistKV success.
I20250803 14:37:08.927395 14554 local_cc_shards.cpp:5493] DelocateFlushDataMemQuota old_usage: 8 new_usage: 0 quota: 644245094
I20250803 14:37:08.927767 14577 tx_index_operation.cpp:972] Alter Table Index transaction write prepare index log with last finished end key: . Base table: test.apply_ops_invalid_index_spec. Txn: 4294968449
I20250803 14:37:08.931310 14577 tx_index_operation.cpp:1028] Alter Table Index transaction lock cluster config, txn: 4294968449
I20250803 14:37:08.931493 14577 tx_index_operation.cpp:222] Alter Table Index transaction post acquire all write lock, txn: 4294968449
I20250803 14:37:08.931607 14577 tx_index_operation.cpp:1170] Alter Table Index transaction write commit log, txn: 4294968449
I20250803 14:37:08.934921 14577 tx_index_operation.cpp:1302] Alter Table Index transaction commit dirty table schema, txn: 4294968449
I20250803 14:37:08.935322 14577 tx_index_operation.cpp:1533] Alter Table Index transaction write clean log, txn: 4294968449
I20250803 14:37:10.188355 14577 tx_operation.cpp:2449] txn: 4294968458 process acquire_all_intent_op_
I20250803 14:37:10.188635 14577 tx_operation.cpp:2505] txn: 4294968458 process prepare_log_op_
I20250803 14:37:10.192265 14577 tx_operation.cpp:2585] txn: 4294968458 process post_all_intent_op_
I20250803 14:37:10.252604 14524 rocksdb_cloud_data_store.h:113] Compaction begin, job_id: 390 ,thread: 14524 ,output_level: 0 ,input_files_size: 4 ,compaction_reason: 1
I20250803 14:37:10.252678 14577 tx_operation.cpp:2829] txn: 4294968458 process update_sequence_table_op_
I20250803 14:37:10.254601 14577 tx_operation.cpp:2984] txn: 4294968458 process commit_log_op_
I20250803 14:37:10.258051 14577 tx_operation.cpp:3210] txn: 4294968458 process clean_log_op_
I20250803 14:37:10.284456 14524 rocksdb_cloud_data_store.h:124] Compaction end, job_id: 390 ,thread: 14524 ,output_level: 0 ,input_files_size: 4 ,compaction_reason: 1
I20250803 14:37:10.301753 14577 tx_index_operation.cpp:198] Alter Table Index transaction lock cluster config , txn: 4294968465
I20250803 14:37:10.301914 14577 tx_index_operation.cpp:234] Alter Table Index transaction prepare acquire all write intent, txn: 4294968465
I20250803 14:37:10.302047 14577 tx_index_operation.cpp:271] Alter Table Index transaction prepare acquire all write lock, txn: 4294968465
I20250803 14:37:10.302127 14577 tx_index_operation.cpp:314] Alter Table Index transaction write prepare log, txn: 4294968465. The schema version: 1754231830275332
I20250803 14:37:10.305788 14577 tx_index_operation.cpp:378] Alter Table Index transaction install dirty table schema, txn: 4294968465
I20250803 14:37:10.307060 14577 tx_index_operation.cpp:452] Alter Table Index transaction release cluster config lock, txn: 4294968465
I20250803 14:37:10.307128 14577 tx_index_operation.cpp:477] Alter Table Index transaction upsert data store info for base table: test.array1, txn: 4294968465
I20250803 14:37:10.366111 14577 tx_index_operation.cpp:547] Alter Table Index transaction init range id for table: test.array1, txn: 4294968465
I20250803 14:37:10.367723 14577 tx_index_operation.cpp:626] Alter Table Index transaction start generate sk with the parallelism: 3 of each node group for table: test.array1, txn: 4294968465
I20250803 14:37:10.368181 14969 tx_index_operation.cpp:2178] Process this batch task for table: test.array1 of range ids: 451,. Acquire range lock txn: 318
I20250803 14:37:10.368283 14970 sk_generator.cpp:167] ProcessTask: Generate index on range#451 for base table: test.array1 of ng#0
I20250803 14:37:10.369864 14970 sk_generator.cpp:552] ScanAndEncodeIndex: Finish scan and encode index on range#451 for table:test.array1 of ng#0 with pk items: 2
I20250803 14:37:10.370051 14971 sk_generator.cpp:680] UploadEncodedIndex: Upload encoded indexes of ng#0 with txn: 4294968467
I20250803 14:37:10.370291 14971 sk_generator.cpp:717] UploadEncodedIndex: Finished of ng#0 with result: NO_ERROR
I20250803 14:37:10.370314 14971 sk_generator.cpp:1179] Upload this batch sk records finished with result: NO_ERROR
I20250803 14:37:10.371177 14972 sk_generator.cpp:1200] Finish upload worker.
I20250803 14:37:10.371244 14971 sk_generator.cpp:1200] Finish upload worker.
I20250803 14:37:10.371531 14970 sk_generator.cpp:292] ProcessTask: Finished generate index from range#451 for base table: test.array1 of ng#0 with result: NO_ERROR
I20250803 14:37:10.371834 14969 tx_index_operation.cpp:2240] Generate sk task successfully for this batch ranges. Base table: test.array1
I20250803 14:37:10.371847 14969 tx_index_operation.cpp:2245] Generate sk batch task finished. Base table: test.array1
I20250803 14:37:10.372085 14577 tx_index_operation.cpp:841] Alter Table Index transaction flush old sk record for base table: test.array1. Already scanned 1 pk ranges. Txn: 4294968465, and commit ts: 1754231830275332
I20250803 14:37:10.374585 14558 local_cc_shards.cpp:3881] AllocateFlushDataMemQuota old_usage: 0 new_usage: 61 quota: 644245094 flight_tasks: 1 of range: 1076 for table: test.array1*$$a_1
I20250803 14:37:10.375648 14558 data_sync_task.cpp:215] Flushing current flush buffer after all scan tasks are finished
I20250803 14:37:10.405876 14472 rocksdb_cloud_data_store.h:113] Compaction begin, job_id: 394 ,thread: 14472 ,output_level: 0 ,input_files_size: 4 ,compaction_reason: 1
I20250803 14:37:10.405929 14462 rocksdb_cloud_data_store.cpp:1170] FlushData successfully.
I20250803 14:37:10.405932 14554 data_store_service_client.cpp:488] DataStoreHandler::PersistKV success.
I20250803 14:37:10.406241 14554 local_cc_shards.cpp:5493] DelocateFlushDataMemQuota old_usage: 61 new_usage: 0 quota: 644245094
I20250803 14:37:10.406713 14577 tx_index_operation.cpp:972] Alter Table Index transaction write prepare index log with last finished end key: . Base table: test.array1. Txn: 4294968465
I20250803 14:37:10.411206 14577 tx_index_operation.cpp:1089] Alter Table Index transaction lock cluster config, txn: 4294968465
I20250803 14:37:10.411357 14577 tx_index_operation.cpp:222] Alter Table Index transaction post acquire all write lock, txn: 4294968465
I20250803 14:37:10.411474 14577 tx_index_operation.cpp:1170] Alter Table Index transaction write commit log, txn: 4294968465
I20250803 14:37:10.438529 14472 rocksdb_cloud_data_store.h:124] Compaction end, job_id: 394 ,thread: 14472 ,output_level: 0 ,input_files_size: 4 ,compaction_reason: 1
I20250803 14:37:10.455466 14577 tx_index_operation.cpp:1441] Alter Table Index transaction commit dirty table schema, txn: 4294968465
I20250803 14:37:10.455945 14577 tx_index_operation.cpp:1533] Alter Table Index transaction write clean log, txn: 4294968465
I20250803 14:37:11.689152 14577 tx_operation.cpp:2449] txn: 4294968472 process acquire_all_intent_op_
I20250803 14:37:11.689416 14577 tx_operation.cpp:2505] txn: 4294968472 process prepare_log_op_
I20250803 14:37:11.693136 14577 tx_operation.cpp:2585] txn: 4294968472 process post_all_intent_op_
I20250803 14:37:11.755545 14523 rocksdb_cloud_data_store.h:113] Compaction begin, job_id: 398 ,thread: 14523 ,output_level: 0 ,input_files_size: 4 ,compaction_reason: 1
I20250803 14:37:11.755621 14577 tx_operation.cpp:2829] txn: 4294968472 process update_sequence_table_op_
I20250803 14:37:11.757431 14577 tx_operation.cpp:2984] txn: 4294968472 process commit_log_op_
I20250803 14:37:11.760673 14577 tx_operation.cpp:3210] txn: 4294968472 process clean_log_op_
I20250803 14:37:11.786789 14523 rocksdb_cloud_data_store.h:124] Compaction end, job_id: 398 ,thread: 14523 ,output_level: 0 ,input_files_size: 4 ,compaction_reason: 1
I20250803 14:37:11.811576 14577 tx_operation.cpp:2449] txn: 4294968478 process acquire_all_intent_op_
I20250803 14:37:11.811756 14577 tx_operation.cpp:2505] txn: 4294968478 process prepare_log_op_
I20250803 14:37:11.815598 14577 tx_operation.cpp:2585] txn: 4294968478 process post_all_intent_op_
I20250803 14:37:11.815759 14577 tx_operation.cpp:2624] txn: 4294968478 process acquire_all_lock_op_
I20250803 14:37:11.815858 14577 tx_operation.cpp:2984] txn: 4294968478 process commit_log_op_
I20250803 14:37:11.818967 14577 tx_operation.cpp:3055] txn: 4294968478 process upsert_kv_table_op_
I20250803 14:37:11.819041 14503 data_store_service_client.cpp:2698] DropTableWithRetry for table: t38563fa7-c692-4a00-b99e-34f3b6979058
I20250803 14:37:11.851200 14453 rocksdb_cloud_data_store.cpp:1544] DropTable successfully.
I20250803 14:37:11.851581 14458 rocksdb_cloud_data_store.cpp:1245] DeleteRange successfully.
I20250803 14:37:11.851667 14461 rocksdb_cloud_data_store.cpp:1245] DeleteRange successfully.
I20250803 14:37:11.851743 14460 rocksdb_cloud_data_store.cpp:1245] DeleteRange successfully.
I20250803 14:37:11.851810 14463 rocksdb_cloud_data_store.cpp:1245] DeleteRange successfully.
I20250803 14:37:11.884837 14577 tx_operation.cpp:2829] txn: 4294968478 process update_sequence_table_op_
I20250803 14:37:11.885905 14577 tx_operation.cpp:2929] UpsertTableOp: Clean all ccmap on all node groups, txn: 4294968478
I20250803 14:37:11.885927 14577 tx_operation.cpp:2935] txn: 4294968478 process clean_ccm_op_
I20250803 14:37:11.886027 14577 tx_operation.cpp:3113] txn: 4294968478 process post_all_lock_op_
I20250803 14:37:11.886340 14577 tx_operation.cpp:3210] txn: 4294968478 process clean_log_op_
I20250803 14:37:11.899781 14577 tx_operation.cpp:2449] txn: 4294968490 process acquire_all_intent_op_
I20250803 14:37:11.900039 14577 tx_operation.cpp:2505] txn: 4294968490 process prepare_log_op_
I20250803 14:37:11.903342 14577 tx_operation.cpp:2585] txn: 4294968490 process post_all_intent_op_
I20250803 14:37:11.936211 14525 rocksdb_cloud_data_store.h:113] Compaction begin, job_id: 402 ,thread: 14525 ,output_level: 0 ,input_files_size: 4 ,compaction_reason: 1
I20250803 14:37:11.963496 14577 tx_operation.cpp:2829] txn: 4294968490 process update_sequence_table_op_
I20250803 14:37:11.964784 14577 tx_operation.cpp:2984] txn: 4294968490 process commit_log_op_
I20250803 14:37:11.969139 14577 tx_operation.cpp:3210] txn: 4294968490 process clean_log_op_
I20250803 14:37:11.981498 14525 rocksdb_cloud_data_store.h:124] Compaction end, job_id: 402 ,thread: 14525 ,output_level: 0 ,input_files_size: 4 ,compaction_reason: 1
I20250803 14:37:12.006350 14577 tx_operation.cpp:2449] txn: 4294968527 process acquire_all_intent_op_
I20250803 14:37:12.006536 14577 tx_operation.cpp:2505] txn: 4294968527 process prepare_log_op_
I20250803 14:37:12.010069 14577 tx_operation.cpp:2585] txn: 4294968527 process post_all_intent_op_
I20250803 14:37:12.010214 14577 tx_operation.cpp:2624] txn: 4294968527 process acquire_all_lock_op_
I20250803 14:37:12.010308 14577 tx_operation.cpp:2984] txn: 4294968527 process commit_log_op_
I20250803 14:37:12.013407 14577 tx_operation.cpp:3055] txn: 4294968527 process upsert_kv_table_op_
I20250803 14:37:12.013480 14503 data_store_service_client.cpp:2698] DropTableWithRetry for table: tf4099f42-2dd3-4ade-905d-9b22b9791c91
I20250803 14:37:12.040933 14462 rocksdb_cloud_data_store.cpp:1544] DropTable successfully.
I20250803 14:37:12.041257 14450 rocksdb_cloud_data_store.cpp:1245] DeleteRange successfully.
I20250803 14:37:12.041332 14451 rocksdb_cloud_data_store.cpp:1245] DeleteRange successfully.
I20250803 14:37:12.041414 14452 rocksdb_cloud_data_store.cpp:1245] DeleteRange successfully.
I20250803 14:37:12.041491 14455 rocksdb_cloud_data_store.cpp:1245] DeleteRange successfully.
I20250803 14:37:12.075927 14473 rocksdb_cloud_data_store.h:113] Compaction begin, job_id: 406 ,thread: 14473 ,output_level: 0 ,input_files_size: 4 ,compaction_reason: 1
I20250803 14:37:12.076030 14577 tx_operation.cpp:2829] txn: 4294968527 process update_sequence_table_op_
I20250803 14:37:12.076977 14577 tx_operation.cpp:2929] UpsertTableOp: Clean all ccmap on all node groups, txn: 4294968527
I20250803 14:37:12.076997 14577 tx_operation.cpp:2935] txn: 4294968527 process clean_ccm_op_
I20250803 14:37:12.077095 14577 tx_operation.cpp:3113] txn: 4294968527 process post_all_lock_op_
I20250803 14:37:12.077407 14577 tx_operation.cpp:3210] txn: 4294968527 process clean_log_op_
I20250803 14:37:12.088372 14577 tx_operation.cpp:2449] txn: 4294968528 process acquire_all_intent_op_
I20250803 14:37:12.088569 14577 tx_operation.cpp:2505] txn: 4294968528 process prepare_log_op_
I20250803 14:37:12.091213 14577 tx_operation.cpp:2585] txn: 4294968528 process post_all_intent_op_
I20250803 14:37:12.107770 14473 rocksdb_cloud_data_store.h:124] Compaction end, job_id: 406 ,thread: 14473 ,output_level: 0 ,input_files_size: 4 ,compaction_reason: 1
I20250803 14:37:12.160598 14577 tx_operation.cpp:2829] txn: 4294968528 process update_sequence_table_op_
I20250803 14:37:12.162228 14577 tx_operation.cpp:2984] txn: 4294968528 process commit_log_op_
I20250803 14:37:12.165958 14577 tx_operation.cpp:3210] txn: 4294968528 process clean_log_op_
I20250803 14:37:12.711176 14517 log_state_rocksdb_cloud_impl.cpp:1418] Total memtables size: 0 MB
I20250803 14:37:12.711238 14517 log_state_rocksdb_cloud_impl.cpp:1419] Total SSTables size used in replay: 0 MB
I20250803 14:37:12.711246 14517 log_state_rocksdb_cloud_impl.cpp:1423] Total replay log size: 0 MB
I20250803 14:37:12.756294 14528 cc_request.h:2763] ccs 0 memory usage report, committed 59850688, allocated 58657248, frag ratio 2 , heap full: 0
I20250803 14:37:12.756341 14528 cc_request.h:2763] ccs 1 memory usage report, committed 60862016, allocated 59249112, frag ratio 2.7 , heap full: 0
I20250803 14:37:12.756350 14528 local_cc_shards.h:475] Table range memory report: allocated 91656, committed 124800, full: 0
I20250803 14:37:12.756390 14528 checkpointer.cpp:228] Begin checkpoint with timestamp: 1754231830775702. The memory usage of node is: 115142 KB.
I20250803 14:37:12.757513 14557 local_cc_shards.cpp:3668] No items need to be sync in this round data sync of range#213 for table: test.apply_ops1*$$c_1. Finish this task directly.
I20250803 14:37:12.758260 14557 local_cc_shards.cpp:3668] No items need to be sync in this round data sync of range#2813 for table: test.array4. Finish this task directly.
I20250803 14:37:12.758662 14556 local_cc_shards.cpp:3881] AllocateFlushDataMemQuota old_usage: 0 new_usage: 164 quota: 644245094 flight_tasks: 1 of range: 35 for table: test.apply_ops2
I20250803 14:37:12.758756 14558 local_cc_shards.cpp:3881] AllocateFlushDataMemQuota old_usage: 164 new_usage: 285 quota: 644245094 flight_tasks: 1 of range: 4035 for table: test.apply_ops1
I20250803 14:37:12.760025 14557 local_cc_shards.cpp:3881] AllocateFlushDataMemQuota old_usage: 285 new_usage: 349 quota: 644245094 flight_tasks: 1 of range: 3719 for table: test.apply_ops_dups
I20250803 14:37:12.761515 14556 local_cc_shards.cpp:3668] No items need to be sync in this round data sync of range#1440 for table: test.apply_ops_invalid_index_spec*$$a_1_create_v1. Finish this task directly.
I20250803 14:37:12.762615 14556 local_cc_shards.cpp:3881] AllocateFlushDataMemQuota old_usage: 349 new_usage: 358 quota: 644245094 flight_tasks: 1 of range: 756 for table: test.apply_ops_dups*~~x_1
I20250803 14:37:12.762635 14558 local_cc_shards.cpp:3881] AllocateFlushDataMemQuota old_usage: 358 new_usage: 391 quota: 644245094 flight_tasks: 1 of range: 1423 for table: test.apply_ops_invalid_index_spec
I20250803 14:37:12.763127 14557 local_cc_shards.cpp:3881] AllocateFlushDataMemQuota old_usage: 391 new_usage: 1554 quota: 644245094 flight_tasks: 1 of range: 2205 for table: __sequence_table
I20250803 14:37:12.765528 14558 local_cc_shards.cpp:3668] No items need to be sync in this round data sync of range#788 for table: test.apply_ops1*$$b_1. Finish this task directly.
I20250803 14:37:12.765558 14557 local_cc_shards.cpp:3668] No items need to be sync in this round data sync of range#1076 for table: test.array1*$$a_1. Finish this task directly.
I20250803 14:37:12.765854 14556 local_cc_shards.cpp:3881] AllocateFlushDataMemQuota old_usage: 1554 new_usage: 1582 quota: 644245094 flight_tasks: 1 of range: 2313 for table: test.apply_ops1*$$a_1
I20250803 14:37:12.766884 14558 local_cc_shards.cpp:3881] AllocateFlushDataMemQuota old_usage: 1582 new_usage: 1722 quota: 644245094 flight_tasks: 1 of range: 451 for table: test.array1
I20250803 14:37:12.767910 14558 data_sync_task.cpp:215] Flushing current flush buffer after all scan tasks are finished
I20250803 14:37:12.802417 14471 rocksdb_cloud_data_store.h:113] Compaction begin, job_id: 410 ,thread: 14471 ,output_level: 0 ,input_files_size: 4 ,compaction_reason: 1
I20250803 14:37:12.802464 14462 rocksdb_cloud_data_store.cpp:1170] FlushData successfully.
I20250803 14:37:12.802465 14554 data_store_service_client.cpp:488] DataStoreHandler::PersistKV success.
I20250803 14:37:12.804512 14554 local_cc_shards.cpp:5493] DelocateFlushDataMemQuota old_usage: 1722 new_usage: 0 quota: 644245094
I20250803 14:37:12.806123 14554 data_sync_task.cpp:117] Checkpoint of node group #0 succeeded with timestamp: 1754231830775702
I20250803 14:37:12.813087 14577 tx_operation.cpp:2449] txn: 4294968539 process acquire_all_intent_op_
I20250803 14:37:12.813294 14577 tx_operation.cpp:2505] txn: 4294968539 process prepare_log_op_
I20250803 14:37:12.816624 14577 tx_operation.cpp:2585] txn: 4294968539 process post_all_intent_op_
I20250803 14:37:12.833392 14471 rocksdb_cloud_data_store.h:124] Compaction end, job_id: 410 ,thread: 14471 ,output_level: 0 ,input_files_size: 4 ,compaction_reason: 1
I20250803 14:37:12.868242 14458 rocksdb_cloud_data_store.cpp:1245] DeleteRange successfully.
I20250803 14:37:12.868868 14464 rocksdb_cloud_data_store.cpp:1245] DeleteRange successfully.
I20250803 14:37:12.869205 14451 rocksdb_cloud_data_store.cpp:1245] DeleteRange successfully.
I20250803 14:37:12.872069 14457 rocksdb_cloud_data_store.cpp:1245] DeleteRange successfully.
I20250803 14:37:12.872686 14461 rocksdb_cloud_data_store.cpp:1245] DeleteRange successfully.
I20250803 14:37:12.873006 14465 rocksdb_cloud_data_store.cpp:1245] DeleteRange successfully.
I20250803 14:37:12.874656 14451 rocksdb_cloud_data_store.cpp:1245] DeleteRange successfully.
I20250803 14:37:12.875254 14454 rocksdb_cloud_data_store.cpp:1245] DeleteRange successfully.
I20250803 14:37:12.876466 14459 rocksdb_cloud_data_store.cpp:1245] DeleteRange successfully.
I20250803 14:37:12.877496 14455 rocksdb_cloud_data_store.cpp:1245] DeleteRange successfully.
I20250803 14:37:12.878376 14453 rocksdb_cloud_data_store.cpp:1245] DeleteRange successfully.
I20250803 14:37:12.878907 14463 rocksdb_cloud_data_store.cpp:1245] DeleteRange successfully.
I20250803 14:37:12.879604 14577 tx_operation.cpp:2829] txn: 4294968539 process update_sequence_table_op_
I20250803 14:37:12.880968 14577 tx_operation.cpp:2984] txn: 4294968539 process commit_log_op_
I20250803 14:37:12.884742 14577 tx_operation.cpp:3210] txn: 4294968539 process clean_log_op_
I20250803 14:37:12.941423 14577 tx_index_operation.cpp:198] Alter Table Index transaction lock cluster config , txn: 4294968569
I20250803 14:37:12.941617 14577 tx_index_operation.cpp:234] Alter Table Index transaction prepare acquire all write intent, txn: 4294968569
I20250803 14:37:12.941753 14577 tx_index_operation.cpp:271] Alter Table Index transaction prepare acquire all write lock, txn: 4294968569
I20250803 14:37:12.941824 14577 tx_index_operation.cpp:314] Alter Table Index transaction write prepare log, txn: 4294968569. The schema version: 1754231832877331
I20250803 14:37:12.945794 14577 tx_index_operation.cpp:378] Alter Table Index transaction install dirty table schema, txn: 4294968569
I20250803 14:37:12.947081 14577 tx_index_operation.cpp:452] Alter Table Index transaction release cluster config lock, txn: 4294968569
I20250803 14:37:12.947150 14577 tx_index_operation.cpp:477] Alter Table Index transaction upsert data store info for base table: test.array_match1, txn: 4294968569
I20250803 14:37:12.977804 14520 rocksdb_cloud_data_store.h:113] Compaction begin, job_id: 414 ,thread: 14520 ,output_level: 0 ,input_files_size: 4 ,compaction_reason: 1
I20250803 14:37:13.011196 14577 tx_index_operation.cpp:547] Alter Table Index transaction init range id for table: test.array_match1, txn: 4294968569
I20250803 14:37:13.012676 14577 tx_index_operation.cpp:626] Alter Table Index transaction start generate sk with the parallelism: 3 of each node group for table: test.array_match1, txn: 4294968569
I20250803 14:37:13.013566 14995 tx_index_operation.cpp:2178] Process this batch task for table: test.array_match1 of range ids: 1478,. Acquire range lock txn: 395
I20250803 14:37:13.013705 14996 sk_generator.cpp:167] ProcessTask: Generate index on range#1478 for base table: test.array_match1 of ng#0
I20250803 14:37:13.015393 14996 sk_generator.cpp:552] ScanAndEncodeIndex: Finish scan and encode index on range#1478 for table:test.array_match1 of ng#0 with pk items: 3
I20250803 14:37:13.015588 14997 sk_generator.cpp:680] UploadEncodedIndex: Upload encoded indexes of ng#0 with txn: 4294968572
I20250803 14:37:13.015832 14997 sk_generator.cpp:717] UploadEncodedIndex: Finished of ng#0 with result: NO_ERROR
I20250803 14:37:13.015856 14997 sk_generator.cpp:1179] Upload this batch sk records finished with result: NO_ERROR
I20250803 14:37:13.016705 14998 sk_generator.cpp:1200] Finish upload worker.
I20250803 14:37:13.016752 14997 sk_generator.cpp:1200] Finish upload worker.
I20250803 14:37:13.016991 14996 sk_generator.cpp:292] ProcessTask: Finished generate index from range#1478 for base table: test.array_match1 of ng#0 with result: NO_ERROR
I20250803 14:37:13.017282 14995 tx_index_operation.cpp:2240] Generate sk task successfully for this batch ranges. Base table: test.array_match1
I20250803 14:37:13.017299 14995 tx_index_operation.cpp:2245] Generate sk batch task finished. Base table: test.array_match1
I20250803 14:37:13.017582 14577 tx_index_operation.cpp:841] Alter Table Index transaction flush old sk record for base table: test.array_match1. Already scanned 1 pk ranges. Txn: 4294968569, and commit ts: 1754231832877331
I20250803 14:37:13.020062 14557 local_cc_shards.cpp:3881] AllocateFlushDataMemQuota old_usage: 0 new_usage: 24 quota: 644245094 flight_tasks: 1 of range: 3209 for table: test.array_match1*$$a_1
I20250803 14:37:13.021119 14557 data_sync_task.cpp:215] Flushing current flush buffer after all scan tasks are finished
I20250803 14:37:13.027541 14520 rocksdb_cloud_data_store.h:124] Compaction end, job_id: 414 ,thread: 14520 ,output_level: 0 ,input_files_size: 4 ,compaction_reason: 1
I20250803 14:37:13.051540 14554 data_store_service_client.cpp:488] DataStoreHandler::PersistKV success.
I20250803 14:37:13.051532 14455 rocksdb_cloud_data_store.cpp:1170] FlushData successfully.
I20250803 14:37:13.051796 14554 local_cc_shards.cpp:5493] DelocateFlushDataMemQuota old_usage: 24 new_usage: 0 quota: 644245094
I20250803 14:37:13.052170 14577 tx_index_operation.cpp:972] Alter Table Index transaction write prepare index log with last finished end key: . Base table: test.array_match1. Txn: 4294968569
I20250803 14:37:13.056759 14577 tx_index_operation.cpp:1089] Alter Table Index transaction lock cluster config, txn: 4294968569
I20250803 14:37:13.056890 14577 tx_index_operation.cpp:222] Alter Table Index transaction post acquire all write lock, txn: 4294968569
I20250803 14:37:13.057000 14577 tx_index_operation.cpp:1170] Alter Table Index transaction write commit log, txn: 4294968569
I20250803 14:37:13.093935 14521 rocksdb_cloud_data_store.h:113] Compaction begin, job_id: 418 ,thread: 14521 ,output_level: 0 ,input_files_size: 4 ,compaction_reason: 1
I20250803 14:37:13.094552 14577 tx_index_operation.cpp:1441] Alter Table Index transaction commit dirty table schema, txn: 4294968569
I20250803 14:37:13.095296 14577 tx_index_operation.cpp:1533] Alter Table Index transaction write clean log, txn: 4294968569
I20250803 14:37:13.130681 14521 rocksdb_cloud_data_store.h:124] Compaction end, job_id: 418 ,thread: 14521 ,output_level: 0 ,input_files_size: 4 ,compaction_reason: 1
I20250803 14:37:13.146371 14577 tx_operation.cpp:2449] txn: 4294968577 process acquire_all_intent_op_
I20250803 14:37:13.146603 14577 tx_operation.cpp:2505] txn: 4294968577 process prepare_log_op_
I20250803 14:37:13.150740 14577 tx_operation.cpp:2585] txn: 4294968577 process post_all_intent_op_
I20250803 14:37:13.150903 14577 tx_operation.cpp:2624] txn: 4294968577 process acquire_all_lock_op_
I20250803 14:37:13.151006 14577 tx_operation.cpp:2984] txn: 4294968577 process commit_log_op_
I20250803 14:37:13.153983 14577 tx_operation.cpp:3055] txn: 4294968577 process upsert_kv_table_op_
I20250803 14:37:13.154052 14503 data_store_service_client.cpp:2698] DropTableWithRetry for table: t7176d46c-ee2d-4fe0-870d-8081ad01390d
I20250803 14:37:13.185164 14453 rocksdb_cloud_data_store.cpp:1544] DropTable successfully.
I20250803 14:37:13.185181 14503 data_store_service_client.cpp:2698] DropTableWithRetry for table: i42bb4fca-4dff-4c12-8491-a300e5b14cbb
I20250803 14:37:13.218708 14458 rocksdb_cloud_data_store.cpp:1544] DropTable successfully.
I20250803 14:37:13.219079 14461 rocksdb_cloud_data_store.cpp:1245] DeleteRange successfully.
I20250803 14:37:13.219218 14460 rocksdb_cloud_data_store.cpp:1245] DeleteRange successfully.
I20250803 14:37:13.219293 14460 rocksdb_cloud_data_store.cpp:1245] DeleteRange successfully.
I20250803 14:37:13.219352 14460 rocksdb_cloud_data_store.cpp:1245] DeleteRange successfully.
I20250803 14:37:13.219439 14459 rocksdb_cloud_data_store.cpp:1245] DeleteRange successfully.
I20250803 14:37:13.219489 14459 rocksdb_cloud_data_store.cpp:1245] DeleteRange successfully.
I20250803 14:37:13.255481 14522 rocksdb_cloud_data_store.h:113] Compaction begin, job_id: 422 ,thread: 14522 ,output_level: 0 ,input_files_size: 4 ,compaction_reason: 1
I20250803 14:37:13.255615 14577 tx_operation.cpp:2829] txn: 4294968577 process update_sequence_table_op_
I20250803 14:37:13.256876 14577 tx_operation.cpp:2929] UpsertTableOp: Clean all ccmap on all node groups, txn: 4294968577
I20250803 14:37:13.256906 14577 tx_operation.cpp:2935] txn: 4294968577 process clean_ccm_op_
I20250803 14:37:13.257087 14577 tx_operation.cpp:3113] txn: 4294968577 process post_all_lock_op_
I20250803 14:37:13.257572 14577 tx_operation.cpp:3210] txn: 4294968577 process clean_log_op_
I20250803 14:37:13.268826 14577 tx_operation.cpp:2449] txn: 4294968579 process acquire_all_intent_op_
I20250803 14:37:13.269025 14577 tx_operation.cpp:2505] txn: 4294968579 process prepare_log_op_
I20250803 14:37:13.272629 14577 tx_operation.cpp:2585] txn: 4294968579 process post_all_intent_op_
I20250803 14:37:13.294977 14522 rocksdb_cloud_data_store.h:124] Compaction end, job_id: 422 ,thread: 14522 ,output_level: 0 ,input_files_size: 4 ,compaction_reason: 1
I20250803 14:37:13.344182 14577 tx_operation.cpp:2829] txn: 4294968579 process update_sequence_table_op_
I20250803 14:37:13.345908 14577 tx_operation.cpp:2984] txn: 4294968579 process commit_log_op_
I20250803 14:37:13.349882 14577 tx_operation.cpp:3210] txn: 4294968579 process clean_log_op_
I20250803 14:37:13.409938 14577 tx_index_operation.cpp:198] Alter Table Index transaction lock cluster config , txn: 4294968586
I20250803 14:37:13.410108 14577 tx_index_operation.cpp:234] Alter Table Index transaction prepare acquire all write intent, txn: 4294968586
I20250803 14:37:13.410248 14577 tx_index_operation.cpp:271] Alter Table Index transaction prepare acquire all write lock, txn: 4294968586
